Archive member included to satisfy reference by file (symbol)

c:/arm32/toolchain/12.3-rel1-nxp/bin/../lib/gcc/arm-none-eabi/12.3.1/thumb/v7e-m/nofp\libgcc.a(_aeabi_uldivmod.o)
                              CMakeFiles/gpio_led_output.elf.dir/device/system_MIMXRT1052.c.obj (__aeabi_uldivmod)
c:/arm32/toolchain/12.3-rel1-nxp/bin/../lib/gcc/arm-none-eabi/12.3.1/thumb/v7e-m/nofp\libgcc.a(_udivmoddi4.o)
                              c:/arm32/toolchain/12.3-rel1-nxp/bin/../lib/gcc/arm-none-eabi/12.3.1/thumb/v7e-m/nofp\libgcc.a(_aeabi_uldivmod.o) (__udivmoddi4)
c:/arm32/toolchain/12.3-rel1-nxp/bin/../lib/gcc/arm-none-eabi/12.3.1/thumb/v7e-m/nofp\libgcc.a(_dvmd_tls.o)
                              c:/arm32/toolchain/12.3-rel1-nxp/bin/../lib/gcc/arm-none-eabi/12.3.1/thumb/v7e-m/nofp\libgcc.a(_aeabi_uldivmod.o) (__aeabi_ldiv0)
c:/arm32/toolchain/12.3-rel1-nxp/bin/../lib/gcc/arm-none-eabi/12.3.1/thumb/v7e-m/nofp\libc.a(libc_a-exit.o)
                              c:/arm32/toolchain/12.3-rel1-nxp/bin/../lib/gcc/arm-none-eabi/12.3.1/thumb/v7e-m/nofp/crt0.o (exit)
c:/arm32/toolchain/12.3-rel1-nxp/bin/../lib/gcc/arm-none-eabi/12.3.1/thumb/v7e-m/nofp\libc.a(libc_a-malloc.o)
                              CMakeFiles/gpio_led_output.elf.dir/drivers/fsl_common.c.obj (malloc)
c:/arm32/toolchain/12.3-rel1-nxp/bin/../lib/gcc/arm-none-eabi/12.3.1/thumb/v7e-m/nofp\libc.a(libc_a-mallocr.o)
                              c:/arm32/toolchain/12.3-rel1-nxp/bin/../lib/gcc/arm-none-eabi/12.3.1/thumb/v7e-m/nofp\libc.a(libc_a-malloc.o) (_malloc_r)
c:/arm32/toolchain/12.3-rel1-nxp/bin/../lib/gcc/arm-none-eabi/12.3.1/thumb/v7e-m/nofp\libc.a(libc_a-mlock.o)
                              c:/arm32/toolchain/12.3-rel1-nxp/bin/../lib/gcc/arm-none-eabi/12.3.1/thumb/v7e-m/nofp\libc.a(libc_a-mallocr.o) (__malloc_lock)
c:/arm32/toolchain/12.3-rel1-nxp/bin/../lib/gcc/arm-none-eabi/12.3.1/thumb/v7e-m/nofp\libc.a(libc_a-strtoul.o)
                              CMakeFiles/gpio_led_output.elf.dir/utilities/fsl_str.c.obj (strtoul)
c:/arm32/toolchain/12.3-rel1-nxp/bin/../lib/gcc/arm-none-eabi/12.3.1/thumb/v7e-m/nofp\libc.a(libc_a-ctype_.o)
                              c:/arm32/toolchain/12.3-rel1-nxp/bin/../lib/gcc/arm-none-eabi/12.3.1/thumb/v7e-m/nofp\libc.a(libc_a-strtoul.o) (_ctype_)
c:/arm32/toolchain/12.3-rel1-nxp/bin/../lib/gcc/arm-none-eabi/12.3.1/thumb/v7e-m/nofp\libc.a(libc_a-findfp.o)
                              c:/arm32/toolchain/12.3-rel1-nxp/bin/../lib/gcc/arm-none-eabi/12.3.1/thumb/v7e-m/nofp\libc.a(libc_a-exit.o) (__stdio_exit_handler)
c:/arm32/toolchain/12.3-rel1-nxp/bin/../lib/gcc/arm-none-eabi/12.3.1/thumb/v7e-m/nofp\libc.a(libc_a-fwalk.o)
                              c:/arm32/toolchain/12.3-rel1-nxp/bin/../lib/gcc/arm-none-eabi/12.3.1/thumb/v7e-m/nofp\libc.a(libc_a-findfp.o) (_fwalk_sglue)
c:/arm32/toolchain/12.3-rel1-nxp/bin/../lib/gcc/arm-none-eabi/12.3.1/thumb/v7e-m/nofp\libc.a(libc_a-stdio.o)
                              c:/arm32/toolchain/12.3-rel1-nxp/bin/../lib/gcc/arm-none-eabi/12.3.1/thumb/v7e-m/nofp\libc.a(libc_a-findfp.o) (__sread)
c:/arm32/toolchain/12.3-rel1-nxp/bin/../lib/gcc/arm-none-eabi/12.3.1/thumb/v7e-m/nofp\libc.a(libc_a-memset.o)
                              c:/arm32/toolchain/12.3-rel1-nxp/bin/../lib/gcc/arm-none-eabi/12.3.1/thumb/v7e-m/nofp/crt0.o (memset)
c:/arm32/toolchain/12.3-rel1-nxp/bin/../lib/gcc/arm-none-eabi/12.3.1/thumb/v7e-m/nofp\libc.a(libc_a-closer.o)
                              c:/arm32/toolchain/12.3-rel1-nxp/bin/../lib/gcc/arm-none-eabi/12.3.1/thumb/v7e-m/nofp\libc.a(libc_a-stdio.o) (_close_r)
c:/arm32/toolchain/12.3-rel1-nxp/bin/../lib/gcc/arm-none-eabi/12.3.1/thumb/v7e-m/nofp\libc.a(libc_a-reent.o)
                              CMakeFiles/gpio_led_output.elf.dir/utilities/fsl_str.c.obj (errno)
c:/arm32/toolchain/12.3-rel1-nxp/bin/../lib/gcc/arm-none-eabi/12.3.1/thumb/v7e-m/nofp\libc.a(libc_a-impure.o)
                              c:/arm32/toolchain/12.3-rel1-nxp/bin/../lib/gcc/arm-none-eabi/12.3.1/thumb/v7e-m/nofp\libc.a(libc_a-malloc.o) (_impure_ptr)
c:/arm32/toolchain/12.3-rel1-nxp/bin/../lib/gcc/arm-none-eabi/12.3.1/thumb/v7e-m/nofp\libc.a(libc_a-lseekr.o)
                              c:/arm32/toolchain/12.3-rel1-nxp/bin/../lib/gcc/arm-none-eabi/12.3.1/thumb/v7e-m/nofp\libc.a(libc_a-stdio.o) (_lseek_r)
c:/arm32/toolchain/12.3-rel1-nxp/bin/../lib/gcc/arm-none-eabi/12.3.1/thumb/v7e-m/nofp\libc.a(libc_a-readr.o)
                              c:/arm32/toolchain/12.3-rel1-nxp/bin/../lib/gcc/arm-none-eabi/12.3.1/thumb/v7e-m/nofp\libc.a(libc_a-stdio.o) (_read_r)
c:/arm32/toolchain/12.3-rel1-nxp/bin/../lib/gcc/arm-none-eabi/12.3.1/thumb/v7e-m/nofp\libc.a(libc_a-sbrkr.o)
                              c:/arm32/toolchain/12.3-rel1-nxp/bin/../lib/gcc/arm-none-eabi/12.3.1/thumb/v7e-m/nofp\libc.a(libc_a-mallocr.o) (_sbrk_r)
c:/arm32/toolchain/12.3-rel1-nxp/bin/../lib/gcc/arm-none-eabi/12.3.1/thumb/v7e-m/nofp\libc.a(libc_a-writer.o)
[...]
Memory Configuration

Name             Origin             Length             Attributes
TFT_FLASH        0x60002000         0x00ffe000         xr
TFT_SDRAM        0x80000000         0x01000000         xrw
NCACHE_REGION    0x81000000         0x01000000         xrw
SRAM_DTC         0x20000000         0x00020000         xrw
SRAM_ITC         0x00000000         0x00020000         xrw
SRAM_OC          0x20200000         0x00040000         xrw
*default*        0x00000000         0xffffffff

Linker script and memory map

LOAD c:/arm32/toolchain/12.3-rel1-nxp/bin/../lib/gcc/arm-none-eabi/12.3.1/thumb/v7e-m/nofp/crti.o
LOAD c:/arm32/toolchain/12.3-rel1-nxp/bin/../lib/gcc/arm-none-eabi/12.3.1/thumb/v7e-m/nofp/crtbegin.o
LOAD c:/arm32/toolchain/12.3-rel1-nxp/bin/../lib/gcc/arm-none-eabi/12.3.1/thumb/v7e-m/nofp/crt0.o
LOAD CMakeFiles/gpio_led_output.elf.dir/board/pin_mux.c.obj
LOAD CMakeFiles/gpio_led_output.elf.dir/board/dcd.c.obj
LOAD CMakeFiles/gpio_led_output.elf.dir/board/clock_config.c.obj
LOAD CMakeFiles/gpio_led_output.elf.dir/board/board.c.obj
LOAD CMakeFiles/gpio_led_output.elf.dir/component/uart/fsl_adapter_lpuart.c.obj
LOAD CMakeFiles/gpio_led_output.elf.dir/component/lists/fsl_component_generic_list.c.obj
LOAD CMakeFiles/gpio_led_output.elf.dir/device/system_MIMXRT1052.c.obj
LOAD CMakeFiles/gpio_led_output.elf.dir/device/startup_mimxrt1052.c.obj
LOAD CMakeFiles/gpio_led_output.elf.dir/drivers/fsl_lpuart.c.obj
LOAD CMakeFiles/gpio_led_output.elf.dir/drivers/fsl_gpio.c.obj
LOAD CMakeFiles/gpio_led_output.elf.dir/drivers/fsl_common_arm.c.obj
LOAD CMakeFiles/gpio_led_output.elf.dir/drivers/fsl_common.c.obj
LOAD CMakeFiles/gpio_led_output.elf.dir/drivers/fsl_clock.c.obj
LOAD CMakeFiles/gpio_led_output.elf.dir/source/gpio_led_output.c.obj
LOAD CMakeFiles/gpio_led_output.elf.dir/utilities/fsl_str.c.obj
LOAD CMakeFiles/gpio_led_output.elf.dir/utilities/fsl_memcpy.S.obj
LOAD CMakeFiles/gpio_led_output.elf.dir/utilities/fsl_debug_console.c.obj
LOAD CMakeFiles/gpio_led_output.elf.dir/utilities/fsl_assert.c.obj
LOAD CMakeFiles/gpio_led_output.elf.dir/xip/fsl_flexspi_nor_boot.c.obj
LOAD CMakeFiles/gpio_led_output.elf.dir/xip/evkbimxrt1050_flexspi_nor_config.c.obj
START GROUP
LOAD c:/arm32/toolchain/12.3-rel1-nxp/bin/../lib/gcc/arm-none-eabi/12.3.1/thumb/v7e-m/nofp\libgcc.a
LOAD c:/arm32/toolchain/12.3-rel1-nxp/bin/../lib/gcc/arm-none-eabi/12.3.1/thumb/v7e-m/nofp\libc.a
END GROUP
LOAD c:/arm32/toolchain/12.3-rel1-nxp/bin/../lib/gcc/arm-none-eabi/12.3.1/thumb/v7e-m/nofp/crtend.o
LOAD c:/arm32/toolchain/12.3-rel1-nxp/bin/../lib/gcc/arm-none-eabi/12.3.1/thumb/v7e-m/nofp/crtn.o
START GROUP
LOAD c:/arm32/toolchain/12.3-rel1-nxp/bin/../lib/gcc/arm-none-eabi/12.3.1/../../../../arm-none-eabi/lib/thumb/v7e-m/nofp\libcr_c.a
LOAD c:/arm32/toolchain/12.3-rel1-nxp/bin/../lib/gcc/arm-none-eabi/12.3.1/thumb/v7e-m/nofp\libcr_eabihelpers.a
LOAD c:/arm32/toolchain/12.3-rel1-nxp/bin/../lib/gcc/arm-none-eabi/12.3.1/thumb/v7e-m/nofp\libgcc.a
END GROUP
                0x60002000                        __base_TFT_FLASH = 0x60002000
                0x60002000                        __base_Flash = 0x60002000
                0x61000000                        __top_TFT_FLASH = 0x61000000
                0x61000000                        __top_Flash = 0x61000000
                0x80000000                        __base_TFT_SDRAM = 0x80000000
                0x80000000                        __base_RAM = 0x80000000
                0x81000000                        __top_TFT_SDRAM = 0x81000000
                0x81000000                        __top_RAM = 0x81000000
                0x81000000                        __base_NCACHE_REGION = 0x81000000
                0x81000000                        __base_RAM2 = 0x81000000
                0x82000000                        __top_NCACHE_REGION = 0x82000000
                0x82000000                        __top_RAM2 = 0x82000000
                0x20000000                        __base_SRAM_DTC = 0x20000000
                0x20000000                        __base_RAM3 = 0x20000000
                0x20020000                        __top_SRAM_DTC = 0x20020000
                0x20020000                        __top_RAM3 = 0x20020000
                0x00000000                        __base_SRAM_ITC = 0x0
                0x00000000                        __base_RAM4 = 0x0
                0x00020000                        __top_SRAM_ITC = 0x20000
                0x00020000                        __top_RAM4 = 0x20000
                0x20200000                        __base_SRAM_OC = 0x20200000
                0x20200000                        __base_RAM5 = 0x20200000
                0x20240000                        __top_SRAM_OC = 0x20240000
                0x20240000                        __top_RAM5 = 0x20240000

.text           0x60002000     0x4ac4
 FILL mask 0xff
                0x60002000                        __vectors_start__ = ABSOLUTE (.)
 *(.isr_vector)
 .isr_vector    0x60002000      0x2a0 CMakeFiles/gpio_led_output.elf.dir/device/startup_mimxrt1052.c.obj
                0x60002000                g_pfnVectors
                0x60002000                __Vectors
                0x600022a0                        . = ALIGN (0x4)
                0x600022a0                        __section_table_start = .
                0x600022a0                        __data_section_table = .
                0x600022a0        0x4 LONG 0x60006ad4 LOADADDR (.data)
                0x600022a4        0x4 LONG 0x80000000 ADDR (.data)
                0x600022a8        0x4 LONG 0x4 SIZEOF (.data)
                0x600022ac        0x4 LONG 0x60006ad4 LOADADDR (.data_RAM2)
                0x600022b0        0x4 LONG 0x81000000 ADDR (.data_RAM2)
                0x600022b4        0x4 LONG 0x0 SIZEOF (.data_RAM2)
                0x600022b8        0x4 LONG 0x60006ad4 LOADADDR (.data_RAM3)
                0x600022bc        0x4 LONG 0x20000000 ADDR (.data_RAM3)
                0x600022c0        0x4 LONG 0x0 SIZEOF (.data_RAM3)
                0x600022c4        0x4 LONG 0x60006ad4 LOADADDR (.data_RAM4)
                0x600022c8        0x4 LONG 0x0 ADDR (.data_RAM4)
                0x600022cc        0x4 LONG 0x0 SIZEOF (.data_RAM4)
                0x600022d0        0x4 LONG 0x60006ad4 LOADADDR (.data_RAM5)
                0x600022d4        0x4 LONG 0x20200000 ADDR (.data_RAM5)
                0x600022d8        0x4 LONG 0x0 SIZEOF (.data_RAM5)
                0x600022dc                        __data_section_table_end = .
                0x600022dc                        __bss_section_table = .
                0x600022dc        0x4 LONG 0x80000004 ADDR (.bss)
                0x600022e0        0x4 LONG 0x64 SIZEOF (.bss)
                0x600022e4        0x4 LONG 0x81000000 ADDR (.bss_RAM2)
                0x600022e8        0x4 LONG 0x0 SIZEOF (.bss_RAM2)
                0x600022ec        0x4 LONG 0x20000000 ADDR (.bss_RAM3)
                0x600022f0        0x4 LONG 0x0 SIZEOF (.bss_RAM3)
                0x600022f4        0x4 LONG 0x0 ADDR (.bss_RAM4)
                0x600022f8        0x4 LONG 0x0 SIZEOF (.bss_RAM4)
                0x600022fc        0x4 LONG 0x20200000 ADDR (.bss_RAM5)
                0x60002300        0x4 LONG 0x0 SIZEOF (.bss_RAM5)
                0x60002304                        __bss_section_table_end = .
                0x60002304                        __section_table_end = .
 *(.after_vectors*)
 .after_vectors.init_data
                0x60002304       0x1c CMakeFiles/gpio_led_output.elf.dir/device/startup_mimxrt1052.c.obj
                0x60002304                data_init
 .after_vectors.init_bss
                0x60002320       0x12 CMakeFiles/gpio_led_output.elf.dir/device/startup_mimxrt1052.c.obj
                0x60002320                bss_init
 *fill*         0x60002332        0x2 ff
 .after_vectors.reset
                0x60002334       0x54 CMakeFiles/gpio_led_output.elf.dir/device/startup_mimxrt1052.c.obj
                0x60002334                ResetISR
 .after_vectors
                0x60002388       0x14 CMakeFiles/gpio_led_output.elf.dir/device/startup_mimxrt1052.c.obj
                0x60002388                NMI_Handler
                0x6000238a                HardFault_Handler
                0x6000238c                MemManage_Handler
                0x6000238e                BusFault_Handler
                0x60002390                UsageFault_Handler
                0x60002392                SVC_Handler
                0x60002394                DebugMon_Handler
                0x60002396                PendSV_Handler
                0x60002398                SysTick_Handler
                0x6000239a                PMU_EVENT_DriverIRQHandler
                0x6000239a                PWM4_FAULT_DriverIRQHandler
                0x6000239a                DMA13_DMA29_DriverIRQHandler
                0x6000239a                FLEXRAM_DriverIRQHandler
                0x6000239a                CCM_2_DriverIRQHandler
                0x6000239a                LPSPI4_DriverIRQHandler
                0x6000239a                SEMC_DriverIRQHandler
                0x6000239a                SPDIF_DriverIRQHandler
                0x6000239a                PIT_DriverIRQHandler
                0x6000239a                PWM4_3_DriverIRQHandler
                0x6000239a                LCDIF_DriverIRQHandler
                0x6000239a                SAI3_RX_DriverIRQHandler
                0x6000239a                USB_PHY1_DriverIRQHandler
                0x6000239a                GPIO3_Combined_0_15_DriverIRQHandler
                0x6000239a                DMA7_DMA23_DriverIRQHandler
                0x6000239a                BEE_DriverIRQHandler
                0x6000239a                LPI2C3_DriverIRQHandler
                0x6000239a                GPR_IRQ_DriverIRQHandler
                0x6000239a                PWM2_FAULT_DriverIRQHandler
                0x6000239a                PWM3_1_DriverIRQHandler
                0x6000239a                DMA14_DMA30_DriverIRQHandler
                0x6000239a                TMR1_DriverIRQHandler
                0x6000239a                TRNG_DriverIRQHandler
                0x6000239a                PWM3_2_DriverIRQHandler
                0x6000239a                ENET_1588_Timer_DriverIRQHandler
                0x6000239a                FLEXIO2_DriverIRQHandler
                0x6000239a                GPIO2_Combined_16_31_DriverIRQHandler
                0x6000239a                Reserved143_DriverIRQHandler
                0x6000239a                LPSPI2_DriverIRQHandler
                0x6000239a                PWM4_1_DriverIRQHandler
                0x6000239a                PWM3_3_DriverIRQHandler
                0x6000239a                DMA0_DMA16_DriverIRQHandler
                0x6000239a                IntDefaultHandler
                0x6000239a                DMA2_DMA18_DriverIRQHandler
                0x6000239a                SRC_DriverIRQHandler
                0x6000239a                GPIO1_INT4_DriverIRQHandler
                0x6000239a                Reserved144_DriverIRQHandler
                0x6000239a                USDHC1_DriverIRQHandler
                0x6000239a                ENC3_DriverIRQHandler
                0x6000239a                PWM3_FAULT_DriverIRQHandler
                0x6000239a                EWM_DriverIRQHandler
                0x6000239a                TSC_DIG_DriverIRQHandler
                0x6000239a                KPP_DriverIRQHandler
                0x6000239a                FLEXIO1_DriverIRQHandler
                0x6000239a                ENET_DriverIRQHandler
                0x6000239a                Reserved78_DriverIRQHandler
                0x6000239a                TMR4_DriverIRQHandler
                0x6000239a                ENC2_DriverIRQHandler
                0x6000239a                ADC_ETC_IRQ2_DriverIRQHandler
                0x6000239a                GPIO1_Combined_16_31_DriverIRQHandler
                0x6000239a                GPIO1_INT7_DriverIRQHandler
                0x6000239a                SAI1_DriverIRQHandler
                0x6000239a                DCDC_DriverIRQHandler
                0x6000239a                DMA12_DMA28_DriverIRQHandler
                0x6000239a                PWM4_0_DriverIRQHandler
                0x6000239a                ADC_ETC_ERROR_IRQ_DriverIRQHandler
                0x6000239a                ACMP2_DriverIRQHandler
                0x6000239a                GPIO5_Combined_0_15_DriverIRQHandler
                0x6000239a                GPIO1_INT0_DriverIRQHandler
                0x6000239a                GPIO1_INT2_DriverIRQHandler
                0x6000239a                RTWDOG_DriverIRQHandler
                0x6000239a                FLEXSPI_DriverIRQHandler
                0x6000239a                GPT2_DriverIRQHandler
                0x6000239a                USB_PHY2_DriverIRQHandler
                0x6000239a                DMA10_DMA26_DriverIRQHandler
                0x6000239a                PWM2_1_DriverIRQHandler
                0x6000239a                PWM1_1_DriverIRQHandler
                0x6000239a                PXP_DriverIRQHandler
                0x6000239a                ADC1_DriverIRQHandler
                0x6000239a                PWM1_0_DriverIRQHandler
                0x6000239a                SJC_DriverIRQHandler
                0x6000239a                DMA1_DMA17_DriverIRQHandler
                0x6000239a                ENC1_DriverIRQHandler
                0x6000239a                ENC4_DriverIRQHandler
                0x6000239a                CAN2_DriverIRQHandler
                0x6000239a                DCP_DriverIRQHandler
                0x6000239a                CTI0_ERROR_DriverIRQHandler
                0x6000239a                DMA8_DMA24_DriverIRQHandler
                0x6000239a                GPT1_DriverIRQHandler
                0x6000239a                ACMP3_DriverIRQHandler
                0x6000239a                DMA6_DMA22_DriverIRQHandler
                0x6000239a                CSU_DriverIRQHandler
                0x6000239a                GPIO1_INT5_DriverIRQHandler
                0x6000239a                TMR3_DriverIRQHandler
                0x6000239a                TMR2_DriverIRQHandler
                0x6000239a                CTI1_ERROR_DriverIRQHandler
                0x6000239a                GPIO1_Combined_0_15_DriverIRQHandler
                0x6000239a                USDHC2_DriverIRQHandler
                0x6000239a                PWM4_2_DriverIRQHandler
                0x6000239a                Reserved87_DriverIRQHandler
                0x6000239a                SAI2_DriverIRQHandler
                0x6000239a                CORE_DriverIRQHandler
                0x6000239a                WDOG1_DriverIRQHandler
                0x6000239a                DMA11_DMA27_DriverIRQHandler
                0x6000239a                CSI_DriverIRQHandler
                0x6000239a                PWM2_3_DriverIRQHandler
                0x6000239a                XBAR1_IRQ_2_3_DriverIRQHandler
                0x6000239a                SNVS_HP_WRAPPER_TZ_DriverIRQHandler
                0x6000239a                GPIO3_Combined_16_31_DriverIRQHandler
                0x6000239a                PWM1_FAULT_DriverIRQHandler
                0x6000239a                LPI2C1_DriverIRQHandler
                0x6000239a                PWM2_2_DriverIRQHandler
                0x6000239a                DMA4_DMA20_DriverIRQHandler
                0x6000239a                DMA9_DMA25_DriverIRQHandler
                0x6000239a                SNVS_HP_WRAPPER_DriverIRQHandler
                0x6000239a                XBAR1_IRQ_0_1_DriverIRQHandler
                0x6000239a                ADC_ETC_IRQ1_DriverIRQHandler
                0x6000239a                LPSPI1_DriverIRQHandler
                0x6000239a                DMA3_DMA19_DriverIRQHandler
                0x6000239a                GPIO1_INT3_DriverIRQHandler
                0x6000239a                DCP_VMI_DriverIRQHandler
                0x6000239a                LPI2C4_DriverIRQHandler
                0x6000239a                GPC_DriverIRQHandler
                0x6000239a                Reserved123_DriverIRQHandler
                0x6000239a                GPIO2_Combined_0_15_DriverIRQHandler
                0x6000239a                PWM1_2_DriverIRQHandler
                0x6000239a                USB_OTG1_DriverIRQHandler
                0x6000239a                TEMP_LOW_HIGH_DriverIRQHandler
                0x6000239a                SAI3_TX_DriverIRQHandler
                0x6000239a                WDOG2_DriverIRQHandler
                0x6000239a                Reserved68_DriverIRQHandler
                0x6000239a                PWM3_0_DriverIRQHandler
                0x6000239a                GPIO4_Combined_0_15_DriverIRQHandler
                0x6000239a                GPIO4_Combined_16_31_DriverIRQHandler
                0x6000239a                GPIO5_Combined_16_31_DriverIRQHandler
                0x6000239a                DMA5_DMA21_DriverIRQHandler
                0x6000239a                CCM_1_DriverIRQHandler
                0x6000239a                ADC2_DriverIRQHandler
                0x6000239a                Reserved115_DriverIRQHandler
                0x6000239a                TEMP_PANIC_DriverIRQHandler
                0x6000239a                ACMP4_DriverIRQHandler
                0x6000239a                DMA15_DMA31_DriverIRQHandler
                0x6000239a                LPSPI3_DriverIRQHandler
                0x6000239a                PWM1_3_DriverIRQHandler
                0x6000239a                ACMP1_DriverIRQHandler
                0x6000239a                LPI2C2_DriverIRQHandler
                0x6000239a                Reserved86_DriverIRQHandler
                0x6000239a                DMA_ERROR_DriverIRQHandler
                0x6000239a                ADC_ETC_IRQ0_DriverIRQHandler
                0x6000239a                CAN1_DriverIRQHandler
                0x6000239a                GPIO1_INT6_DriverIRQHandler
                0x6000239a                GPIO1_INT1_DriverIRQHandler
                0x6000239a                PWM2_0_DriverIRQHandler
                0x6000239a                SNVS_LP_WRAPPER_DriverIRQHandler
                0x6000239a                USB_OTG2_DriverIRQHandler
 *(.text*)
 .text._SDK_AtomicLocalClearAndSet4Byte
                0x6000239c       0x4e CMakeFiles/gpio_led_output.elf.dir/board/pin_mux.c.obj
 *fill*         0x600023ea        0x2 ff
 .text.CLOCK_ControlGate
                0x600023ec       0x60 CMakeFiles/gpio_led_output.elf.dir/board/pin_mux.c.obj
 .text.CLOCK_EnableClock
                0x6000244c       0x1e CMakeFiles/gpio_led_output.elf.dir/board/pin_mux.c.obj
 .text.IOMUXC_SetPinMux
                0x6000246a       0x38 CMakeFiles/gpio_led_output.elf.dir/board/pin_mux.c.obj
 .text.IOMUXC_SetPinConfig
                0x600024a2       0x24 CMakeFiles/gpio_led_output.elf.dir/board/pin_mux.c.obj
 .text.BOARD_InitBootPins
                0x600024c6        0xc CMakeFiles/gpio_led_output.elf.dir/board/pin_mux.c.obj
                0x600024c6                BOARD_InitBootPins
 *fill*         0x600024d2        0x2 ff
 .text.BOARD_InitPins
                0x600024d4       0xc8 CMakeFiles/gpio_led_output.elf.dir/board/pin_mux.c.obj
                0x600024d4                BOARD_InitPins
 .text._SDK_AtomicLocalClearAndSet4Byte
                0x6000259c       0x4e CMakeFiles/gpio_led_output.elf.dir/board/clock_config.c.obj
 *fill*         0x600025ea        0x2 ff
 .text.CLOCK_SetMux
                0x600025ec       0x9c CMakeFiles/gpio_led_output.elf.dir/board/clock_config.c.obj
 .text.CLOCK_SetDiv
                0x60002688       0x9c CMakeFiles/gpio_led_output.elf.dir/board/clock_config.c.obj
 .text.CLOCK_ControlGate
                0x60002724       0x60 CMakeFiles/gpio_led_output.elf.dir/board/clock_config.c.obj
 .text.CLOCK_DisableClock
                0x60002784       0x1e CMakeFiles/gpio_led_output.elf.dir/board/clock_config.c.obj
 *fill*         0x600027a2        0x2 ff
 .text.CLOCK_SetXtalFreq
                0x600027a4       0x1c CMakeFiles/gpio_led_output.elf.dir/board/clock_config.c.obj
 .text.CLOCK_SetRtcXtalFreq
                0x600027c0       0x1c CMakeFiles/gpio_led_output.elf.dir/board/clock_config.c.obj
 .text.CLOCK_SetPllBypass
                0x600027dc       0x4c CMakeFiles/gpio_led_output.elf.dir/board/clock_config.c.obj
 .text.IOMUXC_SetSaiMClkClockSource
                0x60002828       0x6a CMakeFiles/gpio_led_output.elf.dir/board/clock_config.c.obj
 *fill*         0x60002892        0x2 ff
 .text.IOMUXC_MQSConfig
                0x60002894       0x44 CMakeFiles/gpio_led_output.elf.dir/board/clock_config.c.obj
 .text.BOARD_InitBootClocks
                0x600028d8        0xc CMakeFiles/gpio_led_output.elf.dir/board/clock_config.c.obj
                0x600028d8                BOARD_InitBootClocks
 .text.BOARD_BootClockRUN
                0x600028e4      0x620 CMakeFiles/gpio_led_output.elf.dir/board/clock_config.c.obj
                0x600028e4                BOARD_BootClockRUN
 .text.ARM_MPU_Enable
                0x60002f04       0x44 CMakeFiles/gpio_led_output.elf.dir/board/board.c.obj
 .text.ARM_MPU_Disable
                0x60002f48       0x40 CMakeFiles/gpio_led_output.elf.dir/board/board.c.obj
 .text.CLOCK_GetMux
                0x60002f88       0x44 CMakeFiles/gpio_led_output.elf.dir/board/board.c.obj
 .text.CLOCK_GetDiv
                0x60002fcc       0x44 CMakeFiles/gpio_led_output.elf.dir/board/board.c.obj
 .text.CLOCK_GetOscFreq
                0x60003010       0x30 CMakeFiles/gpio_led_output.elf.dir/board/board.c.obj
 .text.BOARD_DebugConsoleSrcFreq
                0x60003040       0x64 CMakeFiles/gpio_led_output.elf.dir/board/board.c.obj
                0x60003040                BOARD_DebugConsoleSrcFreq
 .text.BOARD_InitDebugConsole
                0x600030a4       0x22 CMakeFiles/gpio_led_output.elf.dir/board/board.c.obj
                0x600030a4                BOARD_InitDebugConsole
 *fill*         0x600030c6        0x2 ff
 .text.BOARD_ConfigMPU
                0x600030c8      0x324 CMakeFiles/gpio_led_output.elf.dir/board/board.c.obj
                0x600030c8                BOARD_ConfigMPU
 .text.HAL_UartGetStatus
                0x600033ec       0x26 CMakeFiles/gpio_led_output.elf.dir/component/uart/fsl_adapter_lpuart.c.obj
 *fill*         0x60003412        0x2 ff
 .text.HAL_UartInitCommon
                0x60003414       0xe0 CMakeFiles/gpio_led_output.elf.dir/component/uart/fsl_adapter_lpuart.c.obj
 .text.HAL_UartInit
                0x600034f4       0x84 CMakeFiles/gpio_led_output.elf.dir/component/uart/fsl_adapter_lpuart.c.obj
                0x600034f4                HAL_UartInit
 .text.HAL_UartReceiveBlocking
                0x60003578       0x6c CMakeFiles/gpio_led_output.elf.dir/component/uart/fsl_adapter_lpuart.c.obj
                0x60003578                HAL_UartReceiveBlocking
 .text.HAL_UartSendBlocking
                0x600035e4       0x64 CMakeFiles/gpio_led_output.elf.dir/component/uart/fsl_adapter_lpuart.c.obj
                0x600035e4                HAL_UartSendBlocking
 .text.SystemInit
                0x60003648      0x134 CMakeFiles/gpio_led_output.elf.dir/device/system_MIMXRT1052.c.obj
                0x60003648                SystemInit
 .text.SystemInitHook
                0x6000377c        0xc CMakeFiles/gpio_led_output.elf.dir/device/system_MIMXRT1052.c.obj
                0x6000377c                SystemInitHook
 .text.DMA0_DMA16_IRQHandler
                0x60003788        0x8 CMakeFiles/gpio_led_output.elf.dir/device/startup_mimxrt1052.c.obj
                0x60003788                DMA0_DMA16_IRQHandler
 .text.DMA1_DMA17_IRQHandler
                0x60003790        0x8 CMakeFiles/gpio_led_output.elf.dir/device/startup_mimxrt1052.c.obj
                0x60003790                DMA1_DMA17_IRQHandler
 .text.DMA2_DMA18_IRQHandler
                0x60003798        0x8 CMakeFiles/gpio_led_output.elf.dir/device/startup_mimxrt1052.c.obj
                0x60003798                DMA2_DMA18_IRQHandler
 .text.DMA3_DMA19_IRQHandler
                0x600037a0        0x8 CMakeFiles/gpio_led_output.elf.dir/device/startup_mimxrt1052.c.obj
                0x600037a0                DMA3_DMA19_IRQHandler
 .text.DMA4_DMA20_IRQHandler
                0x600037a8        0x8 CMakeFiles/gpio_led_output.elf.dir/device/startup_mimxrt1052.c.obj
                0x600037a8                DMA4_DMA20_IRQHandler
 .text.DMA5_DMA21_IRQHandler
                0x600037b0        0x8 CMakeFiles/gpio_led_output.elf.dir/device/startup_mimxrt1052.c.obj
                0x600037b0                DMA5_DMA21_IRQHandler
 .text.DMA6_DMA22_IRQHandler
                0x600037b8        0x8 CMakeFiles/gpio_led_output.elf.dir/device/startup_mimxrt1052.c.obj
                0x600037b8                DMA6_DMA22_IRQHandler
 .text.DMA7_DMA23_IRQHandler
                0x600037c0        0x8 CMakeFiles/gpio_led_output.elf.dir/device/startup_mimxrt1052.c.obj
                0x600037c0                DMA7_DMA23_IRQHandler
 .text.DMA8_DMA24_IRQHandler
                0x600037c8        0x8 CMakeFiles/gpio_led_output.elf.dir/device/startup_mimxrt1052.c.obj
                0x600037c8                DMA8_DMA24_IRQHandler
 .text.DMA9_DMA25_IRQHandler
                0x600037d0        0x8 CMakeFiles/gpio_led_output.elf.dir/device/startup_mimxrt1052.c.obj
                0x600037d0                DMA9_DMA25_IRQHandler
 .text.DMA10_DMA26_IRQHandler
                0x600037d8        0x8 CMakeFiles/gpio_led_output.elf.dir/device/startup_mimxrt1052.c.obj
                0x600037d8                DMA10_DMA26_IRQHandler
 .text.DMA11_DMA27_IRQHandler
                0x600037e0        0x8 CMakeFiles/gpio_led_output.elf.dir/device/startup_mimxrt1052.c.obj
                0x600037e0                DMA11_DMA27_IRQHandler
 .text.DMA12_DMA28_IRQHandler
                0x600037e8        0x8 CMakeFiles/gpio_led_output.elf.dir/device/startup_mimxrt1052.c.obj
                0x600037e8                DMA12_DMA28_IRQHandler
 .text.DMA13_DMA29_IRQHandler
                0x600037f0        0x8 CMakeFiles/gpio_led_output.elf.dir/device/startup_mimxrt1052.c.obj
                0x600037f0                DMA13_DMA29_IRQHandler
 .text.DMA14_DMA30_IRQHandler
                0x600037f8        0x8 CMakeFiles/gpio_led_output.elf.dir/device/startup_mimxrt1052.c.obj
                0x600037f8                DMA14_DMA30_IRQHandler
 .text.DMA15_DMA31_IRQHandler
                0x60003800        0x8 CMakeFiles/gpio_led_output.elf.dir/device/startup_mimxrt1052.c.obj
                0x60003800                DMA15_DMA31_IRQHandler
 .text.DMA_ERROR_IRQHandler
                0x60003808        0x8 CMakeFiles/gpio_led_output.elf.dir/device/startup_mimxrt1052.c.obj
                0x60003808                DMA_ERROR_IRQHandler
 .text.CTI0_ERROR_IRQHandler
                0x60003810        0x8 CMakeFiles/gpio_led_output.elf.dir/device/startup_mimxrt1052.c.obj
                0x60003810                CTI0_ERROR_IRQHandler
 .text.CTI1_ERROR_IRQHandler
                0x60003818        0x8 CMakeFiles/gpio_led_output.elf.dir/device/startup_mimxrt1052.c.obj
                0x60003818                CTI1_ERROR_IRQHandler
 .text.CORE_IRQHandler
                0x60003820        0x8 CMakeFiles/gpio_led_output.elf.dir/device/startup_mimxrt1052.c.obj
                0x60003820                CORE_IRQHandler
 .text.LPUART1_IRQHandler
                0x60003828        0x8 CMakeFiles/gpio_led_output.elf.dir/device/startup_mimxrt1052.c.obj
                0x60003828                LPUART1_IRQHandler
 .text.LPUART2_IRQHandler
                0x60003830        0x8 CMakeFiles/gpio_led_output.elf.dir/device/startup_mimxrt1052.c.obj
                0x60003830                LPUART2_IRQHandler
 .text.LPUART3_IRQHandler
                0x60003838        0x8 CMakeFiles/gpio_led_output.elf.dir/device/startup_mimxrt1052.c.obj
                0x60003838                LPUART3_IRQHandler
 .text.LPUART4_IRQHandler
                0x60003840        0x8 CMakeFiles/gpio_led_output.elf.dir/device/startup_mimxrt1052.c.obj
                0x60003840                LPUART4_IRQHandler
 .text.LPUART5_IRQHandler
                0x60003848        0x8 CMakeFiles/gpio_led_output.elf.dir/device/startup_mimxrt1052.c.obj
                0x60003848                LPUART5_IRQHandler
 .text.LPUART6_IRQHandler
                0x60003850        0x8 CMakeFiles/gpio_led_output.elf.dir/device/startup_mimxrt1052.c.obj
                0x60003850                LPUART6_IRQHandler
 .text.LPUART7_IRQHandler
                0x60003858        0x8 CMakeFiles/gpio_led_output.elf.dir/device/startup_mimxrt1052.c.obj
                0x60003858                LPUART7_IRQHandler
 .text.LPUART8_IRQHandler
                0x60003860        0x8 CMakeFiles/gpio_led_output.elf.dir/device/startup_mimxrt1052.c.obj
                0x60003860                LPUART8_IRQHandler
 .text.LPI2C1_IRQHandler
                0x60003868        0x8 CMakeFiles/gpio_led_output.elf.dir/device/startup_mimxrt1052.c.obj
                0x60003868                LPI2C1_IRQHandler
 .text.LPI2C2_IRQHandler
                0x60003870        0x8 CMakeFiles/gpio_led_output.elf.dir/device/startup_mimxrt1052.c.obj
                0x60003870                LPI2C2_IRQHandler
 .text.LPI2C3_IRQHandler
                0x60003878        0x8 CMakeFiles/gpio_led_output.elf.dir/device/startup_mimxrt1052.c.obj
                0x60003878                LPI2C3_IRQHandler
 .text.LPI2C4_IRQHandler
                0x60003880        0x8 CMakeFiles/gpio_led_output.elf.dir/device/startup_mimxrt1052.c.obj
                0x60003880                LPI2C4_IRQHandler
 .text.LPSPI1_IRQHandler
                0x60003888        0x8 CMakeFiles/gpio_led_output.elf.dir/device/startup_mimxrt1052.c.obj
                0x60003888                LPSPI1_IRQHandler
 .text.LPSPI2_IRQHandler
                0x60003890        0x8 CMakeFiles/gpio_led_output.elf.dir/device/startup_mimxrt1052.c.obj
                0x60003890                LPSPI2_IRQHandler
 .text.LPSPI3_IRQHandler
                0x60003898        0x8 CMakeFiles/gpio_led_output.elf.dir/device/startup_mimxrt1052.c.obj
                0x60003898                LPSPI3_IRQHandler
 .text.LPSPI4_IRQHandler
                0x600038a0        0x8 CMakeFiles/gpio_led_output.elf.dir/device/startup_mimxrt1052.c.obj
                0x600038a0                LPSPI4_IRQHandler
 .text.CAN1_IRQHandler
                0x600038a8        0x8 CMakeFiles/gpio_led_output.elf.dir/device/startup_mimxrt1052.c.obj
                0x600038a8                CAN1_IRQHandler
 .text.CAN2_IRQHandler
                0x600038b0        0x8 CMakeFiles/gpio_led_output.elf.dir/device/startup_mimxrt1052.c.obj
                0x600038b0                CAN2_IRQHandler
 .text.FLEXRAM_IRQHandler
                0x600038b8        0x8 CMakeFiles/gpio_led_output.elf.dir/device/startup_mimxrt1052.c.obj
                0x600038b8                FLEXRAM_IRQHandler
 .text.KPP_IRQHandler
                0x600038c0        0x8 CMakeFiles/gpio_led_output.elf.dir/device/startup_mimxrt1052.c.obj
                0x600038c0                KPP_IRQHandler
 .text.TSC_DIG_IRQHandler
                0x600038c8        0x8 CMakeFiles/gpio_led_output.elf.dir/device/startup_mimxrt1052.c.obj
                0x600038c8                TSC_DIG_IRQHandler
 .text.GPR_IRQ_IRQHandler
                0x600038d0        0x8 CMakeFiles/gpio_led_output.elf.dir/device/startup_mimxrt1052.c.obj
                0x600038d0                GPR_IRQ_IRQHandler
 .text.LCDIF_IRQHandler
                0x600038d8        0x8 CMakeFiles/gpio_led_output.elf.dir/device/startup_mimxrt1052.c.obj
                0x600038d8                LCDIF_IRQHandler
 .text.CSI_IRQHandler
                0x600038e0        0x8 CMakeFiles/gpio_led_output.elf.dir/device/startup_mimxrt1052.c.obj
                0x600038e0                CSI_IRQHandler
 .text.PXP_IRQHandler
                0x600038e8        0x8 CMakeFiles/gpio_led_output.elf.dir/device/startup_mimxrt1052.c.obj
                0x600038e8                PXP_IRQHandler
 .text.WDOG2_IRQHandler
                0x600038f0        0x8 CMakeFiles/gpio_led_output.elf.dir/device/startup_mimxrt1052.c.obj
                0x600038f0                WDOG2_IRQHandler
 .text.SNVS_HP_WRAPPER_IRQHandler
                0x600038f8        0x8 CMakeFiles/gpio_led_output.elf.dir/device/startup_mimxrt1052.c.obj
                0x600038f8                SNVS_HP_WRAPPER_IRQHandler
 .text.SNVS_HP_WRAPPER_TZ_IRQHandler
                0x60003900        0x8 CMakeFiles/gpio_led_output.elf.dir/device/startup_mimxrt1052.c.obj
                0x60003900                SNVS_HP_WRAPPER_TZ_IRQHandler
 .text.SNVS_LP_WRAPPER_IRQHandler
                0x60003908        0x8 CMakeFiles/gpio_led_output.elf.dir/device/startup_mimxrt1052.c.obj
                0x60003908                SNVS_LP_WRAPPER_IRQHandler
 .text.CSU_IRQHandler
                0x60003910        0x8 CMakeFiles/gpio_led_output.elf.dir/device/startup_mimxrt1052.c.obj
                0x60003910                CSU_IRQHandler
 .text.DCP_IRQHandler
                0x60003918        0x8 CMakeFiles/gpio_led_output.elf.dir/device/startup_mimxrt1052.c.obj
                0x60003918                DCP_IRQHandler
 .text.DCP_VMI_IRQHandler
                0x60003920        0x8 CMakeFiles/gpio_led_output.elf.dir/device/startup_mimxrt1052.c.obj
                0x60003920                DCP_VMI_IRQHandler
 .text.Reserved68_IRQHandler
                0x60003928        0x8 CMakeFiles/gpio_led_output.elf.dir/device/startup_mimxrt1052.c.obj
                0x60003928                Reserved68_IRQHandler
 .text.TRNG_IRQHandler
                0x60003930        0x8 CMakeFiles/gpio_led_output.elf.dir/device/startup_mimxrt1052.c.obj
                0x60003930                TRNG_IRQHandler
 .text.SJC_IRQHandler
                0x60003938        0x8 CMakeFiles/gpio_led_output.elf.dir/device/startup_mimxrt1052.c.obj
                0x60003938                SJC_IRQHandler
 .text.BEE_IRQHandler
                0x60003940        0x8 CMakeFiles/gpio_led_output.elf.dir/device/startup_mimxrt1052.c.obj
                0x60003940                BEE_IRQHandler
 .text.SAI1_IRQHandler
                0x60003948        0x8 CMakeFiles/gpio_led_output.elf.dir/device/startup_mimxrt1052.c.obj
                0x60003948                SAI1_IRQHandler
 .text.SAI2_IRQHandler
                0x60003950        0x8 CMakeFiles/gpio_led_output.elf.dir/device/startup_mimxrt1052.c.obj
                0x60003950                SAI2_IRQHandler
 .text.SAI3_RX_IRQHandler
                0x60003958        0x8 CMakeFiles/gpio_led_output.elf.dir/device/startup_mimxrt1052.c.obj
                0x60003958                SAI3_RX_IRQHandler
 .text.SAI3_TX_IRQHandler
                0x60003960        0x8 CMakeFiles/gpio_led_output.elf.dir/device/startup_mimxrt1052.c.obj
                0x60003960                SAI3_TX_IRQHandler
 .text.SPDIF_IRQHandler
                0x60003968        0x8 CMakeFiles/gpio_led_output.elf.dir/device/startup_mimxrt1052.c.obj
                0x60003968                SPDIF_IRQHandler
 .text.PMU_EVENT_IRQHandler
                0x60003970        0x8 CMakeFiles/gpio_led_output.elf.dir/device/startup_mimxrt1052.c.obj
                0x60003970                PMU_EVENT_IRQHandler
 .text.Reserved78_IRQHandler
                0x60003978        0x8 CMakeFiles/gpio_led_output.elf.dir/device/startup_mimxrt1052.c.obj
                0x60003978                Reserved78_IRQHandler
 .text.TEMP_LOW_HIGH_IRQHandler
                0x60003980        0x8 CMakeFiles/gpio_led_output.elf.dir/device/startup_mimxrt1052.c.obj
                0x60003980                TEMP_LOW_HIGH_IRQHandler
 .text.TEMP_PANIC_IRQHandler
                0x60003988        0x8 CMakeFiles/gpio_led_output.elf.dir/device/startup_mimxrt1052.c.obj
                0x60003988                TEMP_PANIC_IRQHandler
 .text.USB_PHY1_IRQHandler
                0x60003990        0x8 CMakeFiles/gpio_led_output.elf.dir/device/startup_mimxrt1052.c.obj
                0x60003990                USB_PHY1_IRQHandler
 .text.USB_PHY2_IRQHandler
                0x60003998        0x8 CMakeFiles/gpio_led_output.elf.dir/device/startup_mimxrt1052.c.obj
                0x60003998                USB_PHY2_IRQHandler
 .text.ADC1_IRQHandler
                0x600039a0        0x8 CMakeFiles/gpio_led_output.elf.dir/device/startup_mimxrt1052.c.obj
                0x600039a0                ADC1_IRQHandler
 .text.ADC2_IRQHandler
                0x600039a8        0x8 CMakeFiles/gpio_led_output.elf.dir/device/startup_mimxrt1052.c.obj
                0x600039a8                ADC2_IRQHandler
 .text.DCDC_IRQHandler
                0x600039b0        0x8 CMakeFiles/gpio_led_output.elf.dir/device/startup_mimxrt1052.c.obj
                0x600039b0                DCDC_IRQHandler
 .text.Reserved86_IRQHandler
                0x600039b8        0x8 CMakeFiles/gpio_led_output.elf.dir/device/startup_mimxrt1052.c.obj
                0x600039b8                Reserved86_IRQHandler
 .text.Reserved87_IRQHandler
                0x600039c0        0x8 CMakeFiles/gpio_led_output.elf.dir/device/startup_mimxrt1052.c.obj
                0x600039c0                Reserved87_IRQHandler
 .text.GPIO1_INT0_IRQHandler
                0x600039c8        0x8 CMakeFiles/gpio_led_output.elf.dir/device/startup_mimxrt1052.c.obj
                0x600039c8                GPIO1_INT0_IRQHandler
 .text.GPIO1_INT1_IRQHandler
                0x600039d0        0x8 CMakeFiles/gpio_led_output.elf.dir/device/startup_mimxrt1052.c.obj
                0x600039d0                GPIO1_INT1_IRQHandler
 .text.GPIO1_INT2_IRQHandler
                0x600039d8        0x8 CMakeFiles/gpio_led_output.elf.dir/device/startup_mimxrt1052.c.obj
                0x600039d8                GPIO1_INT2_IRQHandler
 .text.GPIO1_INT3_IRQHandler
                0x600039e0        0x8 CMakeFiles/gpio_led_output.elf.dir/device/startup_mimxrt1052.c.obj
                0x600039e0                GPIO1_INT3_IRQHandler
 .text.GPIO1_INT4_IRQHandler
                0x600039e8        0x8 CMakeFiles/gpio_led_output.elf.dir/device/startup_mimxrt1052.c.obj
                0x600039e8                GPIO1_INT4_IRQHandler
 .text.GPIO1_INT5_IRQHandler
                0x600039f0        0x8 CMakeFiles/gpio_led_output.elf.dir/device/startup_mimxrt1052.c.obj
                0x600039f0                GPIO1_INT5_IRQHandler
 .text.GPIO1_INT6_IRQHandler
                0x600039f8        0x8 CMakeFiles/gpio_led_output.elf.dir/device/startup_mimxrt1052.c.obj
                0x600039f8                GPIO1_INT6_IRQHandler
 .text.GPIO1_INT7_IRQHandler
                0x60003a00        0x8 CMakeFiles/gpio_led_output.elf.dir/device/startup_mimxrt1052.c.obj
                0x60003a00                GPIO1_INT7_IRQHandler
 .text.GPIO1_Combined_0_15_IRQHandler
                0x60003a08        0x8 CMakeFiles/gpio_led_output.elf.dir/device/startup_mimxrt1052.c.obj
                0x60003a08                GPIO1_Combined_0_15_IRQHandler
 .text.GPIO1_Combined_16_31_IRQHandler
                0x60003a10        0x8 CMakeFiles/gpio_led_output.elf.dir/device/startup_mimxrt1052.c.obj
                0x60003a10                GPIO1_Combined_16_31_IRQHandler
 .text.GPIO2_Combined_0_15_IRQHandler
                0x60003a18        0x8 CMakeFiles/gpio_led_output.elf.dir/device/startup_mimxrt1052.c.obj
                0x60003a18                GPIO2_Combined_0_15_IRQHandler
 .text.GPIO2_Combined_16_31_IRQHandler
                0x60003a20        0x8 CMakeFiles/gpio_led_output.elf.dir/device/startup_mimxrt1052.c.obj
                0x60003a20                GPIO2_Combined_16_31_IRQHandler
 .text.GPIO3_Combined_0_15_IRQHandler
                0x60003a28        0x8 CMakeFiles/gpio_led_output.elf.dir/device/startup_mimxrt1052.c.obj
                0x60003a28                GPIO3_Combined_0_15_IRQHandler
 .text.GPIO3_Combined_16_31_IRQHandler
                0x60003a30        0x8 CMakeFiles/gpio_led_output.elf.dir/device/startup_mimxrt1052.c.obj
                0x60003a30                GPIO3_Combined_16_31_IRQHandler
 .text.GPIO4_Combined_0_15_IRQHandler
                0x60003a38        0x8 CMakeFiles/gpio_led_output.elf.dir/device/startup_mimxrt1052.c.obj
                0x60003a38                GPIO4_Combined_0_15_IRQHandler
 .text.GPIO4_Combined_16_31_IRQHandler
                0x60003a40        0x8 CMakeFiles/gpio_led_output.elf.dir/device/startup_mimxrt1052.c.obj
                0x60003a40                GPIO4_Combined_16_31_IRQHandler
 .text.GPIO5_Combined_0_15_IRQHandler
                0x60003a48        0x8 CMakeFiles/gpio_led_output.elf.dir/device/startup_mimxrt1052.c.obj
                0x60003a48                GPIO5_Combined_0_15_IRQHandler
 .text.GPIO5_Combined_16_31_IRQHandler
                0x60003a50        0x8 CMakeFiles/gpio_led_output.elf.dir/device/startup_mimxrt1052.c.obj
                0x60003a50                GPIO5_Combined_16_31_IRQHandler
 .text.FLEXIO1_IRQHandler
                0x60003a58        0x8 CMakeFiles/gpio_led_output.elf.dir/device/startup_mimxrt1052.c.obj
                0x60003a58                FLEXIO1_IRQHandler
 .text.FLEXIO2_IRQHandler
                0x60003a60        0x8 CMakeFiles/gpio_led_output.elf.dir/device/startup_mimxrt1052.c.obj
                0x60003a60                FLEXIO2_IRQHandler
 .text.WDOG1_IRQHandler
                0x60003a68        0x8 CMakeFiles/gpio_led_output.elf.dir/device/startup_mimxrt1052.c.obj
                0x60003a68                WDOG1_IRQHandler
 .text.RTWDOG_IRQHandler
                0x60003a70        0x8 CMakeFiles/gpio_led_output.elf.dir/device/startup_mimxrt1052.c.obj
                0x60003a70                RTWDOG_IRQHandler
 .text.EWM_IRQHandler
                0x60003a78        0x8 CMakeFiles/gpio_led_output.elf.dir/device/startup_mimxrt1052.c.obj
                0x60003a78                EWM_IRQHandler
 .text.CCM_1_IRQHandler
                0x60003a80        0x8 CMakeFiles/gpio_led_output.elf.dir/device/startup_mimxrt1052.c.obj
                0x60003a80                CCM_1_IRQHandler
 .text.CCM_2_IRQHandler
                0x60003a88        0x8 CMakeFiles/gpio_led_output.elf.dir/device/startup_mimxrt1052.c.obj
                0x60003a88                CCM_2_IRQHandler
 .text.GPC_IRQHandler
                0x60003a90        0x8 CMakeFiles/gpio_led_output.elf.dir/device/startup_mimxrt1052.c.obj
                0x60003a90                GPC_IRQHandler
 .text.SRC_IRQHandler
                0x60003a98        0x8 CMakeFiles/gpio_led_output.elf.dir/device/startup_mimxrt1052.c.obj
                0x60003a98                SRC_IRQHandler
 .text.Reserved115_IRQHandler
                0x60003aa0        0x8 CMakeFiles/gpio_led_output.elf.dir/device/startup_mimxrt1052.c.obj
                0x60003aa0                Reserved115_IRQHandler
 .text.GPT1_IRQHandler
                0x60003aa8        0x8 CMakeFiles/gpio_led_output.elf.dir/device/startup_mimxrt1052.c.obj
                0x60003aa8                GPT1_IRQHandler
 .text.GPT2_IRQHandler
                0x60003ab0        0x8 CMakeFiles/gpio_led_output.elf.dir/device/startup_mimxrt1052.c.obj
                0x60003ab0                GPT2_IRQHandler
 .text.PWM1_0_IRQHandler
                0x60003ab8        0x8 CMakeFiles/gpio_led_output.elf.dir/device/startup_mimxrt1052.c.obj
                0x60003ab8                PWM1_0_IRQHandler
 .text.PWM1_1_IRQHandler
                0x60003ac0        0x8 CMakeFiles/gpio_led_output.elf.dir/device/startup_mimxrt1052.c.obj
                0x60003ac0                PWM1_1_IRQHandler
 .text.PWM1_2_IRQHandler
                0x60003ac8        0x8 CMakeFiles/gpio_led_output.elf.dir/device/startup_mimxrt1052.c.obj
                0x60003ac8                PWM1_2_IRQHandler
 .text.PWM1_3_IRQHandler
                0x60003ad0        0x8 CMakeFiles/gpio_led_output.elf.dir/device/startup_mimxrt1052.c.obj
                0x60003ad0                PWM1_3_IRQHandler
 .text.PWM1_FAULT_IRQHandler
                0x60003ad8        0x8 CMakeFiles/gpio_led_output.elf.dir/device/startup_mimxrt1052.c.obj
                0x60003ad8                PWM1_FAULT_IRQHandler
 .text.Reserved123_IRQHandler
                0x60003ae0        0x8 CMakeFiles/gpio_led_output.elf.dir/device/startup_mimxrt1052.c.obj
                0x60003ae0                Reserved123_IRQHandler
 .text.FLEXSPI_IRQHandler
                0x60003ae8        0x8 CMakeFiles/gpio_led_output.elf.dir/device/startup_mimxrt1052.c.obj
                0x60003ae8                FLEXSPI_IRQHandler
 .text.SEMC_IRQHandler
                0x60003af0        0x8 CMakeFiles/gpio_led_output.elf.dir/device/startup_mimxrt1052.c.obj
                0x60003af0                SEMC_IRQHandler
 .text.USDHC1_IRQHandler
                0x60003af8        0x8 CMakeFiles/gpio_led_output.elf.dir/device/startup_mimxrt1052.c.obj
                0x60003af8                USDHC1_IRQHandler
 .text.USDHC2_IRQHandler
                0x60003b00        0x8 CMakeFiles/gpio_led_output.elf.dir/device/startup_mimxrt1052.c.obj
                0x60003b00                USDHC2_IRQHandler
 .text.USB_OTG2_IRQHandler
                0x60003b08        0x8 CMakeFiles/gpio_led_output.elf.dir/device/startup_mimxrt1052.c.obj
                0x60003b08                USB_OTG2_IRQHandler
 .text.USB_OTG1_IRQHandler
                0x60003b10        0x8 CMakeFiles/gpio_led_output.elf.dir/device/startup_mimxrt1052.c.obj
                0x60003b10                USB_OTG1_IRQHandler
 .text.ENET_IRQHandler
                0x60003b18        0x8 CMakeFiles/gpio_led_output.elf.dir/device/startup_mimxrt1052.c.obj
                0x60003b18                ENET_IRQHandler
 .text.ENET_1588_Timer_IRQHandler
                0x60003b20        0x8 CMakeFiles/gpio_led_output.elf.dir/device/startup_mimxrt1052.c.obj
                0x60003b20                ENET_1588_Timer_IRQHandler
 .text.XBAR1_IRQ_0_1_IRQHandler
                0x60003b28        0x8 CMakeFiles/gpio_led_output.elf.dir/device/startup_mimxrt1052.c.obj
                0x60003b28                XBAR1_IRQ_0_1_IRQHandler
 .text.XBAR1_IRQ_2_3_IRQHandler
                0x60003b30        0x8 CMakeFiles/gpio_led_output.elf.dir/device/startup_mimxrt1052.c.obj
                0x60003b30                XBAR1_IRQ_2_3_IRQHandler
 .text.ADC_ETC_IRQ0_IRQHandler
                0x60003b38        0x8 CMakeFiles/gpio_led_output.elf.dir/device/startup_mimxrt1052.c.obj
                0x60003b38                ADC_ETC_IRQ0_IRQHandler
 .text.ADC_ETC_IRQ1_IRQHandler
                0x60003b40        0x8 CMakeFiles/gpio_led_output.elf.dir/device/startup_mimxrt1052.c.obj
                0x60003b40                ADC_ETC_IRQ1_IRQHandler
 .text.ADC_ETC_IRQ2_IRQHandler
                0x60003b48        0x8 CMakeFiles/gpio_led_output.elf.dir/device/startup_mimxrt1052.c.obj
                0x60003b48                ADC_ETC_IRQ2_IRQHandler
 .text.ADC_ETC_ERROR_IRQ_IRQHandler
                0x60003b50        0x8 CMakeFiles/gpio_led_output.elf.dir/device/startup_mimxrt1052.c.obj
                0x60003b50                ADC_ETC_ERROR_IRQ_IRQHandler
 .text.PIT_IRQHandler
                0x60003b58        0x8 CMakeFiles/gpio_led_output.elf.dir/device/startup_mimxrt1052.c.obj
                0x60003b58                PIT_IRQHandler
 .text.ACMP1_IRQHandler
                0x60003b60        0x8 CMakeFiles/gpio_led_output.elf.dir/device/startup_mimxrt1052.c.obj
                0x60003b60                ACMP1_IRQHandler
 .text.ACMP2_IRQHandler
                0x60003b68        0x8 CMakeFiles/gpio_led_output.elf.dir/device/startup_mimxrt1052.c.obj
                0x60003b68                ACMP2_IRQHandler
 .text.ACMP3_IRQHandler
                0x60003b70        0x8 CMakeFiles/gpio_led_output.elf.dir/device/startup_mimxrt1052.c.obj
                0x60003b70                ACMP3_IRQHandler
 .text.ACMP4_IRQHandler
                0x60003b78        0x8 CMakeFiles/gpio_led_output.elf.dir/device/startup_mimxrt1052.c.obj
                0x60003b78                ACMP4_IRQHandler
 .text.Reserved143_IRQHandler
                0x60003b80        0x8 CMakeFiles/gpio_led_output.elf.dir/device/startup_mimxrt1052.c.obj
                0x60003b80                Reserved143_IRQHandler
 .text.Reserved144_IRQHandler
                0x60003b88        0x8 CMakeFiles/gpio_led_output.elf.dir/device/startup_mimxrt1052.c.obj
                0x60003b88                Reserved144_IRQHandler
 .text.ENC1_IRQHandler
                0x60003b90        0x8 CMakeFiles/gpio_led_output.elf.dir/device/startup_mimxrt1052.c.obj
                0x60003b90                ENC1_IRQHandler
 .text.ENC2_IRQHandler
                0x60003b98        0x8 CMakeFiles/gpio_led_output.elf.dir/device/startup_mimxrt1052.c.obj
                0x60003b98                ENC2_IRQHandler
 .text.ENC3_IRQHandler
                0x60003ba0        0x8 CMakeFiles/gpio_led_output.elf.dir/device/startup_mimxrt1052.c.obj
                0x60003ba0                ENC3_IRQHandler
 .text.ENC4_IRQHandler
                0x60003ba8        0x8 CMakeFiles/gpio_led_output.elf.dir/device/startup_mimxrt1052.c.obj
                0x60003ba8                ENC4_IRQHandler
 .text.TMR1_IRQHandler
                0x60003bb0        0x8 CMakeFiles/gpio_led_output.elf.dir/device/startup_mimxrt1052.c.obj
                0x60003bb0                TMR1_IRQHandler
 .text.TMR2_IRQHandler
                0x60003bb8        0x8 CMakeFiles/gpio_led_output.elf.dir/device/startup_mimxrt1052.c.obj
                0x60003bb8                TMR2_IRQHandler
 .text.TMR3_IRQHandler
                0x60003bc0        0x8 CMakeFiles/gpio_led_output.elf.dir/device/startup_mimxrt1052.c.obj
                0x60003bc0                TMR3_IRQHandler
 .text.TMR4_IRQHandler
                0x60003bc8        0x8 CMakeFiles/gpio_led_output.elf.dir/device/startup_mimxrt1052.c.obj
                0x60003bc8                TMR4_IRQHandler
 .text.PWM2_0_IRQHandler
                0x60003bd0        0x8 CMakeFiles/gpio_led_output.elf.dir/device/startup_mimxrt1052.c.obj
                0x60003bd0                PWM2_0_IRQHandler
 .text.PWM2_1_IRQHandler
                0x60003bd8        0x8 CMakeFiles/gpio_led_output.elf.dir/device/startup_mimxrt1052.c.obj
                0x60003bd8                PWM2_1_IRQHandler
 .text.PWM2_2_IRQHandler
                0x60003be0        0x8 CMakeFiles/gpio_led_output.elf.dir/device/startup_mimxrt1052.c.obj
                0x60003be0                PWM2_2_IRQHandler
 .text.PWM2_3_IRQHandler
                0x60003be8        0x8 CMakeFiles/gpio_led_output.elf.dir/device/startup_mimxrt1052.c.obj
                0x60003be8                PWM2_3_IRQHandler
 .text.PWM2_FAULT_IRQHandler
                0x60003bf0        0x8 CMakeFiles/gpio_led_output.elf.dir/device/startup_mimxrt1052.c.obj
                0x60003bf0                PWM2_FAULT_IRQHandler
 .text.PWM3_0_IRQHandler
                0x60003bf8        0x8 CMakeFiles/gpio_led_output.elf.dir/device/startup_mimxrt1052.c.obj
                0x60003bf8                PWM3_0_IRQHandler
 .text.PWM3_1_IRQHandler
                0x60003c00        0x8 CMakeFiles/gpio_led_output.elf.dir/device/startup_mimxrt1052.c.obj
                0x60003c00                PWM3_1_IRQHandler
 .text.PWM3_2_IRQHandler
                0x60003c08        0x8 CMakeFiles/gpio_led_output.elf.dir/device/startup_mimxrt1052.c.obj
                0x60003c08                PWM3_2_IRQHandler
 .text.PWM3_3_IRQHandler
                0x60003c10        0x8 CMakeFiles/gpio_led_output.elf.dir/device/startup_mimxrt1052.c.obj
                0x60003c10                PWM3_3_IRQHandler
 .text.PWM3_FAULT_IRQHandler
                0x60003c18        0x8 CMakeFiles/gpio_led_output.elf.dir/device/startup_mimxrt1052.c.obj
                0x60003c18                PWM3_FAULT_IRQHandler
 .text.PWM4_0_IRQHandler
                0x60003c20        0x8 CMakeFiles/gpio_led_output.elf.dir/device/startup_mimxrt1052.c.obj
                0x60003c20                PWM4_0_IRQHandler
 .text.PWM4_1_IRQHandler
                0x60003c28        0x8 CMakeFiles/gpio_led_output.elf.dir/device/startup_mimxrt1052.c.obj
                0x60003c28                PWM4_1_IRQHandler
 .text.PWM4_2_IRQHandler
                0x60003c30        0x8 CMakeFiles/gpio_led_output.elf.dir/device/startup_mimxrt1052.c.obj
                0x60003c30                PWM4_2_IRQHandler
 .text.PWM4_3_IRQHandler
                0x60003c38        0x8 CMakeFiles/gpio_led_output.elf.dir/device/startup_mimxrt1052.c.obj
                0x60003c38                PWM4_3_IRQHandler
 .text.PWM4_FAULT_IRQHandler
                0x60003c40        0x8 CMakeFiles/gpio_led_output.elf.dir/device/startup_mimxrt1052.c.obj
                0x60003c40                PWM4_FAULT_IRQHandler
 .text._SDK_AtomicLocalClearAndSet4Byte
                0x60003c48       0x4e CMakeFiles/gpio_led_output.elf.dir/drivers/fsl_lpuart.c.obj
 *fill*         0x60003c96        0x2 ff
 .text.CLOCK_ControlGate
                0x60003c98       0x60 CMakeFiles/gpio_led_output.elf.dir/drivers/fsl_lpuart.c.obj
 .text.CLOCK_EnableClock
                0x60003cf8       0x1e CMakeFiles/gpio_led_output.elf.dir/drivers/fsl_lpuart.c.obj
 .text.LPUART_SoftwareReset
                0x60003d16       0x2a CMakeFiles/gpio_led_output.elf.dir/drivers/fsl_lpuart.c.obj
 .text.LPUART_GetInstance
                0x60003d40       0x4c CMakeFiles/gpio_led_output.elf.dir/drivers/fsl_lpuart.c.obj
                0x60003d40                LPUART_GetInstance
 .text.LPUART_Init
                0x60003d8c      0x320 CMakeFiles/gpio_led_output.elf.dir/drivers/fsl_lpuart.c.obj
                0x60003d8c                LPUART_Init
 .text.LPUART_GetDefaultConfig
                0x600040ac       0x88 CMakeFiles/gpio_led_output.elf.dir/drivers/fsl_lpuart.c.obj
                0x600040ac                LPUART_GetDefaultConfig
 .text.LPUART_GetStatusFlags
                0x60004134       0x38 CMakeFiles/gpio_led_output.elf.dir/drivers/fsl_lpuart.c.obj
                0x60004134                LPUART_GetStatusFlags
 .text.LPUART_ClearStatusFlags
                0x6000416c       0x7c CMakeFiles/gpio_led_output.elf.dir/drivers/fsl_lpuart.c.obj
                0x6000416c                LPUART_ClearStatusFlags
 .text.LPUART_WriteBlocking
                0x600041e8       0x68 CMakeFiles/gpio_led_output.elf.dir/drivers/fsl_lpuart.c.obj
                0x600041e8                LPUART_WriteBlocking
 .text.LPUART_ReadBlocking
                0x60004250      0x160 CMakeFiles/gpio_led_output.elf.dir/drivers/fsl_lpuart.c.obj
                0x60004250                LPUART_ReadBlocking
 .text.LPUART1_DriverIRQHandler
                0x600043b0       0x28 CMakeFiles/gpio_led_output.elf.dir/drivers/fsl_lpuart.c.obj
                0x600043b0                LPUART1_DriverIRQHandler
 .text.LPUART2_DriverIRQHandler
                0x600043d8       0x28 CMakeFiles/gpio_led_output.elf.dir/drivers/fsl_lpuart.c.obj
                0x600043d8                LPUART2_DriverIRQHandler
 .text.LPUART3_DriverIRQHandler
                0x60004400       0x28 CMakeFiles/gpio_led_output.elf.dir/drivers/fsl_lpuart.c.obj
                0x60004400                LPUART3_DriverIRQHandler
 .text.LPUART4_DriverIRQHandler
                0x60004428       0x28 CMakeFiles/gpio_led_output.elf.dir/drivers/fsl_lpuart.c.obj
                0x60004428                LPUART4_DriverIRQHandler
 .text.LPUART5_DriverIRQHandler
                0x60004450       0x28 CMakeFiles/gpio_led_output.elf.dir/drivers/fsl_lpuart.c.obj
                0x60004450                LPUART5_DriverIRQHandler
 .text.LPUART6_DriverIRQHandler
                0x60004478       0x28 CMakeFiles/gpio_led_output.elf.dir/drivers/fsl_lpuart.c.obj
                0x60004478                LPUART6_DriverIRQHandler
 .text.LPUART7_DriverIRQHandler
                0x600044a0       0x28 CMakeFiles/gpio_led_output.elf.dir/drivers/fsl_lpuart.c.obj
                0x600044a0                LPUART7_DriverIRQHandler
 .text.LPUART8_DriverIRQHandler
                0x600044c8       0x28 CMakeFiles/gpio_led_output.elf.dir/drivers/fsl_lpuart.c.obj
                0x600044c8                LPUART8_DriverIRQHandler
 .text._SDK_AtomicLocalClearAndSet4Byte
                0x600044f0       0x4e CMakeFiles/gpio_led_output.elf.dir/drivers/fsl_gpio.c.obj
 *fill*         0x6000453e        0x2 ff
 .text.CLOCK_ControlGate
                0x60004540       0x60 CMakeFiles/gpio_led_output.elf.dir/drivers/fsl_gpio.c.obj
 .text.CLOCK_EnableClock
                0x600045a0       0x1e CMakeFiles/gpio_led_output.elf.dir/drivers/fsl_gpio.c.obj
 .text.GPIO_SetPinInterruptConfig
                0x600045be       0x22 CMakeFiles/gpio_led_output.elf.dir/drivers/fsl_gpio.c.obj
 .text.GPIO_GetInstance
                0x600045e0       0x4c CMakeFiles/gpio_led_output.elf.dir/drivers/fsl_gpio.c.obj
 .text.GPIO_PinInit
                0x6000462c       0xa4 CMakeFiles/gpio_led_output.elf.dir/drivers/fsl_gpio.c.obj
                0x6000462c                GPIO_PinInit
 .text.GPIO_PinWrite
                0x600046d0       0x48 CMakeFiles/gpio_led_output.elf.dir/drivers/fsl_gpio.c.obj
                0x600046d0                GPIO_PinWrite
 .text.GPIO_PinSetInterruptConfig
                0x60004718       0xfc CMakeFiles/gpio_led_output.elf.dir/drivers/fsl_gpio.c.obj
                0x60004718                GPIO_PinSetInterruptConfig
 .text.DelayLoop
                0x60004814       0x1e CMakeFiles/gpio_led_output.elf.dir/drivers/fsl_common_arm.c.obj
 *fill*         0x60004832        0x2 ff
 .text.SDK_DelayAtLeastUs
                0x60004834       0x94 CMakeFiles/gpio_led_output.elf.dir/drivers/fsl_common_arm.c.obj
                0x60004834                SDK_DelayAtLeastUs
 .text.CLOCK_GetOscFreq
                0x600048c8       0x30 CMakeFiles/gpio_led_output.elf.dir/drivers/fsl_clock.c.obj
 .text.CLOCK_IsPllBypassed
                0x600048f8       0x30 CMakeFiles/gpio_led_output.elf.dir/drivers/fsl_clock.c.obj
 .text.CLOCK_IsPllEnabled
                0x60004928       0x3a CMakeFiles/gpio_led_output.elf.dir/drivers/fsl_clock.c.obj
 .text.CLOCK_GetPllBypassRefClk
                0x60004962       0x34 CMakeFiles/gpio_led_output.elf.dir/drivers/fsl_clock.c.obj
 *fill*         0x60004996        0x2 ff
 .text.CLOCK_InitExternalClk
                0x60004998       0x6c CMakeFiles/gpio_led_output.elf.dir/drivers/fsl_clock.c.obj
                0x60004998                CLOCK_InitExternalClk
 .text.CLOCK_SwitchOsc
                0x60004a04       0x30 CMakeFiles/gpio_led_output.elf.dir/drivers/fsl_clock.c.obj
                0x60004a04                CLOCK_SwitchOsc
 .text.CLOCK_InitRcOsc24M
                0x60004a34       0x20 CMakeFiles/gpio_led_output.elf.dir/drivers/fsl_clock.c.obj
                0x60004a34                CLOCK_InitRcOsc24M
 .text.CLOCK_InitArmPll
                0x60004a54       0x64 CMakeFiles/gpio_led_output.elf.dir/drivers/fsl_clock.c.obj
                0x60004a54                CLOCK_InitArmPll
 .text.CLOCK_DeinitUsb2Pll
                0x60004ab8       0x18 CMakeFiles/gpio_led_output.elf.dir/drivers/fsl_clock.c.obj
                0x60004ab8                CLOCK_DeinitUsb2Pll
 .text.CLOCK_DeinitAudioPll
                0x60004ad0       0x18 CMakeFiles/gpio_led_output.elf.dir/drivers/fsl_clock.c.obj
                0x60004ad0                CLOCK_DeinitAudioPll
 .text.CLOCK_DeinitEnetPll
                0x60004ae8       0x1c CMakeFiles/gpio_led_output.elf.dir/drivers/fsl_clock.c.obj
                0x60004ae8                CLOCK_DeinitEnetPll
 .text.CLOCK_GetPllFreq
                0x60004b04      0x40c CMakeFiles/gpio_led_output.elf.dir/drivers/fsl_clock.c.obj
                0x60004b04                CLOCK_GetPllFreq
 .text.main     0x60004f10       0x8c CMakeFiles/gpio_led_output.elf.dir/source/gpio_led_output.c.obj
                0x60004f10                main
 .text          0x60004f9c       0xa0 CMakeFiles/gpio_led_output.elf.dir/utilities/fsl_memcpy.S.obj
                0x60004f9c                memcpy
 .text.DbgConsole_Init
                0x6000503c       0x88 CMakeFiles/gpio_led_output.elf.dir/utilities/fsl_debug_console.c.obj
                0x6000503c                DbgConsole_Init
 .text.DbgConsole_Printf
                0x600050c4       0x2c CMakeFiles/gpio_led_output.elf.dir/utilities/fsl_debug_console.c.obj
                0x600050c4                DbgConsole_Printf
 .text.DbgConsole_Vprintf
                0x600050f0       0x3c CMakeFiles/gpio_led_output.elf.dir/utilities/fsl_debug_console.c.obj
                0x600050f0                DbgConsole_Vprintf
 .text.DbgConsole_Putchar
                0x6000512c       0x30 CMakeFiles/gpio_led_output.elf.dir/utilities/fsl_debug_console.c.obj
                0x6000512c                DbgConsole_Putchar
 .text.DbgConsole_PrintfPaddingCharacter
                0x6000515c       0x40 CMakeFiles/gpio_led_output.elf.dir/utilities/fsl_debug_console.c.obj
 .text.DbgConsole_ConvertRadixNumToString
                0x6000519c       0xc0 CMakeFiles/gpio_led_output.elf.dir/utilities/fsl_debug_console.c.obj
 .text.DbgConsole_PrintfFormattedData
                0x6000525c      0x3e0 CMakeFiles/gpio_led_output.elf.dir/utilities/fsl_debug_console.c.obj
 .text          0x6000563c       0x30 c:/arm32/toolchain/12.3-rel1-nxp/bin/../lib/gcc/arm-none-eabi/12.3.1/thumb/v7e-m/nofp\libgcc.a(_aeabi_uldivmod.o)
                0x6000563c                __aeabi_uldivmod
 .text.__udivmoddi4
                0x6000566c      0x2bc c:/arm32/toolchain/12.3-rel1-nxp/bin/../lib/gcc/arm-none-eabi/12.3.1/thumb/v7e-m/nofp\libgcc.a(_udivmoddi4.o)
                0x6000566c                __udivmoddi4
 .text          0x60005928        0x4 c:/arm32/toolchain/12.3-rel1-nxp/bin/../lib/gcc/arm-none-eabi/12.3.1/thumb/v7e-m/nofp\libgcc.a(_dvmd_tls.o)
                0x60005928                __aeabi_idiv0
                0x60005928                __aeabi_ldiv0
 .text.memset   0x6000592c       0xa4 c:/arm32/toolchain/12.3-rel1-nxp/bin/../lib/gcc/arm-none-eabi/12.3.1/thumb/v7e-m/nofp\libc.a(libc_a-memset.o)
                0x6000592c                memset
 *fill*         0x600059d0       0x30 ff
 .text          0x60005a00       0xd8 c:/arm32/toolchain/12.3-rel1-nxp/bin/../lib/gcc/arm-none-eabi/12.3.1/thumb/v7e-m/nofp\libc.a(libc_a-strlen.o)
                0x60005a00                strlen
 .text.__assertion_failed
                0x60005ad8        0x2 c:/arm32/toolchain/12.3-rel1-nxp/bin/../lib/gcc/arm-none-eabi/12.3.1/../../../../arm-none-eabi/lib/thumb/v7e-m/nofp\libcr_c.a(_cr_assert.o)
                0x60005ad8                __assertion_failed
 *(.rodata .rodata.* .constdata .constdata.*)
 *fill*         0x60005ada        0x2 ff
 .rodata.CLOCK_ControlGate.str1.4
                0x60005adc       0x69 CMakeFiles/gpio_led_output.elf.dir/board/pin_mux.c.obj
 *fill*         0x60005b45        0x3 ff
 .rodata.CLOCK_SetMux.str1.4
                0x60005b48       0x7a CMakeFiles/gpio_led_output.elf.dir/board/clock_config.c.obj
 *fill*         0x60005bc2        0x2 ff
 .rodata.CLOCK_SetDiv.str1.4
                0x60005bc4       0x7a CMakeFiles/gpio_led_output.elf.dir/board/clock_config.c.obj
 .rodata.CLOCK_ControlGate.str1.4
                0x60005c3e       0x69 CMakeFiles/gpio_led_output.elf.dir/board/clock_config.c.obj
 *fill*         0x60005c3e        0x2 ff
 .rodata.armPllConfig_BOARD_BootClockRUN
                0x60005c40        0x8 CMakeFiles/gpio_led_output.elf.dir/board/clock_config.c.obj
                0x60005c40                armPllConfig_BOARD_BootClockRUN
 .rodata.BOARD_ConfigMPU.str1.4
                0x60005c48      0x13c CMakeFiles/gpio_led_output.elf.dir/board/board.c.obj
 .rodata.s_LpuartAdapterBase
                0x60005d84       0x24 CMakeFiles/gpio_led_output.elf.dir/component/uart/fsl_adapter_lpuart.c.obj
 .rodata.HAL_UartInit.str1.4
                0x60005da8      0x256 CMakeFiles/gpio_led_output.elf.dir/component/uart/fsl_adapter_lpuart.c.obj
 *fill*         0x60005ffe        0x2 ff
 .rodata.HAL_UartReceiveBlocking.str1.4
                0x60006000      0x16b CMakeFiles/gpio_led_output.elf.dir/component/uart/fsl_adapter_lpuart.c.obj
 *fill*         0x6000616b        0x1 ff
 .rodata.HAL_UartSendBlocking.str1.4
                0x6000616c      0x16b CMakeFiles/gpio_led_output.elf.dir/component/uart/fsl_adapter_lpuart.c.obj
 .rodata.CLOCK_ControlGate.str1.4
                0x600062d7       0x69 CMakeFiles/gpio_led_output.elf.dir/drivers/fsl_lpuart.c.obj
 *fill*         0x600062d7        0x1 ff
 .rodata.s_lpuartBases
                0x600062d8       0x24 CMakeFiles/gpio_led_output.elf.dir/drivers/fsl_lpuart.c.obj
 .rodata.s_lpuartClock
                0x600062fc       0x12 CMakeFiles/gpio_led_output.elf.dir/drivers/fsl_lpuart.c.obj
 *fill*         0x6000630e        0x2 ff
 .rodata.LPUART_GetInstance.str1.4
                0x60006310       0x81 CMakeFiles/gpio_led_output.elf.dir/drivers/fsl_lpuart.c.obj
 *fill*         0x60006391        0x3 ff
 .rodata.LPUART_Init.str1.4
                0x60006394      0x22b CMakeFiles/gpio_led_output.elf.dir/drivers/fsl_lpuart.c.obj
 *fill*         0x600065bf        0x1 ff
 .rodata.LPUART_GetDefaultConfig.str1.4
                0x600065c0       0x6b CMakeFiles/gpio_led_output.elf.dir/drivers/fsl_lpuart.c.obj
 *fill*         0x6000662b        0x1 ff
 .rodata.LPUART_WriteBlocking.str1.4
                0x6000662c       0x6a CMakeFiles/gpio_led_output.elf.dir/drivers/fsl_lpuart.c.obj
 *fill*         0x60006696        0x2 ff
 .rodata.LPUART_ReadBlocking.str1.4
                0x60006698       0x6a CMakeFiles/gpio_led_output.elf.dir/drivers/fsl_lpuart.c.obj
 .rodata.CLOCK_ControlGate.str1.4
                0x60006702       0x69 CMakeFiles/gpio_led_output.elf.dir/drivers/fsl_gpio.c.obj
 *fill*         0x60006702        0x2 ff
 .rodata.s_gpioBases
                0x60006704       0x18 CMakeFiles/gpio_led_output.elf.dir/drivers/fsl_gpio.c.obj
 .rodata.s_gpioClock
                0x6000671c        0xc CMakeFiles/gpio_led_output.elf.dir/drivers/fsl_gpio.c.obj
 .rodata.GPIO_GetInstance.str1.4
                0x60006728       0x7c CMakeFiles/gpio_led_output.elf.dir/drivers/fsl_gpio.c.obj
 .rodata.GPIO_PinWrite.str1.4
                0x600067a4       0x64 CMakeFiles/gpio_led_output.elf.dir/drivers/fsl_gpio.c.obj
 .rodata.SDK_DelayAtLeastUs.str1.4
                0x60006808       0x74 CMakeFiles/gpio_led_output.elf.dir/drivers/fsl_common_arm.c.obj
 .rodata.CLOCK_InitExternalClk.str1.4
                0x6000687c       0x6a CMakeFiles/gpio_led_output.elf.dir/drivers/fsl_clock.c.obj
 *fill*         0x600068e6        0x2 ff
 .rodata.CLOCK_GetPllFreq.str1.4
                0x600068e8      0x18e CMakeFiles/gpio_led_output.elf.dir/drivers/fsl_clock.c.obj
 *fill*         0x60006a76        0x2 ff
 .rodata.enetRefClkFreq.1
                0x60006a78       0x10 CMakeFiles/gpio_led_output.elf.dir/drivers/fsl_clock.c.obj
 .rodata.main.str1.4
                0x60006a88       0x36 CMakeFiles/gpio_led_output.elf.dir/source/gpio_led_output.c.obj
 *fill*         0x60006abe        0x2 ff
 .rodata        0x60006ac0        0x3 CMakeFiles/gpio_led_output.elf.dir/source/gpio_led_output.c.obj
                0x60006ac4                        . = ALIGN (0x4)
 *fill*         0x60006ac3        0x1 ff

.glue_7         0x60006ac4        0x0
 .glue_7        0x60006ac4        0x0 linker stubs

.glue_7t        0x60006ac4        0x0
 .glue_7t       0x60006ac4        0x0 linker stubs

.vfp11_veneer   0x60006ac4        0x0
 .vfp11_veneer  0x60006ac4        0x0 linker stubs

.v4_bx          0x60006ac4        0x0
 .v4_bx         0x60006ac4        0x0 linker stubs

.init           0x60006ac4        0x4
 .init          0x60006ac4        0x4 c:/arm32/toolchain/12.3-rel1-nxp/bin/../lib/gcc/arm-none-eabi/12.3.1/thumb/v7e-m/nofp/crti.o
                0x60006ac4                _init

.fini           0x60006ac8        0x4
 .fini          0x60006ac8        0x4 c:/arm32/toolchain/12.3-rel1-nxp/bin/../lib/gcc/arm-none-eabi/12.3.1/thumb/v7e-m/nofp/crti.o
                0x60006ac8                _fini

.iplt           0x60006acc        0x0
 .iplt          0x60006acc        0x0 CMakeFiles/gpio_led_output.elf.dir/board/pin_mux.c.obj

.ARM.extab
 *(.ARM.extab* .gnu.linkonce.armextab.*)

.ARM.exidx      0x60006acc        0x8
                0x60006acc                        __exidx_start = .
 *(.ARM.exidx* .gnu.linkonce.armexidx.*)
 .ARM.exidx.text.__udivmoddi4
                0x60006acc        0x8 c:/arm32/toolchain/12.3-rel1-nxp/bin/../lib/gcc/arm-none-eabi/12.3.1/thumb/v7e-m/nofp\libgcc.a(_udivmoddi4.o)
 .ARM.exidx     0x60006ad4        0x0 c:/arm32/toolchain/12.3-rel1-nxp/bin/../lib/gcc/arm-none-eabi/12.3.1/thumb/v7e-m/nofp\libc.a(libc_a-strlen.o)
                                  0x8 (size before relaxing)
                0x60006ad4                        __exidx_end = .
                0x60006ad4                        _etext = .

.rel.dyn        0x60006ad4        0x0
 .rel.iplt      0x60006ad4        0x0 CMakeFiles/gpio_led_output.elf.dir/board/pin_mux.c.obj

.data_RAM2      0x81000000        0x0 load address 0x60006ad4
 FILL mask 0xff
                [!provide]                        PROVIDE (__start_data_RAM2 = .)
                [!provide]                        PROVIDE (__start_data_NCACHE_REGION = .)
 *(.ramfunc.$RAM2)
 *(.ramfunc.$NCACHE_REGION)
 *(NonCacheable.init)
 *(.data.$RAM2)
 *(.data.$NCACHE_REGION)
 *(.data.$RAM2.*)
 *(.data.$NCACHE_REGION.*)
                0x81000000                        . = ALIGN (0x4)
                [!provide]                        PROVIDE (__end_data_RAM2 = .)
                [!provide]                        PROVIDE (__end_data_NCACHE_REGION = .)

.data_RAM3      0x20000000        0x0 load address 0x60006ad4
 FILL mask 0xff
                [!provide]                        PROVIDE (__start_data_RAM3 = .)
                [!provide]                        PROVIDE (__start_data_SRAM_DTC = .)
 *(.ramfunc.$RAM3)
 *(.ramfunc.$SRAM_DTC)
 *(.data.$RAM3)
 *(.data.$SRAM_DTC)
 *(.data.$RAM3.*)
 *(.data.$SRAM_DTC.*)
                0x20000000                        . = ALIGN (0x4)
                [!provide]                        PROVIDE (__end_data_RAM3 = .)
                [!provide]                        PROVIDE (__end_data_SRAM_DTC = .)

.data_RAM4      0x00000000        0x0 load address 0x60006ad4
 FILL mask 0xff
                [!provide]                        PROVIDE (__start_data_RAM4 = .)
                [!provide]                        PROVIDE (__start_data_SRAM_ITC = .)
 *(.ramfunc.$RAM4)
 *(.ramfunc.$SRAM_ITC)
 *(.data.$RAM4)
 *(.data.$SRAM_ITC)
 *(.data.$RAM4.*)
 *(.data.$SRAM_ITC.*)
                0x00000000                        . = ALIGN (0x4)
                [!provide]                        PROVIDE (__end_data_RAM4 = .)
                [!provide]                        PROVIDE (__end_data_SRAM_ITC = .)

.data_RAM5      0x20200000        0x0 load address 0x60006ad4
 FILL mask 0xff
                [!provide]                        PROVIDE (__start_data_RAM5 = .)
                [!provide]                        PROVIDE (__start_data_SRAM_OC = .)
 *(.ramfunc.$RAM5)
 *(.ramfunc.$SRAM_OC)
 *(.data.$RAM5)
 *(.data.$SRAM_OC)
 *(.data.$RAM5.*)
 *(.data.$SRAM_OC.*)
                0x20200000                        . = ALIGN (0x4)
                [!provide]                        PROVIDE (__end_data_RAM5 = .)
                [!provide]                        PROVIDE (__end_data_SRAM_OC = .)

.uninit_RESERVED
                0x80000000        0x0
                0x80000000                        _start_uninit_RESERVED = .
 *(.bss.$RESERVED*)
                0x80000000                        . = ALIGN (0x4)
                0x80000000                        _end_uninit_RESERVED = .

.data           0x80000000        0x4 load address 0x60006ad4
 FILL mask 0xff
                0x80000000                        _data = .
                [!provide]                        PROVIDE (__start_data_RAM = .)
                [!provide]                        PROVIDE (__start_data_TFT_SDRAM = .)
 *(vtable)
 *(.ramfunc*)
 *(CodeQuickAccess)
 *(DataQuickAccess)
 *(RamFunction)
 *(.data*)
 .data.SystemCoreClock
                0x80000000        0x4 CMakeFiles/gpio_led_output.elf.dir/device/system_MIMXRT1052.c.obj
                0x80000000                SystemCoreClock
                0x80000004                        . = ALIGN (0x4)
                0x80000004                        _edata = .
                [!provide]                        PROVIDE (__end_data_RAM = .)
                [!provide]                        PROVIDE (__end_data_TFT_SDRAM = .)

.igot.plt       0x80000004        0x0 load address 0x60006ad8
 .igot.plt      0x80000004        0x0 CMakeFiles/gpio_led_output.elf.dir/board/pin_mux.c.obj

.bss_RAM2       0x81000000        0x0
                [!provide]                        PROVIDE (__start_bss_RAM2 = .)
                [!provide]                        PROVIDE (__start_bss_NCACHE_REGION = .)
 *(NonCacheable)
 *(.bss.$RAM2)
 *(.bss.$NCACHE_REGION)
 *(.bss.$RAM2.*)
 *(.bss.$NCACHE_REGION.*)
                0x81000000                        . = ALIGN ((. != 0x0)?0x4:0x1)
                [!provide]                        PROVIDE (__end_bss_RAM2 = .)
                [!provide]                        PROVIDE (__end_bss_NCACHE_REGION = .)

.bss_RAM3       0x20000000        0x0
                [!provide]                        PROVIDE (__start_bss_RAM3 = .)
                [!provide]                        PROVIDE (__start_bss_SRAM_DTC = .)
 *(.bss.$RAM3)
 *(.bss.$SRAM_DTC)
 *(.bss.$RAM3.*)
 *(.bss.$SRAM_DTC.*)
                0x20000000                        . = ALIGN ((. != 0x0)?0x4:0x1)
                [!provide]                        PROVIDE (__end_bss_RAM3 = .)
                [!provide]                        PROVIDE (__end_bss_SRAM_DTC = .)

.bss_RAM4       0x00000000        0x0
                [!provide]                        PROVIDE (__start_bss_RAM4 = .)
                [!provide]                        PROVIDE (__start_bss_SRAM_ITC = .)
 *(.bss.$RAM4)
 *(.bss.$SRAM_ITC)
 *(.bss.$RAM4.*)
 *(.bss.$SRAM_ITC.*)
                0x00000000                        . = ALIGN ((. != 0x0)?0x4:0x1)
                [!provide]                        PROVIDE (__end_bss_RAM4 = .)
                [!provide]                        PROVIDE (__end_bss_SRAM_ITC = .)

.bss_RAM5       0x20200000        0x0
                [!provide]                        PROVIDE (__start_bss_RAM5 = .)
                [!provide]                        PROVIDE (__start_bss_SRAM_OC = .)
 *(.bss.$RAM5)
 *(.bss.$SRAM_OC)
 *(.bss.$RAM5.*)
 *(.bss.$SRAM_OC.*)
                0x20200000                        . = ALIGN ((. != 0x0)?0x4:0x1)
                [!provide]                        PROVIDE (__end_bss_RAM5 = .)
                [!provide]                        PROVIDE (__end_bss_SRAM_OC = .)

.bss            0x80000004       0x64
                0x80000004                        _bss = .
                [!provide]                        PROVIDE (__start_bss_RAM = .)
                [!provide]                        PROVIDE (__start_bss_TFT_SDRAM = .)
 *(.bss*)
 .bss.s_lpuartHandle
                0x80000004       0x24 CMakeFiles/gpio_led_output.elf.dir/drivers/fsl_lpuart.c.obj
                0x80000004                s_lpuartHandle
 .bss.s_lpuartIsr
                0x80000028       0x24 CMakeFiles/gpio_led_output.elf.dir/drivers/fsl_lpuart.c.obj
                0x80000028                s_lpuartIsr
 .bss.g_xtalFreq
                0x8000004c        0x4 CMakeFiles/gpio_led_output.elf.dir/drivers/fsl_clock.c.obj
                0x8000004c                g_xtalFreq
 .bss.g_rtcXtalFreq
                0x80000050        0x4 CMakeFiles/gpio_led_output.elf.dir/drivers/fsl_clock.c.obj
                0x80000050                g_rtcXtalFreq
 .bss.s_debugConsole
                0x80000054       0x14 CMakeFiles/gpio_led_output.elf.dir/utilities/fsl_debug_console.c.obj
 *(COMMON)
                0x80000068                        . = ALIGN (0x4)
                0x80000068                        _ebss = .
                [!provide]                        PROVIDE (__end_bss_RAM = .)
                [!provide]                        PROVIDE (__end_bss_TFT_SDRAM = .)
                [!provide]                        PROVIDE (end = .)

.noinit_RAM2    0x81000000        0x0
                [!provide]                        PROVIDE (__start_noinit_RAM2 = .)
                [!provide]                        PROVIDE (__start_noinit_NCACHE_REGION = .)
 *(.noinit.$RAM2)
 *(.noinit.$NCACHE_REGION)
 *(.noinit.$RAM2.*)
 *(.noinit.$NCACHE_REGION.*)
                0x81000000                        . = ALIGN (0x4)
                [!provide]                        PROVIDE (__end_noinit_RAM2 = .)
                [!provide]                        PROVIDE (__end_noinit_NCACHE_REGION = .)

.noinit_RAM3    0x20000000        0x0
                [!provide]                        PROVIDE (__start_noinit_RAM3 = .)
                [!provide]                        PROVIDE (__start_noinit_SRAM_DTC = .)
 *(.noinit.$RAM3)
 *(.noinit.$SRAM_DTC)
 *(.noinit.$RAM3.*)
 *(.noinit.$SRAM_DTC.*)
                0x20000000                        . = ALIGN (0x4)
                [!provide]                        PROVIDE (__end_noinit_RAM3 = .)
                [!provide]                        PROVIDE (__end_noinit_SRAM_DTC = .)

.noinit_RAM4    0x00000000        0x0
                [!provide]                        PROVIDE (__start_noinit_RAM4 = .)
                [!provide]                        PROVIDE (__start_noinit_SRAM_ITC = .)
 *(.noinit.$RAM4)
 *(.noinit.$SRAM_ITC)
 *(.noinit.$RAM4.*)
 *(.noinit.$SRAM_ITC.*)
                0x00000000                        . = ALIGN (0x4)
                [!provide]                        PROVIDE (__end_noinit_RAM4 = .)
                [!provide]                        PROVIDE (__end_noinit_SRAM_ITC = .)

.noinit_RAM5    0x20200000        0x0
                [!provide]                        PROVIDE (__start_noinit_RAM5 = .)
                [!provide]                        PROVIDE (__start_noinit_SRAM_OC = .)
 *(.noinit.$RAM5)
 *(.noinit.$SRAM_OC)
 *(.noinit.$RAM5.*)
 *(.noinit.$SRAM_OC.*)
                0x20200000                        . = ALIGN (0x4)
                [!provide]                        PROVIDE (__end_noinit_RAM5 = .)
                [!provide]                        PROVIDE (__end_noinit_SRAM_OC = .)

.noinit         0x80000068        0x0
                0x80000068                        _noinit = .
                [!provide]                        PROVIDE (__start_noinit_RAM = .)
                [!provide]                        PROVIDE (__start_noinit_TFT_SDRAM = .)
 *(.noinit*)
                0x80000068                        . = ALIGN (0x4)
                0x80000068                        _end_noinit = .
                [!provide]                        PROVIDE (__end_noinit_RAM = .)
                [!provide]                        PROVIDE (__end_noinit_TFT_SDRAM = .)
                0x00005000                        _HeapSize = 0x5000

.heap           0x80000068     0x5000
                0x80000068                        _pvHeapStart = .
                0x80005068                        . = (. + _HeapSize)
 *fill*         0x80000068     0x5000 
                0x80005068                        . = ALIGN (0x4)
                0x80005068                        _pvHeapLimit = .
                0x00001000                        _StackSize = 0x1000

.heap2stackfill
                0x80005068     0x1000
                0x80006068                        . = (. + _StackSize)
 *fill*         0x80005068     0x1000 

.stack          0x80fff000        0x0
                0x80fff000                        _vStackBase = .
                0x80fff000                        . = ALIGN (0x4)
                0x81000000                        _vStackTop = (. + _StackSize)
                0x60002000                        _image_start = LOADADDR (.text)
                0x60006ad8                        _image_end = (LOADADDR (.data) + SIZEOF (.data))
                0x00004ad8                        _image_size = (_image_end - _image_start)
OUTPUT(binaries\gpio_led_output.elf elf32-littlearm)
LOAD linker stubs

.ARM.attributes
                0x00000000       0x2a
 .ARM.attributes
                0x00000000       0x1e c:/arm32/toolchain/12.3-rel1-nxp/bin/../lib/gcc/arm-none-eabi/12.3.1/thumb/v7e-m/nofp/crti.o
 .ARM.attributes
                0x0000001e       0x2e CMakeFiles/gpio_led_output.elf.dir/board/pin_mux.c.obj
 .ARM.attributes
                0x0000004c       0x2e CMakeFiles/gpio_led_output.elf.dir/board/clock_config.c.obj
 .ARM.attributes
                0x0000007a       0x2e CMakeFiles/gpio_led_output.elf.dir/board/board.c.obj
 .ARM.attributes
                0x000000a8       0x2e CMakeFiles/gpio_led_output.elf.dir/component/uart/fsl_adapter_lpuart.c.obj
 .ARM.attributes
                0x000000d6       0x2e CMakeFiles/gpio_led_output.elf.dir/device/system_MIMXRT1052.c.obj
 .ARM.attributes
                0x00000104       0x2e CMakeFiles/gpio_led_output.elf.dir/device/startup_mimxrt1052.c.obj
 .ARM.attributes
                0x00000132       0x2e CMakeFiles/gpio_led_output.elf.dir/drivers/fsl_lpuart.c.obj
 .ARM.attributes
                0x00000160       0x2e CMakeFiles/gpio_led_output.elf.dir/drivers/fsl_gpio.c.obj
 .ARM.attributes
                0x0000018e       0x2e CMakeFiles/gpio_led_output.elf.dir/drivers/fsl_common_arm.c.obj
 .ARM.attributes
                0x000001bc       0x2e CMakeFiles/gpio_led_output.elf.dir/drivers/fsl_clock.c.obj
 .ARM.attributes
                0x000001ea       0x2e CMakeFiles/gpio_led_output.elf.dir/source/gpio_led_output.c.obj
 .ARM.attributes
                0x00000218       0x1c CMakeFiles/gpio_led_output.elf.dir/utilities/fsl_memcpy.S.obj
 .ARM.attributes
                0x00000234       0x2e CMakeFiles/gpio_led_output.elf.dir/utilities/fsl_debug_console.c.obj
 .ARM.attributes
                0x00000262       0x1e c:/arm32/toolchain/12.3-rel1-nxp/bin/../lib/gcc/arm-none-eabi/12.3.1/thumb/v7e-m/nofp\libgcc.a(_aeabi_uldivmod.o)
 .ARM.attributes
                0x00000280       0x2e c:/arm32/toolchain/12.3-rel1-nxp/bin/../lib/gcc/arm-none-eabi/12.3.1/thumb/v7e-m/nofp\libgcc.a(_udivmoddi4.o)
 .ARM.attributes
                0x000002ae       0x1e c:/arm32/toolchain/12.3-rel1-nxp/bin/../lib/gcc/arm-none-eabi/12.3.1/thumb/v7e-m/nofp\libgcc.a(_dvmd_tls.o)
 .ARM.attributes
                0x000002cc       0x2e c:/arm32/toolchain/12.3-rel1-nxp/bin/../lib/gcc/arm-none-eabi/12.3.1/thumb/v7e-m/nofp\libc.a(libc_a-memset.o)
 .ARM.attributes
                0x000002fa       0x1c c:/arm32/toolchain/12.3-rel1-nxp/bin/../lib/gcc/arm-none-eabi/12.3.1/thumb/v7e-m/nofp\libc.a(libc_a-strlen.o)
 .ARM.attributes
                0x00000316       0x2e c:/arm32/toolchain/12.3-rel1-nxp/bin/../lib/gcc/arm-none-eabi/12.3.1/../../../../arm-none-eabi/lib/thumb/v7e-m/nofp\libcr_c.a(_cr_assert.o)

.comment        0x00000000       0x45
 .comment       0x00000000       0x45 CMakeFiles/gpio_led_output.elf.dir/board/pin_mux.c.obj
                                 0x46 (size before relaxing)
 .comment       0x00000045       0x46 CMakeFiles/gpio_led_output.elf.dir/board/clock_config.c.obj
 .comment       0x00000045       0x46 CMakeFiles/gpio_led_output.elf.dir/board/board.c.obj
 .comment       0x00000045       0x46 CMakeFiles/gpio_led_output.elf.dir/component/uart/fsl_adapter_lpuart.c.obj
 .comment       0x00000045       0x46 CMakeFiles/gpio_led_output.elf.dir/device/system_MIMXRT1052.c.obj
 .comment       0x00000045       0x46 CMakeFiles/gpio_led_output.elf.dir/device/startup_mimxrt1052.c.obj
 .comment       0x00000045       0x46 CMakeFiles/gpio_led_output.elf.dir/drivers/fsl_lpuart.c.obj
 .comment       0x00000045       0x46 CMakeFiles/gpio_led_output.elf.dir/drivers/fsl_gpio.c.obj
 .comment       0x00000045       0x46 CMakeFiles/gpio_led_output.elf.dir/drivers/fsl_common_arm.c.obj
 .comment       0x00000045       0x46 CMakeFiles/gpio_led_output.elf.dir/drivers/fsl_clock.c.obj
 .comment       0x00000045       0x46 CMakeFiles/gpio_led_output.elf.dir/source/gpio_led_output.c.obj
 .comment       0x00000045       0x46 CMakeFiles/gpio_led_output.elf.dir/utilities/fsl_debug_console.c.obj
 .comment       0x00000045       0x46 c:/arm32/toolchain/12.3-rel1-nxp/bin/../lib/gcc/arm-none-eabi/12.3.1/../../../../arm-none-eabi/lib/thumb/v7e-m/nofp\libcr_c.a(_cr_assert.o)

.debug_info     0x00000000     0xc961
 .debug_info    0x00000000      0x889 CMakeFiles/gpio_led_output.elf.dir/board/pin_mux.c.obj
 .debug_info    0x00000889     0x19a8 CMakeFiles/gpio_led_output.elf.dir/board/clock_config.c.obj
 .debug_info    0x00002231      0xfe0 CMakeFiles/gpio_led_output.elf.dir/board/board.c.obj
 .debug_info    0x00003211      0xb9c CMakeFiles/gpio_led_output.elf.dir/component/uart/fsl_adapter_lpuart.c.obj
 .debug_info    0x00003dad      0xc28 CMakeFiles/gpio_led_output.elf.dir/device/system_MIMXRT1052.c.obj
 .debug_info    0x000049d5     0x1369 CMakeFiles/gpio_led_output.elf.dir/device/startup_mimxrt1052.c.obj
 .debug_info    0x00005d3e     0x27cc CMakeFiles/gpio_led_output.elf.dir/drivers/fsl_lpuart.c.obj
 .debug_info    0x0000850a      0xda5 CMakeFiles/gpio_led_output.elf.dir/drivers/fsl_gpio.c.obj
 .debug_info    0x000092af      0x2fe CMakeFiles/gpio_led_output.elf.dir/drivers/fsl_common_arm.c.obj
 .debug_info    0x000095ad     0x23d9 CMakeFiles/gpio_led_output.elf.dir/drivers/fsl_clock.c.obj
 .debug_info    0x0000b986      0x2c2 CMakeFiles/gpio_led_output.elf.dir/source/gpio_led_output.c.obj
 .debug_info    0x0000bc48       0x25 CMakeFiles/gpio_led_output.elf.dir/utilities/fsl_memcpy.S.obj
 .debug_info    0x0000bc6d      0xc6c CMakeFiles/gpio_led_output.elf.dir/utilities/fsl_debug_console.c.obj
 .debug_info    0x0000c8d9       0x88 c:/arm32/toolchain/12.3-rel1-nxp/bin/../lib/gcc/arm-none-eabi/12.3.1/../../../../arm-none-eabi/lib/thumb/v7e-m/nofp\libcr_c.a(_cr_assert.o)

.debug_abbrev   0x00000000     0x1dfd
 .debug_abbrev  0x00000000      0x23d CMakeFiles/gpio_led_output.elf.dir/board/pin_mux.c.obj
 .debug_abbrev  0x0000023d      0x33b CMakeFiles/gpio_led_output.elf.dir/board/clock_config.c.obj
 .debug_abbrev  0x00000578      0x319 CMakeFiles/gpio_led_output.elf.dir/board/board.c.obj
 .debug_abbrev  0x00000891      0x1ee CMakeFiles/gpio_led_output.elf.dir/component/uart/fsl_adapter_lpuart.c.obj
 .debug_abbrev  0x00000a7f      0x178 CMakeFiles/gpio_led_output.elf.dir/device/system_MIMXRT1052.c.obj
 .debug_abbrev  0x00000bf7      0x167 CMakeFiles/gpio_led_output.elf.dir/device/startup_mimxrt1052.c.obj
 .debug_abbrev  0x00000d5e      0x49d CMakeFiles/gpio_led_output.elf.dir/drivers/fsl_lpuart.c.obj
 .debug_abbrev  0x000011fb      0x2ce CMakeFiles/gpio_led_output.elf.dir/drivers/fsl_gpio.c.obj
 .debug_abbrev  0x000014c9      0x16d CMakeFiles/gpio_led_output.elf.dir/drivers/fsl_common_arm.c.obj
 .debug_abbrev  0x00001636      0x376 CMakeFiles/gpio_led_output.elf.dir/drivers/fsl_clock.c.obj
 .debug_abbrev  0x000019ac      0x17c CMakeFiles/gpio_led_output.elf.dir/source/gpio_led_output.c.obj
 .debug_abbrev  0x00001b28       0x14 CMakeFiles/gpio_led_output.elf.dir/utilities/fsl_memcpy.S.obj
 .debug_abbrev  0x00001b3c      0x25e CMakeFiles/gpio_led_output.elf.dir/utilities/fsl_debug_console.c.obj
 .debug_abbrev  0x00001d9a       0x63 c:/arm32/toolchain/12.3-rel1-nxp/bin/../lib/gcc/arm-none-eabi/12.3.1/../../../../arm-none-eabi/lib/thumb/v7e-m/nofp\libcr_c.a(_cr_assert.o)

.debug_aranges  0x00000000      0xbb0
 .debug_aranges
                0x00000000       0x50 CMakeFiles/gpio_led_output.elf.dir/board/pin_mux.c.obj
 .debug_aranges
                0x00000050       0x80 CMakeFiles/gpio_led_output.elf.dir/board/clock_config.c.obj
 .debug_aranges
                0x000000d0       0x58 CMakeFiles/gpio_led_output.elf.dir/board/board.c.obj
 .debug_aranges
                0x00000128       0x58 CMakeFiles/gpio_led_output.elf.dir/component/uart/fsl_adapter_lpuart.c.obj
 .debug_aranges
                0x00000180       0x30 CMakeFiles/gpio_led_output.elf.dir/device/system_MIMXRT1052.c.obj
 .debug_aranges
                0x000001b0      0x540 CMakeFiles/gpio_led_output.elf.dir/device/startup_mimxrt1052.c.obj
 .debug_aranges
                0x000006f0      0x1a8 CMakeFiles/gpio_led_output.elf.dir/drivers/fsl_lpuart.c.obj
 .debug_aranges
                0x00000898       0x58 CMakeFiles/gpio_led_output.elf.dir/drivers/fsl_gpio.c.obj
 .debug_aranges
                0x000008f0       0x38 CMakeFiles/gpio_led_output.elf.dir/drivers/fsl_common_arm.c.obj
 .debug_aranges
                0x00000928      0x1b0 CMakeFiles/gpio_led_output.elf.dir/drivers/fsl_clock.c.obj
 .debug_aranges
                0x00000ad8       0x20 CMakeFiles/gpio_led_output.elf.dir/source/gpio_led_output.c.obj
 .debug_aranges
                0x00000af8       0x20 CMakeFiles/gpio_led_output.elf.dir/utilities/fsl_memcpy.S.obj
 .debug_aranges
                0x00000b18       0x78 CMakeFiles/gpio_led_output.elf.dir/utilities/fsl_debug_console.c.obj
 .debug_aranges
                0x00000b90       0x20 c:/arm32/toolchain/12.3-rel1-nxp/bin/../lib/gcc/arm-none-eabi/12.3.1/../../../../arm-none-eabi/lib/thumb/v7e-m/nofp\libcr_c.a(_cr_assert.o)

.debug_rnglists
                0x00000000      0x884
 .debug_rnglists
                0x00000000       0x38 CMakeFiles/gpio_led_output.elf.dir/board/pin_mux.c.obj
 .debug_rnglists
                0x00000038       0x5f CMakeFiles/gpio_led_output.elf.dir/board/clock_config.c.obj
 .debug_rnglists
                0x00000097       0x3e CMakeFiles/gpio_led_output.elf.dir/board/board.c.obj
 .debug_rnglists
                0x000000d5       0x3f CMakeFiles/gpio_led_output.elf.dir/component/uart/fsl_adapter_lpuart.c.obj
 .debug_rnglists
                0x00000114       0x21 CMakeFiles/gpio_led_output.elf.dir/device/system_MIMXRT1052.c.obj
 .debug_rnglists
                0x00000135      0x3eb CMakeFiles/gpio_led_output.elf.dir/device/startup_mimxrt1052.c.obj
 .debug_rnglists
                0x00000520      0x147 CMakeFiles/gpio_led_output.elf.dir/drivers/fsl_lpuart.c.obj
 .debug_rnglists
                0x00000667       0x3f CMakeFiles/gpio_led_output.elf.dir/drivers/fsl_gpio.c.obj
 .debug_rnglists
                0x000006a6       0x26 CMakeFiles/gpio_led_output.elf.dir/drivers/fsl_common_arm.c.obj
 .debug_rnglists
                0x000006cc      0x14b CMakeFiles/gpio_led_output.elf.dir/drivers/fsl_clock.c.obj
 .debug_rnglists
                0x00000817       0x14 CMakeFiles/gpio_led_output.elf.dir/source/gpio_led_output.c.obj
 .debug_rnglists
                0x0000082b       0x59 CMakeFiles/gpio_led_output.elf.dir/utilities/fsl_debug_console.c.obj

.debug_macro    0x00000000    0x2aebd
 .debug_macro   0x00000000      0x139 CMakeFiles/gpio_led_output.elf.dir/board/pin_mux.c.obj
 .debug_macro   0x00000139      0xae4 CMakeFiles/gpio_led_output.elf.dir/board/pin_mux.c.obj
 .debug_macro   0x00000c1d       0x10 CMakeFiles/gpio_led_output.elf.dir/board/pin_mux.c.obj
 .debug_macro   0x00000c2d       0x1c CMakeFiles/gpio_led_output.elf.dir/board/pin_mux.c.obj
 .debug_macro   0x00000c49       0x22 CMakeFiles/gpio_led_output.elf.dir/board/pin_mux.c.obj
 .debug_macro   0x00000c6b      0x12e CMakeFiles/gpio_led_output.elf.dir/board/pin_mux.c.obj
 .debug_macro   0x00000d99      0x5b3 CMakeFiles/gpio_led_output.elf.dir/board/pin_mux.c.obj
 .debug_macro   0x0000134c       0x22 CMakeFiles/gpio_led_output.elf.dir/board/pin_mux.c.obj
 .debug_macro   0x0000136e       0x10 CMakeFiles/gpio_led_output.elf.dir/board/pin_mux.c.obj
 .debug_macro   0x0000137e       0x4d CMakeFiles/gpio_led_output.elf.dir/board/pin_mux.c.obj
 .debug_macro   0x000013cb       0x1c CMakeFiles/gpio_led_output.elf.dir/board/pin_mux.c.obj
 .debug_macro   0x000013e7       0x22 CMakeFiles/gpio_led_output.elf.dir/board/pin_mux.c.obj
 .debug_macro   0x00001409       0xfb CMakeFiles/gpio_led_output.elf.dir/board/pin_mux.c.obj
 .debug_macro   0x00001504     0x1313 CMakeFiles/gpio_led_output.elf.dir/board/pin_mux.c.obj
 .debug_macro   0x00002817      0x11f CMakeFiles/gpio_led_output.elf.dir/board/pin_mux.c.obj
 .debug_macro   0x00002936       0x22 CMakeFiles/gpio_led_output.elf.dir/board/pin_mux.c.obj
 .debug_macro   0x00002958       0x22 CMakeFiles/gpio_led_output.elf.dir/board/pin_mux.c.obj
 .debug_macro   0x0000297a    0x24b6b CMakeFiles/gpio_led_output.elf.dir/board/pin_mux.c.obj
 .debug_macro   0x000274e5      0x943 CMakeFiles/gpio_led_output.elf.dir/board/pin_mux.c.obj
 .debug_macro   0x00027e28       0x7a CMakeFiles/gpio_led_output.elf.dir/board/pin_mux.c.obj
 .debug_macro   0x00027ea2       0xb6 CMakeFiles/gpio_led_output.elf.dir/board/pin_mux.c.obj
 .debug_macro   0x00027f58      0x24e CMakeFiles/gpio_led_output.elf.dir/board/pin_mux.c.obj
 .debug_macro   0x000281a6     0x1764 CMakeFiles/gpio_led_output.elf.dir/board/pin_mux.c.obj
 .debug_macro   0x0002990a       0x8e CMakeFiles/gpio_led_output.elf.dir/board/pin_mux.c.obj
 .debug_macro   0x00029998      0x13f CMakeFiles/gpio_led_output.elf.dir/board/clock_config.c.obj
 .debug_macro   0x00029ad7      0x26f CMakeFiles/gpio_led_output.elf.dir/board/clock_config.c.obj
 .debug_macro   0x00029d46      0x16c CMakeFiles/gpio_led_output.elf.dir/board/board.c.obj
 .debug_macro   0x00029eb2       0x22 CMakeFiles/gpio_led_output.elf.dir/board/board.c.obj
 .debug_macro   0x00029ed4       0x1c CMakeFiles/gpio_led_output.elf.dir/board/board.c.obj
 .debug_macro   0x00029ef0       0x34 CMakeFiles/gpio_led_output.elf.dir/board/board.c.obj
 .debug_macro   0x00029f24      0x275 CMakeFiles/gpio_led_output.elf.dir/board/board.c.obj
 .debug_macro   0x0002a199       0x10 CMakeFiles/gpio_led_output.elf.dir/board/board.c.obj
 .debug_macro   0x0002a1a9      0x188 CMakeFiles/gpio_led_output.elf.dir/board/board.c.obj
 .debug_macro   0x0002a331      0x15b CMakeFiles/gpio_led_output.elf.dir/component/uart/fsl_adapter_lpuart.c.obj
 .debug_macro   0x0002a48c       0x10 CMakeFiles/gpio_led_output.elf.dir/component/uart/fsl_adapter_lpuart.c.obj
 .debug_macro   0x0002a49c       0x41 CMakeFiles/gpio_led_output.elf.dir/component/uart/fsl_adapter_lpuart.c.obj
 .debug_macro   0x0002a4dd       0xb3 CMakeFiles/gpio_led_output.elf.dir/device/system_MIMXRT1052.c.obj