Archive member included to satisfy reference by file (symbol)

c:/arm32/toolchain/12.3-rel1-nxp/bin/../lib/gcc/arm-none-eabi/12.3.1/thumb/v7e-m/nofp\libgcc.a(_aeabi_uldivmod.o)
                              CMakeFiles/main_programm.elf.dir/device/system_MIMXRT1052.c.obj (__aeabi_uldivmod)
c:/arm32/toolchain/12.3-rel1-nxp/bin/../lib/gcc/arm-none-eabi/12.3.1/thumb/v7e-m/nofp\libgcc.a(_udivmoddi4.o)
                              c:/arm32/toolchain/12.3-rel1-nxp/bin/../lib/gcc/arm-none-eabi/12.3.1/thumb/v7e-m/nofp\libgcc.a(_aeabi_uldivmod.o) (__udivmoddi4)
c:/arm32/toolchain/12.3-rel1-nxp/bin/../lib/gcc/arm-none-eabi/12.3.1/thumb/v7e-m/nofp\libgcc.a(_dvmd_tls.o)
                              c:/arm32/toolchain/12.3-rel1-nxp/bin/../lib/gcc/arm-none-eabi/12.3.1/thumb/v7e-m/nofp\libgcc.a(_aeabi_uldivmod.o) (__aeabi_ldiv0)
c:/arm32/toolchain/12.3-rel1-nxp/bin/../lib/gcc/arm-none-eabi/12.3.1/thumb/v7e-m/nofp\libg.a(libc_a-exit.o)
                              c:/arm32/toolchain/12.3-rel1-nxp/bin/../lib/gcc/arm-none-eabi/12.3.1/thumb/v7e-m/nofp/crt0.o (exit)
c:/arm32/toolchain/12.3-rel1-nxp/bin/../lib/gcc/arm-none-eabi/12.3.1/thumb/v7e-m/nofp\libg.a(libc_a-malloc.o)
                              CMakeFiles/main_programm.elf.dir/drivers/fsl_common.c.obj (malloc)
c:/arm32/toolchain/12.3-rel1-nxp/bin/../lib/gcc/arm-none-eabi/12.3.1/thumb/v7e-m/nofp\libg.a(libc_a-mallocr.o)
                              c:/arm32/toolchain/12.3-rel1-nxp/bin/../lib/gcc/arm-none-eabi/12.3.1/thumb/v7e-m/nofp\libg.a(libc_a-malloc.o) (_malloc_r)
c:/arm32/toolchain/12.3-rel1-nxp/bin/../lib/gcc/arm-none-eabi/12.3.1/thumb/v7e-m/nofp\libg.a(libc_a-mlock.o)
                              c:/arm32/toolchain/12.3-rel1-nxp/bin/../lib/gcc/arm-none-eabi/12.3.1/thumb/v7e-m/nofp\libg.a(libc_a-mallocr.o) (__malloc_lock)
c:/arm32/toolchain/12.3-rel1-nxp/bin/../lib/gcc/arm-none-eabi/12.3.1/thumb/v7e-m/nofp\libg.a(libc_a-strtoul.o)
                              CMakeFiles/main_programm.elf.dir/utilities/fsl_str.c.obj (strtoul)
c:/arm32/toolchain/12.3-rel1-nxp/bin/../lib/gcc/arm-none-eabi/12.3.1/thumb/v7e-m/nofp\libg.a(libc_a-ctype_.o)
                              c:/arm32/toolchain/12.3-rel1-nxp/bin/../lib/gcc/arm-none-eabi/12.3.1/thumb/v7e-m/nofp\libg.a(libc_a-strtoul.o) (_ctype_)
c:/arm32/toolchain/12.3-rel1-nxp/bin/../lib/gcc/arm-none-eabi/12.3.1/thumb/v7e-m/nofp\libg.a(libc_a-findfp.o)
                              c:/arm32/toolchain/12.3-rel1-nxp/bin/../lib/gcc/arm-none-eabi/12.3.1/thumb/v7e-m/nofp\libg.a(libc_a-exit.o) (__stdio_exit_handler)
c:/arm32/toolchain/12.3-rel1-nxp/bin/../lib/gcc/arm-none-eabi/12.3.1/thumb/v7e-m/nofp\libg.a(libc_a-fwalk.o)
                              c:/arm32/toolchain/12.3-rel1-nxp/bin/../lib/gcc/arm-none-eabi/12.3.1/thumb/v7e-m/nofp\libg.a(libc_a-findfp.o) (_fwalk_sglue)
c:/arm32/toolchain/12.3-rel1-nxp/bin/../lib/gcc/arm-none-eabi/12.3.1/thumb/v7e-m/nofp\libg.a(libc_a-stdio.o)
                              c:/arm32/toolchain/12.3-rel1-nxp/bin/../lib/gcc/arm-none-eabi/12.3.1/thumb/v7e-m/nofp\libg.a(libc_a-findfp.o) (__sread)
c:/arm32/toolchain/12.3-rel1-nxp/bin/../lib/gcc/arm-none-eabi/12.3.1/thumb/v7e-m/nofp\libg.a(libc_a-memset.o)
                              c:/arm32/toolchain/12.3-rel1-nxp/bin/../lib/gcc/arm-none-eabi/12.3.1/thumb/v7e-m/nofp/crt0.o (memset)
c:/arm32/toolchain/12.3-rel1-nxp/bin/../lib/gcc/arm-none-eabi/12.3.1/thumb/v7e-m/nofp\libg.a(libc_a-closer.o)
                              c:/arm32/toolchain/12.3-rel1-nxp/bin/../lib/gcc/arm-none-eabi/12.3.1/thumb/v7e-m/nofp\libg.a(libc_a-stdio.o) (_close_r)
c:/arm32/toolchain/12.3-rel1-nxp/bin/../lib/gcc/arm-none-eabi/12.3.1/thumb/v7e-m/nofp\libg.a(libc_a-reent.o)
                              c:/arm32/toolchain/12.3-rel1-nxp/bin/../lib/gcc/arm-none-eabi/12.3.1/thumb/v7e-m/nofp\libg.a(libc_a-closer.o) (errno)
c:/arm32/toolchain/12.3-rel1-nxp/bin/../lib/gcc/arm-none-eabi/12.3.1/thumb/v7e-m/nofp\libg.a(libc_a-impure.o)
                              c:/arm32/toolchain/12.3-rel1-nxp/bin/../lib/gcc/arm-none-eabi/12.3.1/thumb/v7e-m/nofp\libg.a(libc_a-malloc.o) (_impure_ptr)
c:/arm32/toolchain/12.3-rel1-nxp/bin/../lib/gcc/arm-none-eabi/12.3.1/thumb/v7e-m/nofp\libg.a(libc_a-lseekr.o)
                              c:/arm32/toolchain/12.3-rel1-nxp/bin/../lib/gcc/arm-none-eabi/12.3.1/thumb/v7e-m/nofp\libg.a(libc_a-stdio.o) (_lseek_r)
c:/arm32/toolchain/12.3-rel1-nxp/bin/../lib/gcc/arm-none-eabi/12.3.1/thumb/v7e-m/nofp\libg.a(libc_a-readr.o)
                              c:/arm32/toolchain/12.3-rel1-nxp/bin/../lib/gcc/arm-none-eabi/12.3.1/thumb/v7e-m/nofp\libg.a(libc_a-stdio.o) (_read_r)
c:/arm32/toolchain/12.3-rel1-nxp/bin/../lib/gcc/arm-none-eabi/12.3.1/thumb/v7e-m/nofp\libg.a(libc_a-sbrkr.o)
                              c:/arm32/toolchain/12.3-rel1-nxp/bin/../lib/gcc/arm-none-eabi/12.3.1/thumb/v7e-m/nofp\libg.a(libc_a-mallocr.o) (_sbrk_r)
c:/arm32/toolchain/12.3-rel1-nxp/bin/../lib/gcc/arm-none-eabi/12.3.1/thumb/v7e-m/nofp\libg.a(libc_a-writer.o)
[...]
Memory Configuration

Name             Origin             Length             Attributes
TFT_FLASH        0x60002000         0x00ffe000         xr
TFT_SDRAM        0x80000000         0x01000000         xrw
NCACHE_REGION    0x81000000         0x01000000         xrw
SRAM_DTC         0x20000000         0x00020000         xrw
SRAM_ITC         0x00000000         0x00020000         xrw
SRAM_OC          0x20200000         0x00040000         xrw
*default*        0x00000000         0xffffffff

Linker script and memory map

LOAD c:/arm32/toolchain/12.3-rel1-nxp/bin/../lib/gcc/arm-none-eabi/12.3.1/thumb/v7e-m/nofp/crti.o
LOAD c:/arm32/toolchain/12.3-rel1-nxp/bin/../lib/gcc/arm-none-eabi/12.3.1/thumb/v7e-m/nofp/crtbegin.o
LOAD c:/arm32/toolchain/12.3-rel1-nxp/bin/../lib/gcc/arm-none-eabi/12.3.1/thumb/v7e-m/nofp/crt0.o
LOAD CMakeFiles/main_programm.elf.dir/board/pin_mux.c.obj
LOAD CMakeFiles/main_programm.elf.dir/board/dcd.c.obj
LOAD CMakeFiles/main_programm.elf.dir/board/clock_config.c.obj
LOAD CMakeFiles/main_programm.elf.dir/board/board.c.obj
LOAD CMakeFiles/main_programm.elf.dir/device/system_MIMXRT1052.c.obj
LOAD CMakeFiles/main_programm.elf.dir/device/startup_mimxrt1052.c.obj
LOAD CMakeFiles/main_programm.elf.dir/source/main.c.obj
LOAD CMakeFiles/main_programm.elf.dir/utilities/fsl_str.c.obj
LOAD CMakeFiles/main_programm.elf.dir/utilities/fsl_memcpy.S.obj
LOAD CMakeFiles/main_programm.elf.dir/utilities/fsl_debug_console.c.obj
LOAD CMakeFiles/main_programm.elf.dir/utilities/fsl_assert.c.obj
LOAD CMakeFiles/main_programm.elf.dir/xip/fsl_flexspi_nor_boot.c.obj
LOAD CMakeFiles/main_programm.elf.dir/xip/evkbimxrt1050_flexspi_nor_config.c.obj
LOAD CMakeFiles/main_programm.elf.dir/drivers/fsl_clock.c.obj
LOAD CMakeFiles/main_programm.elf.dir/drivers/fsl_common.c.obj
LOAD CMakeFiles/main_programm.elf.dir/drivers/fsl_common_arm.c.obj
LOAD CMakeFiles/main_programm.elf.dir/drivers/fsl_gpio.c.obj
LOAD CMakeFiles/main_programm.elf.dir/drivers/fsl_lpuart.c.obj
LOAD CMakeFiles/main_programm.elf.dir/drivers/fsl_pit.c.obj
LOAD CMakeFiles/main_programm.elf.dir/drivers/fsl_wdog.c.obj
LOAD CMakeFiles/main_programm.elf.dir/components/hal_gpio/fsl_adapter_igpio.c.obj
LOAD CMakeFiles/main_programm.elf.dir/components/hal_uart/fsl_adapter_lpuart.c.obj
LOAD CMakeFiles/main_programm.elf.dir/components/hal_tim/fsl_adapter_pit.c.obj
LOAD CMakeFiles/main_programm.elf.dir/components/generic_list/fsl_component_generic_list.c.obj
LOAD CMakeFiles/main_programm.elf.dir/components/serial_manager/fsl_component_serial_manager.c.obj
LOAD CMakeFiles/main_programm.elf.dir/components/serial_manager/fsl_component_serial_port_uart.c.obj
LOAD CMakeFiles/main_programm.elf.dir/components/heartbeat/watchdog.c.obj
LOAD CMakeFiles/main_programm.elf.dir/components/heartbeat/heartbeat.c.obj
START GROUP
LOAD c:/arm32/toolchain/12.3-rel1-nxp/bin/../lib/gcc/arm-none-eabi/12.3.1/thumb/v7e-m/nofp\libgcc.a
LOAD c:/arm32/toolchain/12.3-rel1-nxp/bin/../lib/gcc/arm-none-eabi/12.3.1/thumb/v7e-m/nofp\libg.a
LOAD c:/arm32/toolchain/12.3-rel1-nxp/bin/../lib/gcc/arm-none-eabi/12.3.1/thumb/v7e-m/nofp\libc.a
END GROUP
LOAD c:/arm32/toolchain/12.3-rel1-nxp/bin/../lib/gcc/arm-none-eabi/12.3.1/thumb/v7e-m/nofp/crtend.o
LOAD c:/arm32/toolchain/12.3-rel1-nxp/bin/../lib/gcc/arm-none-eabi/12.3.1/thumb/v7e-m/nofp/crtn.o
START GROUP
LOAD c:/arm32/toolchain/12.3-rel1-nxp/bin/../lib/gcc/arm-none-eabi/12.3.1/../../../../arm-none-eabi/lib/thumb/v7e-m/nofp\libcr_c.a
LOAD c:/arm32/toolchain/12.3-rel1-nxp/bin/../lib/gcc/arm-none-eabi/12.3.1/thumb/v7e-m/nofp\libcr_eabihelpers.a
LOAD c:/arm32/toolchain/12.3-rel1-nxp/bin/../lib/gcc/arm-none-eabi/12.3.1/thumb/v7e-m/nofp\libgcc.a
END GROUP
                0x60002000                        __base_TFT_FLASH = 0x60002000
                0x60002000                        __base_Flash = 0x60002000
                0x61000000                        __top_TFT_FLASH = 0x61000000
                0x61000000                        __top_Flash = 0x61000000
                0x80000000                        __base_TFT_SDRAM = 0x80000000
                0x80000000                        __base_RAM = 0x80000000
                0x81000000                        __top_TFT_SDRAM = 0x81000000
                0x81000000                        __top_RAM = 0x81000000
                0x81000000                        __base_NCACHE_REGION = 0x81000000
                0x81000000                        __base_RAM2 = 0x81000000
                0x82000000                        __top_NCACHE_REGION = 0x82000000
                0x82000000                        __top_RAM2 = 0x82000000
                0x20000000                        __base_SRAM_DTC = 0x20000000
                0x20000000                        __base_RAM3 = 0x20000000
                0x20020000                        __top_SRAM_DTC = 0x20020000
                0x20020000                        __top_RAM3 = 0x20020000
                0x00000000                        __base_SRAM_ITC = 0x0
                0x00000000                        __base_RAM4 = 0x0
                0x00020000                        __top_SRAM_ITC = 0x20000
                0x00020000                        __top_RAM4 = 0x20000
                0x20200000                        __base_SRAM_OC = 0x20200000
                0x20200000                        __base_RAM5 = 0x20200000
                0x20240000                        __top_SRAM_OC = 0x20240000
                0x20240000                        __top_RAM5 = 0x20240000

.text           0x60002000     0x7920
 FILL mask 0xff
                0x60002000                        __vectors_start__ = ABSOLUTE (.)
 *(.isr_vector)
 .isr_vector    0x60002000      0x2a0 CMakeFiles/main_programm.elf.dir/device/startup_mimxrt1052.c.obj
                0x60002000                g_pfnVectors
                0x60002000                __Vectors
                0x600022a0                        . = ALIGN (0x4)
                0x600022a0                        __section_table_start = .
                0x600022a0                        __data_section_table = .
                0x600022a0        0x4 LONG 0x60009930 LOADADDR (.data)
                0x600022a4        0x4 LONG 0x80000000 ADDR (.data)
                0x600022a8        0x4 LONG 0x4 SIZEOF (.data)
                0x600022ac        0x4 LONG 0x60009930 LOADADDR (.data_RAM2)
                0x600022b0        0x4 LONG 0x81000000 ADDR (.data_RAM2)
                0x600022b4        0x4 LONG 0x0 SIZEOF (.data_RAM2)
                0x600022b8        0x4 LONG 0x60009930 LOADADDR (.data_RAM3)
                0x600022bc        0x4 LONG 0x20000000 ADDR (.data_RAM3)
                0x600022c0        0x4 LONG 0x0 SIZEOF (.data_RAM3)
                0x600022c4        0x4 LONG 0x60009930 LOADADDR (.data_RAM4)
                0x600022c8        0x4 LONG 0x0 ADDR (.data_RAM4)
                0x600022cc        0x4 LONG 0x0 SIZEOF (.data_RAM4)
                0x600022d0        0x4 LONG 0x60009930 LOADADDR (.data_RAM5)
                0x600022d4        0x4 LONG 0x20200000 ADDR (.data_RAM5)
                0x600022d8        0x4 LONG 0x0 SIZEOF (.data_RAM5)
                0x600022dc                        __data_section_table_end = .
                0x600022dc                        __bss_section_table = .
                0x600022dc        0x4 LONG 0x80000004 ADDR (.bss)
                0x600022e0        0x4 LONG 0x820 SIZEOF (.bss)
                0x600022e4        0x4 LONG 0x81000000 ADDR (.bss_RAM2)
                0x600022e8        0x4 LONG 0x0 SIZEOF (.bss_RAM2)
                0x600022ec        0x4 LONG 0x20000000 ADDR (.bss_RAM3)
                0x600022f0        0x4 LONG 0x0 SIZEOF (.bss_RAM3)
                0x600022f4        0x4 LONG 0x0 ADDR (.bss_RAM4)
                0x600022f8        0x4 LONG 0x0 SIZEOF (.bss_RAM4)
                0x600022fc        0x4 LONG 0x20200000 ADDR (.bss_RAM5)
                0x60002300        0x4 LONG 0x0 SIZEOF (.bss_RAM5)
                0x60002304                        __bss_section_table_end = .
                0x60002304                        __section_table_end = .
 *(.after_vectors*)
 .after_vectors.init_data
                0x60002304       0x1c CMakeFiles/main_programm.elf.dir/device/startup_mimxrt1052.c.obj
                0x60002304                data_init
 .after_vectors.init_bss
                0x60002320       0x12 CMakeFiles/main_programm.elf.dir/device/startup_mimxrt1052.c.obj
                0x60002320                bss_init
 *fill*         0x60002332        0x2 ff
 .after_vectors.reset
                0x60002334       0x54 CMakeFiles/main_programm.elf.dir/device/startup_mimxrt1052.c.obj
                0x60002334                ResetISR
 .after_vectors
                0x60002388       0x14 CMakeFiles/main_programm.elf.dir/device/startup_mimxrt1052.c.obj
                0x60002388                NMI_Handler
                0x6000238a                HardFault_Handler
                0x6000238c                MemManage_Handler
                0x6000238e                BusFault_Handler
                0x60002390                UsageFault_Handler
                0x60002392                SVC_Handler
                0x60002394                DebugMon_Handler
                0x60002396                PendSV_Handler
                0x60002398                SysTick_Handler
                0x6000239a                PMU_EVENT_DriverIRQHandler
                0x6000239a                PWM4_FAULT_DriverIRQHandler
                0x6000239a                DMA13_DMA29_DriverIRQHandler
                0x6000239a                FLEXRAM_DriverIRQHandler
                0x6000239a                CCM_2_DriverIRQHandler
                0x6000239a                LPSPI4_DriverIRQHandler
                0x6000239a                SEMC_DriverIRQHandler
                0x6000239a                SPDIF_DriverIRQHandler
                0x6000239a                PIT_DriverIRQHandler
                0x6000239a                PWM4_3_DriverIRQHandler
                0x6000239a                LCDIF_DriverIRQHandler
                0x6000239a                SAI3_RX_DriverIRQHandler
                0x6000239a                USB_PHY1_DriverIRQHandler
                0x6000239a                GPIO3_Combined_0_15_DriverIRQHandler
                0x6000239a                DMA7_DMA23_DriverIRQHandler
                0x6000239a                BEE_DriverIRQHandler
                0x6000239a                LPI2C3_DriverIRQHandler
                0x6000239a                GPR_IRQ_DriverIRQHandler
                0x6000239a                PWM2_FAULT_DriverIRQHandler
                0x6000239a                PWM3_1_DriverIRQHandler
                0x6000239a                DMA14_DMA30_DriverIRQHandler
                0x6000239a                TMR1_DriverIRQHandler
                0x6000239a                TRNG_DriverIRQHandler
                0x6000239a                PWM3_2_DriverIRQHandler
                0x6000239a                ENET_1588_Timer_DriverIRQHandler
                0x6000239a                FLEXIO2_DriverIRQHandler
                0x6000239a                GPIO2_Combined_16_31_DriverIRQHandler
                0x6000239a                Reserved143_DriverIRQHandler
                0x6000239a                LPSPI2_DriverIRQHandler
                0x6000239a                PWM4_1_DriverIRQHandler
                0x6000239a                PWM3_3_DriverIRQHandler
                0x6000239a                DMA0_DMA16_DriverIRQHandler
                0x6000239a                IntDefaultHandler
                0x6000239a                DMA2_DMA18_DriverIRQHandler
                0x6000239a                SRC_DriverIRQHandler
                0x6000239a                GPIO1_INT4_DriverIRQHandler
                0x6000239a                Reserved144_DriverIRQHandler
                0x6000239a                USDHC1_DriverIRQHandler
                0x6000239a                ENC3_DriverIRQHandler
                0x6000239a                PWM3_FAULT_DriverIRQHandler
                0x6000239a                EWM_DriverIRQHandler
                0x6000239a                TSC_DIG_DriverIRQHandler
                0x6000239a                KPP_DriverIRQHandler
                0x6000239a                FLEXIO1_DriverIRQHandler
                0x6000239a                ENET_DriverIRQHandler
                0x6000239a                Reserved78_DriverIRQHandler
                0x6000239a                TMR4_DriverIRQHandler
                0x6000239a                ENC2_DriverIRQHandler
                0x6000239a                ADC_ETC_IRQ2_DriverIRQHandler
                0x6000239a                GPIO1_Combined_16_31_DriverIRQHandler
                0x6000239a                GPIO1_INT7_DriverIRQHandler
                0x6000239a                SAI1_DriverIRQHandler
                0x6000239a                DCDC_DriverIRQHandler
                0x6000239a                DMA12_DMA28_DriverIRQHandler
                0x6000239a                PWM4_0_DriverIRQHandler
                0x6000239a                ADC_ETC_ERROR_IRQ_DriverIRQHandler
                0x6000239a                ACMP2_DriverIRQHandler
                0x6000239a                GPIO5_Combined_0_15_DriverIRQHandler
                0x6000239a                GPIO1_INT0_DriverIRQHandler
                0x6000239a                GPIO1_INT2_DriverIRQHandler
                0x6000239a                RTWDOG_DriverIRQHandler
                0x6000239a                FLEXSPI_DriverIRQHandler
                0x6000239a                GPT2_DriverIRQHandler
                0x6000239a                USB_PHY2_DriverIRQHandler
                0x6000239a                DMA10_DMA26_DriverIRQHandler
                0x6000239a                PWM2_1_DriverIRQHandler
                0x6000239a                PWM1_1_DriverIRQHandler
                0x6000239a                PXP_DriverIRQHandler
                0x6000239a                ADC1_DriverIRQHandler
                0x6000239a                PWM1_0_DriverIRQHandler
                0x6000239a                SJC_DriverIRQHandler
                0x6000239a                DMA1_DMA17_DriverIRQHandler
                0x6000239a                ENC1_DriverIRQHandler
                0x6000239a                ENC4_DriverIRQHandler
                0x6000239a                CAN2_DriverIRQHandler
                0x6000239a                DCP_DriverIRQHandler
                0x6000239a                CTI0_ERROR_DriverIRQHandler
                0x6000239a                DMA8_DMA24_DriverIRQHandler
                0x6000239a                GPT1_DriverIRQHandler
                0x6000239a                ACMP3_DriverIRQHandler
                0x6000239a                DMA6_DMA22_DriverIRQHandler
                0x6000239a                CSU_DriverIRQHandler
                0x6000239a                GPIO1_INT5_DriverIRQHandler
                0x6000239a                TMR3_DriverIRQHandler
                0x6000239a                TMR2_DriverIRQHandler
                0x6000239a                CTI1_ERROR_DriverIRQHandler
                0x6000239a                GPIO1_Combined_0_15_DriverIRQHandler
                0x6000239a                USDHC2_DriverIRQHandler
                0x6000239a                PWM4_2_DriverIRQHandler
                0x6000239a                Reserved87_DriverIRQHandler
                0x6000239a                SAI2_DriverIRQHandler
                0x6000239a                CORE_DriverIRQHandler
                0x6000239a                WDOG1_DriverIRQHandler
                0x6000239a                DMA11_DMA27_DriverIRQHandler
                0x6000239a                CSI_DriverIRQHandler
                0x6000239a                PWM2_3_DriverIRQHandler
                0x6000239a                XBAR1_IRQ_2_3_DriverIRQHandler
                0x6000239a                SNVS_HP_WRAPPER_TZ_DriverIRQHandler
                0x6000239a                GPIO3_Combined_16_31_DriverIRQHandler
                0x6000239a                PWM1_FAULT_DriverIRQHandler
                0x6000239a                LPI2C1_DriverIRQHandler
                0x6000239a                PWM2_2_DriverIRQHandler
                0x6000239a                DMA4_DMA20_DriverIRQHandler
                0x6000239a                DMA9_DMA25_DriverIRQHandler
                0x6000239a                SNVS_HP_WRAPPER_DriverIRQHandler
                0x6000239a                XBAR1_IRQ_0_1_DriverIRQHandler
                0x6000239a                ADC_ETC_IRQ1_DriverIRQHandler
                0x6000239a                LPSPI1_DriverIRQHandler
                0x6000239a                DMA3_DMA19_DriverIRQHandler
                0x6000239a                GPIO1_INT3_DriverIRQHandler
                0x6000239a                DCP_VMI_DriverIRQHandler
                0x6000239a                LPI2C4_DriverIRQHandler
                0x6000239a                GPC_DriverIRQHandler
                0x6000239a                Reserved123_DriverIRQHandler
                0x6000239a                GPIO2_Combined_0_15_DriverIRQHandler
                0x6000239a                PWM1_2_DriverIRQHandler
                0x6000239a                USB_OTG1_DriverIRQHandler
                0x6000239a                TEMP_LOW_HIGH_DriverIRQHandler
                0x6000239a                SAI3_TX_DriverIRQHandler
                0x6000239a                WDOG2_DriverIRQHandler
                0x6000239a                Reserved68_DriverIRQHandler
                0x6000239a                PWM3_0_DriverIRQHandler
                0x6000239a                GPIO4_Combined_0_15_DriverIRQHandler
                0x6000239a                GPIO4_Combined_16_31_DriverIRQHandler
                0x6000239a                GPIO5_Combined_16_31_DriverIRQHandler
                0x6000239a                DMA5_DMA21_DriverIRQHandler
                0x6000239a                CCM_1_DriverIRQHandler
                0x6000239a                ADC2_DriverIRQHandler
                0x6000239a                Reserved115_DriverIRQHandler
                0x6000239a                TEMP_PANIC_DriverIRQHandler
                0x6000239a                ACMP4_DriverIRQHandler
                0x6000239a                DMA15_DMA31_DriverIRQHandler
                0x6000239a                LPSPI3_DriverIRQHandler
                0x6000239a                PWM1_3_DriverIRQHandler
                0x6000239a                ACMP1_DriverIRQHandler
                0x6000239a                LPI2C2_DriverIRQHandler
                0x6000239a                Reserved86_DriverIRQHandler
                0x6000239a                DMA_ERROR_DriverIRQHandler
                0x6000239a                ADC_ETC_IRQ0_DriverIRQHandler
                0x6000239a                CAN1_DriverIRQHandler
                0x6000239a                GPIO1_INT6_DriverIRQHandler
                0x6000239a                GPIO1_INT1_DriverIRQHandler
                0x6000239a                PWM2_0_DriverIRQHandler
                0x6000239a                SNVS_LP_WRAPPER_DriverIRQHandler
                0x6000239a                USB_OTG2_DriverIRQHandler
 *(.text*)
 .text._SDK_AtomicLocalClearAndSet4Byte
                0x6000239c       0x4e CMakeFiles/main_programm.elf.dir/board/pin_mux.c.obj
 *fill*         0x600023ea        0x2 ff
 .text.CLOCK_ControlGate
                0x600023ec       0x70 CMakeFiles/main_programm.elf.dir/board/pin_mux.c.obj
 .text.CLOCK_EnableClock
                0x6000245c       0x1e CMakeFiles/main_programm.elf.dir/board/pin_mux.c.obj
 .text.IOMUXC_SetPinMux
                0x6000247a       0x38 CMakeFiles/main_programm.elf.dir/board/pin_mux.c.obj
 .text.IOMUXC_SetPinConfig
                0x600024b2       0x24 CMakeFiles/main_programm.elf.dir/board/pin_mux.c.obj
 .text.BOARD_InitBootPins
                0x600024d6        0xc CMakeFiles/main_programm.elf.dir/board/pin_mux.c.obj
                0x600024d6                BOARD_InitBootPins
 *fill*         0x600024e2        0x2 ff
 .text.BOARD_InitPins
                0x600024e4      0x108 CMakeFiles/main_programm.elf.dir/board/pin_mux.c.obj
                0x600024e4                BOARD_InitPins
 .text._SDK_AtomicLocalClearAndSet4Byte
                0x600025ec       0x4e CMakeFiles/main_programm.elf.dir/board/clock_config.c.obj
 *fill*         0x6000263a        0x2 ff
 .text.CLOCK_SetMux
                0x6000263c       0xac CMakeFiles/main_programm.elf.dir/board/clock_config.c.obj
 .text.CLOCK_SetDiv
                0x600026e8       0xac CMakeFiles/main_programm.elf.dir/board/clock_config.c.obj
 .text.CLOCK_ControlGate
                0x60002794       0x70 CMakeFiles/main_programm.elf.dir/board/clock_config.c.obj
 .text.CLOCK_DisableClock
                0x60002804       0x1e CMakeFiles/main_programm.elf.dir/board/clock_config.c.obj
 *fill*         0x60002822        0x2 ff
 .text.CLOCK_SetXtalFreq
                0x60002824       0x1c CMakeFiles/main_programm.elf.dir/board/clock_config.c.obj
 .text.CLOCK_SetRtcXtalFreq
                0x60002840       0x1c CMakeFiles/main_programm.elf.dir/board/clock_config.c.obj
 .text.CLOCK_SetPllBypass
                0x6000285c       0x4c CMakeFiles/main_programm.elf.dir/board/clock_config.c.obj
 .text.IOMUXC_SetSaiMClkClockSource
                0x600028a8       0x6a CMakeFiles/main_programm.elf.dir/board/clock_config.c.obj
 *fill*         0x60002912        0x2 ff
 .text.IOMUXC_MQSConfig
                0x60002914       0x44 CMakeFiles/main_programm.elf.dir/board/clock_config.c.obj
 .text.BOARD_InitBootClocks
                0x60002958        0xc CMakeFiles/main_programm.elf.dir/board/clock_config.c.obj
                0x60002958                BOARD_InitBootClocks
 .text.BOARD_BootClockRUN
                0x60002964      0x620 CMakeFiles/main_programm.elf.dir/board/clock_config.c.obj
                0x60002964                BOARD_BootClockRUN
 .text.ARM_MPU_Enable
                0x60002f84       0x44 CMakeFiles/main_programm.elf.dir/board/board.c.obj
 .text.ARM_MPU_Disable
                0x60002fc8       0x40 CMakeFiles/main_programm.elf.dir/board/board.c.obj
 .text.CLOCK_GetMux
                0x60003008       0x44 CMakeFiles/main_programm.elf.dir/board/board.c.obj
 .text.CLOCK_GetDiv
                0x6000304c       0x44 CMakeFiles/main_programm.elf.dir/board/board.c.obj
 .text.CLOCK_GetOscFreq
                0x60003090       0x30 CMakeFiles/main_programm.elf.dir/board/board.c.obj
 .text.BOARD_DebugConsoleSrcFreq
                0x600030c0       0x64 CMakeFiles/main_programm.elf.dir/board/board.c.obj
                0x600030c0                BOARD_DebugConsoleSrcFreq
 .text.BOARD_InitDebugConsole
                0x60003124       0x22 CMakeFiles/main_programm.elf.dir/board/board.c.obj
                0x60003124                BOARD_InitDebugConsole
 *fill*         0x60003146        0x2 ff
 .text.BOARD_ConfigMPU
                0x60003148      0x340 CMakeFiles/main_programm.elf.dir/board/board.c.obj
                0x60003148                BOARD_ConfigMPU
 .text.SystemInit
                0x60003488      0x134 CMakeFiles/main_programm.elf.dir/device/system_MIMXRT1052.c.obj
                0x60003488                SystemInit
 .text.SystemInitHook
                0x600035bc        0xc CMakeFiles/main_programm.elf.dir/device/system_MIMXRT1052.c.obj
                0x600035bc                SystemInitHook
 .text.DMA0_DMA16_IRQHandler
                0x600035c8        0x8 CMakeFiles/main_programm.elf.dir/device/startup_mimxrt1052.c.obj
                0x600035c8                DMA0_DMA16_IRQHandler
 .text.DMA1_DMA17_IRQHandler
                0x600035d0        0x8 CMakeFiles/main_programm.elf.dir/device/startup_mimxrt1052.c.obj
                0x600035d0                DMA1_DMA17_IRQHandler
 .text.DMA2_DMA18_IRQHandler
                0x600035d8        0x8 CMakeFiles/main_programm.elf.dir/device/startup_mimxrt1052.c.obj
                0x600035d8                DMA2_DMA18_IRQHandler
 .text.DMA3_DMA19_IRQHandler
                0x600035e0        0x8 CMakeFiles/main_programm.elf.dir/device/startup_mimxrt1052.c.obj
                0x600035e0                DMA3_DMA19_IRQHandler
 .text.DMA4_DMA20_IRQHandler
                0x600035e8        0x8 CMakeFiles/main_programm.elf.dir/device/startup_mimxrt1052.c.obj
                0x600035e8                DMA4_DMA20_IRQHandler
 .text.DMA5_DMA21_IRQHandler
                0x600035f0        0x8 CMakeFiles/main_programm.elf.dir/device/startup_mimxrt1052.c.obj
                0x600035f0                DMA5_DMA21_IRQHandler
 .text.DMA6_DMA22_IRQHandler
                0x600035f8        0x8 CMakeFiles/main_programm.elf.dir/device/startup_mimxrt1052.c.obj
                0x600035f8                DMA6_DMA22_IRQHandler
 .text.DMA7_DMA23_IRQHandler
                0x60003600        0x8 CMakeFiles/main_programm.elf.dir/device/startup_mimxrt1052.c.obj
                0x60003600                DMA7_DMA23_IRQHandler
 .text.DMA8_DMA24_IRQHandler
                0x60003608        0x8 CMakeFiles/main_programm.elf.dir/device/startup_mimxrt1052.c.obj
                0x60003608                DMA8_DMA24_IRQHandler
 .text.DMA9_DMA25_IRQHandler
                0x60003610        0x8 CMakeFiles/main_programm.elf.dir/device/startup_mimxrt1052.c.obj
                0x60003610                DMA9_DMA25_IRQHandler
 .text.DMA10_DMA26_IRQHandler
                0x60003618        0x8 CMakeFiles/main_programm.elf.dir/device/startup_mimxrt1052.c.obj
                0x60003618                DMA10_DMA26_IRQHandler
 .text.DMA11_DMA27_IRQHandler
                0x60003620        0x8 CMakeFiles/main_programm.elf.dir/device/startup_mimxrt1052.c.obj
                0x60003620                DMA11_DMA27_IRQHandler
 .text.DMA12_DMA28_IRQHandler
                0x60003628        0x8 CMakeFiles/main_programm.elf.dir/device/startup_mimxrt1052.c.obj
                0x60003628                DMA12_DMA28_IRQHandler
 .text.DMA13_DMA29_IRQHandler
                0x60003630        0x8 CMakeFiles/main_programm.elf.dir/device/startup_mimxrt1052.c.obj
                0x60003630                DMA13_DMA29_IRQHandler
 .text.DMA14_DMA30_IRQHandler
                0x60003638        0x8 CMakeFiles/main_programm.elf.dir/device/startup_mimxrt1052.c.obj
                0x60003638                DMA14_DMA30_IRQHandler
 .text.DMA15_DMA31_IRQHandler
                0x60003640        0x8 CMakeFiles/main_programm.elf.dir/device/startup_mimxrt1052.c.obj
                0x60003640                DMA15_DMA31_IRQHandler
 .text.DMA_ERROR_IRQHandler
                0x60003648        0x8 CMakeFiles/main_programm.elf.dir/device/startup_mimxrt1052.c.obj
                0x60003648                DMA_ERROR_IRQHandler
 .text.CTI0_ERROR_IRQHandler
                0x60003650        0x8 CMakeFiles/main_programm.elf.dir/device/startup_mimxrt1052.c.obj
                0x60003650                CTI0_ERROR_IRQHandler
 .text.CTI1_ERROR_IRQHandler
                0x60003658        0x8 CMakeFiles/main_programm.elf.dir/device/startup_mimxrt1052.c.obj
                0x60003658                CTI1_ERROR_IRQHandler
 .text.CORE_IRQHandler
                0x60003660        0x8 CMakeFiles/main_programm.elf.dir/device/startup_mimxrt1052.c.obj
                0x60003660                CORE_IRQHandler
 .text.LPI2C1_IRQHandler
                0x60003668        0x8 CMakeFiles/main_programm.elf.dir/device/startup_mimxrt1052.c.obj
                0x60003668                LPI2C1_IRQHandler
 .text.LPI2C2_IRQHandler
                0x60003670        0x8 CMakeFiles/main_programm.elf.dir/device/startup_mimxrt1052.c.obj
                0x60003670                LPI2C2_IRQHandler
 .text.LPI2C3_IRQHandler
                0x60003678        0x8 CMakeFiles/main_programm.elf.dir/device/startup_mimxrt1052.c.obj
                0x60003678                LPI2C3_IRQHandler
 .text.LPI2C4_IRQHandler
                0x60003680        0x8 CMakeFiles/main_programm.elf.dir/device/startup_mimxrt1052.c.obj
                0x60003680                LPI2C4_IRQHandler
 .text.LPSPI1_IRQHandler
                0x60003688        0x8 CMakeFiles/main_programm.elf.dir/device/startup_mimxrt1052.c.obj
                0x60003688                LPSPI1_IRQHandler
 .text.LPSPI2_IRQHandler
                0x60003690        0x8 CMakeFiles/main_programm.elf.dir/device/startup_mimxrt1052.c.obj
                0x60003690                LPSPI2_IRQHandler
 .text.LPSPI3_IRQHandler
                0x60003698        0x8 CMakeFiles/main_programm.elf.dir/device/startup_mimxrt1052.c.obj
                0x60003698                LPSPI3_IRQHandler
 .text.LPSPI4_IRQHandler
                0x600036a0        0x8 CMakeFiles/main_programm.elf.dir/device/startup_mimxrt1052.c.obj
                0x600036a0                LPSPI4_IRQHandler
 .text.CAN1_IRQHandler
                0x600036a8        0x8 CMakeFiles/main_programm.elf.dir/device/startup_mimxrt1052.c.obj
                0x600036a8                CAN1_IRQHandler
 .text.CAN2_IRQHandler
                0x600036b0        0x8 CMakeFiles/main_programm.elf.dir/device/startup_mimxrt1052.c.obj
                0x600036b0                CAN2_IRQHandler
 .text.FLEXRAM_IRQHandler
                0x600036b8        0x8 CMakeFiles/main_programm.elf.dir/device/startup_mimxrt1052.c.obj
                0x600036b8                FLEXRAM_IRQHandler
 .text.KPP_IRQHandler
                0x600036c0        0x8 CMakeFiles/main_programm.elf.dir/device/startup_mimxrt1052.c.obj
                0x600036c0                KPP_IRQHandler
 .text.TSC_DIG_IRQHandler
                0x600036c8        0x8 CMakeFiles/main_programm.elf.dir/device/startup_mimxrt1052.c.obj
                0x600036c8                TSC_DIG_IRQHandler
 .text.GPR_IRQ_IRQHandler
                0x600036d0        0x8 CMakeFiles/main_programm.elf.dir/device/startup_mimxrt1052.c.obj
                0x600036d0                GPR_IRQ_IRQHandler
 .text.LCDIF_IRQHandler
                0x600036d8        0x8 CMakeFiles/main_programm.elf.dir/device/startup_mimxrt1052.c.obj
                0x600036d8                LCDIF_IRQHandler
 .text.CSI_IRQHandler
                0x600036e0        0x8 CMakeFiles/main_programm.elf.dir/device/startup_mimxrt1052.c.obj
                0x600036e0                CSI_IRQHandler
 .text.PXP_IRQHandler
                0x600036e8        0x8 CMakeFiles/main_programm.elf.dir/device/startup_mimxrt1052.c.obj
                0x600036e8                PXP_IRQHandler
 .text.WDOG2_IRQHandler
                0x600036f0        0x8 CMakeFiles/main_programm.elf.dir/device/startup_mimxrt1052.c.obj
                0x600036f0                WDOG2_IRQHandler
 .text.SNVS_HP_WRAPPER_IRQHandler
                0x600036f8        0x8 CMakeFiles/main_programm.elf.dir/device/startup_mimxrt1052.c.obj
                0x600036f8                SNVS_HP_WRAPPER_IRQHandler
 .text.SNVS_HP_WRAPPER_TZ_IRQHandler
                0x60003700        0x8 CMakeFiles/main_programm.elf.dir/device/startup_mimxrt1052.c.obj
                0x60003700                SNVS_HP_WRAPPER_TZ_IRQHandler
 .text.SNVS_LP_WRAPPER_IRQHandler
                0x60003708        0x8 CMakeFiles/main_programm.elf.dir/device/startup_mimxrt1052.c.obj
                0x60003708                SNVS_LP_WRAPPER_IRQHandler
 .text.CSU_IRQHandler
                0x60003710        0x8 CMakeFiles/main_programm.elf.dir/device/startup_mimxrt1052.c.obj
                0x60003710                CSU_IRQHandler
 .text.DCP_IRQHandler
                0x60003718        0x8 CMakeFiles/main_programm.elf.dir/device/startup_mimxrt1052.c.obj
                0x60003718                DCP_IRQHandler
 .text.DCP_VMI_IRQHandler
                0x60003720        0x8 CMakeFiles/main_programm.elf.dir/device/startup_mimxrt1052.c.obj
                0x60003720                DCP_VMI_IRQHandler
 .text.Reserved68_IRQHandler
                0x60003728        0x8 CMakeFiles/main_programm.elf.dir/device/startup_mimxrt1052.c.obj
                0x60003728                Reserved68_IRQHandler
 .text.TRNG_IRQHandler
                0x60003730        0x8 CMakeFiles/main_programm.elf.dir/device/startup_mimxrt1052.c.obj
                0x60003730                TRNG_IRQHandler
 .text.SJC_IRQHandler
                0x60003738        0x8 CMakeFiles/main_programm.elf.dir/device/startup_mimxrt1052.c.obj
                0x60003738                SJC_IRQHandler
 .text.BEE_IRQHandler
                0x60003740        0x8 CMakeFiles/main_programm.elf.dir/device/startup_mimxrt1052.c.obj
                0x60003740                BEE_IRQHandler
 .text.SAI1_IRQHandler
                0x60003748        0x8 CMakeFiles/main_programm.elf.dir/device/startup_mimxrt1052.c.obj
                0x60003748                SAI1_IRQHandler
 .text.SAI2_IRQHandler
                0x60003750        0x8 CMakeFiles/main_programm.elf.dir/device/startup_mimxrt1052.c.obj
                0x60003750                SAI2_IRQHandler
 .text.SAI3_RX_IRQHandler
                0x60003758        0x8 CMakeFiles/main_programm.elf.dir/device/startup_mimxrt1052.c.obj
                0x60003758                SAI3_RX_IRQHandler
 .text.SAI3_TX_IRQHandler
                0x60003760        0x8 CMakeFiles/main_programm.elf.dir/device/startup_mimxrt1052.c.obj
                0x60003760                SAI3_TX_IRQHandler
 .text.SPDIF_IRQHandler
                0x60003768        0x8 CMakeFiles/main_programm.elf.dir/device/startup_mimxrt1052.c.obj
                0x60003768                SPDIF_IRQHandler
 .text.PMU_EVENT_IRQHandler
                0x60003770        0x8 CMakeFiles/main_programm.elf.dir/device/startup_mimxrt1052.c.obj
                0x60003770                PMU_EVENT_IRQHandler
 .text.Reserved78_IRQHandler
                0x60003778        0x8 CMakeFiles/main_programm.elf.dir/device/startup_mimxrt1052.c.obj
                0x60003778                Reserved78_IRQHandler
 .text.TEMP_LOW_HIGH_IRQHandler
                0x60003780        0x8 CMakeFiles/main_programm.elf.dir/device/startup_mimxrt1052.c.obj
                0x60003780                TEMP_LOW_HIGH_IRQHandler
 .text.TEMP_PANIC_IRQHandler
                0x60003788        0x8 CMakeFiles/main_programm.elf.dir/device/startup_mimxrt1052.c.obj
                0x60003788                TEMP_PANIC_IRQHandler
 .text.USB_PHY1_IRQHandler
                0x60003790        0x8 CMakeFiles/main_programm.elf.dir/device/startup_mimxrt1052.c.obj
                0x60003790                USB_PHY1_IRQHandler
 .text.USB_PHY2_IRQHandler
                0x60003798        0x8 CMakeFiles/main_programm.elf.dir/device/startup_mimxrt1052.c.obj
                0x60003798                USB_PHY2_IRQHandler
 .text.ADC1_IRQHandler
                0x600037a0        0x8 CMakeFiles/main_programm.elf.dir/device/startup_mimxrt1052.c.obj
                0x600037a0                ADC1_IRQHandler
 .text.ADC2_IRQHandler
                0x600037a8        0x8 CMakeFiles/main_programm.elf.dir/device/startup_mimxrt1052.c.obj
                0x600037a8                ADC2_IRQHandler
 .text.DCDC_IRQHandler
                0x600037b0        0x8 CMakeFiles/main_programm.elf.dir/device/startup_mimxrt1052.c.obj
                0x600037b0                DCDC_IRQHandler
 .text.Reserved86_IRQHandler
                0x600037b8        0x8 CMakeFiles/main_programm.elf.dir/device/startup_mimxrt1052.c.obj
                0x600037b8                Reserved86_IRQHandler
 .text.Reserved87_IRQHandler
                0x600037c0        0x8 CMakeFiles/main_programm.elf.dir/device/startup_mimxrt1052.c.obj
                0x600037c0                Reserved87_IRQHandler
 .text.GPIO1_INT0_IRQHandler
                0x600037c8        0x8 CMakeFiles/main_programm.elf.dir/device/startup_mimxrt1052.c.obj
                0x600037c8                GPIO1_INT0_IRQHandler
 .text.GPIO1_INT1_IRQHandler
                0x600037d0        0x8 CMakeFiles/main_programm.elf.dir/device/startup_mimxrt1052.c.obj
                0x600037d0                GPIO1_INT1_IRQHandler
 .text.GPIO1_INT2_IRQHandler
                0x600037d8        0x8 CMakeFiles/main_programm.elf.dir/device/startup_mimxrt1052.c.obj
                0x600037d8                GPIO1_INT2_IRQHandler
 .text.GPIO1_INT3_IRQHandler
                0x600037e0        0x8 CMakeFiles/main_programm.elf.dir/device/startup_mimxrt1052.c.obj
                0x600037e0                GPIO1_INT3_IRQHandler
 .text.GPIO1_INT4_IRQHandler
                0x600037e8        0x8 CMakeFiles/main_programm.elf.dir/device/startup_mimxrt1052.c.obj
                0x600037e8                GPIO1_INT4_IRQHandler
 .text.GPIO1_INT5_IRQHandler
                0x600037f0        0x8 CMakeFiles/main_programm.elf.dir/device/startup_mimxrt1052.c.obj
                0x600037f0                GPIO1_INT5_IRQHandler
 .text.GPIO1_INT6_IRQHandler
                0x600037f8        0x8 CMakeFiles/main_programm.elf.dir/device/startup_mimxrt1052.c.obj
                0x600037f8                GPIO1_INT6_IRQHandler
 .text.GPIO1_INT7_IRQHandler
                0x60003800        0x8 CMakeFiles/main_programm.elf.dir/device/startup_mimxrt1052.c.obj
                0x60003800                GPIO1_INT7_IRQHandler
 .text.FLEXIO1_IRQHandler
                0x60003808        0x8 CMakeFiles/main_programm.elf.dir/device/startup_mimxrt1052.c.obj
                0x60003808                FLEXIO1_IRQHandler
 .text.FLEXIO2_IRQHandler
                0x60003810        0x8 CMakeFiles/main_programm.elf.dir/device/startup_mimxrt1052.c.obj
                0x60003810                FLEXIO2_IRQHandler
 .text.RTWDOG_IRQHandler
                0x60003818        0x8 CMakeFiles/main_programm.elf.dir/device/startup_mimxrt1052.c.obj
                0x60003818                RTWDOG_IRQHandler
 .text.EWM_IRQHandler
                0x60003820        0x8 CMakeFiles/main_programm.elf.dir/device/startup_mimxrt1052.c.obj
                0x60003820                EWM_IRQHandler
 .text.CCM_1_IRQHandler
                0x60003828        0x8 CMakeFiles/main_programm.elf.dir/device/startup_mimxrt1052.c.obj
                0x60003828                CCM_1_IRQHandler
 .text.CCM_2_IRQHandler
                0x60003830        0x8 CMakeFiles/main_programm.elf.dir/device/startup_mimxrt1052.c.obj
                0x60003830                CCM_2_IRQHandler
 .text.GPC_IRQHandler
                0x60003838        0x8 CMakeFiles/main_programm.elf.dir/device/startup_mimxrt1052.c.obj
                0x60003838                GPC_IRQHandler
 .text.SRC_IRQHandler
                0x60003840        0x8 CMakeFiles/main_programm.elf.dir/device/startup_mimxrt1052.c.obj
                0x60003840                SRC_IRQHandler
 .text.Reserved115_IRQHandler
                0x60003848        0x8 CMakeFiles/main_programm.elf.dir/device/startup_mimxrt1052.c.obj
                0x60003848                Reserved115_IRQHandler
 .text.GPT1_IRQHandler
                0x60003850        0x8 CMakeFiles/main_programm.elf.dir/device/startup_mimxrt1052.c.obj
                0x60003850                GPT1_IRQHandler
 .text.GPT2_IRQHandler
                0x60003858        0x8 CMakeFiles/main_programm.elf.dir/device/startup_mimxrt1052.c.obj
                0x60003858                GPT2_IRQHandler
 .text.PWM1_0_IRQHandler
                0x60003860        0x8 CMakeFiles/main_programm.elf.dir/device/startup_mimxrt1052.c.obj
                0x60003860                PWM1_0_IRQHandler
 .text.PWM1_1_IRQHandler
                0x60003868        0x8 CMakeFiles/main_programm.elf.dir/device/startup_mimxrt1052.c.obj
                0x60003868                PWM1_1_IRQHandler
 .text.PWM1_2_IRQHandler
                0x60003870        0x8 CMakeFiles/main_programm.elf.dir/device/startup_mimxrt1052.c.obj
                0x60003870                PWM1_2_IRQHandler
 .text.PWM1_3_IRQHandler
                0x60003878        0x8 CMakeFiles/main_programm.elf.dir/device/startup_mimxrt1052.c.obj
                0x60003878                PWM1_3_IRQHandler
 .text.PWM1_FAULT_IRQHandler
                0x60003880        0x8 CMakeFiles/main_programm.elf.dir/device/startup_mimxrt1052.c.obj
                0x60003880                PWM1_FAULT_IRQHandler
 .text.Reserved123_IRQHandler
                0x60003888        0x8 CMakeFiles/main_programm.elf.dir/device/startup_mimxrt1052.c.obj
                0x60003888                Reserved123_IRQHandler
 .text.FLEXSPI_IRQHandler
                0x60003890        0x8 CMakeFiles/main_programm.elf.dir/device/startup_mimxrt1052.c.obj
                0x60003890                FLEXSPI_IRQHandler
 .text.SEMC_IRQHandler
                0x60003898        0x8 CMakeFiles/main_programm.elf.dir/device/startup_mimxrt1052.c.obj
                0x60003898                SEMC_IRQHandler
 .text.USDHC1_IRQHandler
                0x600038a0        0x8 CMakeFiles/main_programm.elf.dir/device/startup_mimxrt1052.c.obj
                0x600038a0                USDHC1_IRQHandler
 .text.USDHC2_IRQHandler
                0x600038a8        0x8 CMakeFiles/main_programm.elf.dir/device/startup_mimxrt1052.c.obj
                0x600038a8                USDHC2_IRQHandler
 .text.USB_OTG2_IRQHandler
                0x600038b0        0x8 CMakeFiles/main_programm.elf.dir/device/startup_mimxrt1052.c.obj
                0x600038b0                USB_OTG2_IRQHandler
 .text.USB_OTG1_IRQHandler
                0x600038b8        0x8 CMakeFiles/main_programm.elf.dir/device/startup_mimxrt1052.c.obj
                0x600038b8                USB_OTG1_IRQHandler
 .text.ENET_IRQHandler
                0x600038c0        0x8 CMakeFiles/main_programm.elf.dir/device/startup_mimxrt1052.c.obj
                0x600038c0                ENET_IRQHandler
 .text.ENET_1588_Timer_IRQHandler
                0x600038c8        0x8 CMakeFiles/main_programm.elf.dir/device/startup_mimxrt1052.c.obj
                0x600038c8                ENET_1588_Timer_IRQHandler
 .text.XBAR1_IRQ_0_1_IRQHandler
                0x600038d0        0x8 CMakeFiles/main_programm.elf.dir/device/startup_mimxrt1052.c.obj
                0x600038d0                XBAR1_IRQ_0_1_IRQHandler
 .text.XBAR1_IRQ_2_3_IRQHandler
                0x600038d8        0x8 CMakeFiles/main_programm.elf.dir/device/startup_mimxrt1052.c.obj
                0x600038d8                XBAR1_IRQ_2_3_IRQHandler
 .text.ADC_ETC_IRQ0_IRQHandler
                0x600038e0        0x8 CMakeFiles/main_programm.elf.dir/device/startup_mimxrt1052.c.obj
                0x600038e0                ADC_ETC_IRQ0_IRQHandler
 .text.ADC_ETC_IRQ1_IRQHandler
                0x600038e8        0x8 CMakeFiles/main_programm.elf.dir/device/startup_mimxrt1052.c.obj
                0x600038e8                ADC_ETC_IRQ1_IRQHandler
 .text.ADC_ETC_IRQ2_IRQHandler
                0x600038f0        0x8 CMakeFiles/main_programm.elf.dir/device/startup_mimxrt1052.c.obj
                0x600038f0                ADC_ETC_IRQ2_IRQHandler
 .text.ADC_ETC_ERROR_IRQ_IRQHandler
                0x600038f8        0x8 CMakeFiles/main_programm.elf.dir/device/startup_mimxrt1052.c.obj
                0x600038f8                ADC_ETC_ERROR_IRQ_IRQHandler
 .text.ACMP1_IRQHandler
                0x60003900        0x8 CMakeFiles/main_programm.elf.dir/device/startup_mimxrt1052.c.obj
                0x60003900                ACMP1_IRQHandler
 .text.ACMP2_IRQHandler
                0x60003908        0x8 CMakeFiles/main_programm.elf.dir/device/startup_mimxrt1052.c.obj
                0x60003908                ACMP2_IRQHandler
 .text.ACMP3_IRQHandler
                0x60003910        0x8 CMakeFiles/main_programm.elf.dir/device/startup_mimxrt1052.c.obj
                0x60003910                ACMP3_IRQHandler
 .text.ACMP4_IRQHandler
                0x60003918        0x8 CMakeFiles/main_programm.elf.dir/device/startup_mimxrt1052.c.obj
                0x60003918                ACMP4_IRQHandler
 .text.Reserved143_IRQHandler
                0x60003920        0x8 CMakeFiles/main_programm.elf.dir/device/startup_mimxrt1052.c.obj
                0x60003920                Reserved143_IRQHandler
 .text.Reserved144_IRQHandler
                0x60003928        0x8 CMakeFiles/main_programm.elf.dir/device/startup_mimxrt1052.c.obj
                0x60003928                Reserved144_IRQHandler
 .text.ENC1_IRQHandler
                0x60003930        0x8 CMakeFiles/main_programm.elf.dir/device/startup_mimxrt1052.c.obj
                0x60003930                ENC1_IRQHandler
 .text.ENC2_IRQHandler
                0x60003938        0x8 CMakeFiles/main_programm.elf.dir/device/startup_mimxrt1052.c.obj
                0x60003938                ENC2_IRQHandler
 .text.ENC3_IRQHandler
                0x60003940        0x8 CMakeFiles/main_programm.elf.dir/device/startup_mimxrt1052.c.obj
                0x60003940                ENC3_IRQHandler
 .text.ENC4_IRQHandler
                0x60003948        0x8 CMakeFiles/main_programm.elf.dir/device/startup_mimxrt1052.c.obj
                0x60003948                ENC4_IRQHandler
 .text.TMR1_IRQHandler
                0x60003950        0x8 CMakeFiles/main_programm.elf.dir/device/startup_mimxrt1052.c.obj
                0x60003950                TMR1_IRQHandler
 .text.TMR2_IRQHandler
                0x60003958        0x8 CMakeFiles/main_programm.elf.dir/device/startup_mimxrt1052.c.obj
                0x60003958                TMR2_IRQHandler
 .text.TMR3_IRQHandler
                0x60003960        0x8 CMakeFiles/main_programm.elf.dir/device/startup_mimxrt1052.c.obj
                0x60003960                TMR3_IRQHandler
 .text.TMR4_IRQHandler
                0x60003968        0x8 CMakeFiles/main_programm.elf.dir/device/startup_mimxrt1052.c.obj
                0x60003968                TMR4_IRQHandler
 .text.PWM2_0_IRQHandler
                0x60003970        0x8 CMakeFiles/main_programm.elf.dir/device/startup_mimxrt1052.c.obj
                0x60003970                PWM2_0_IRQHandler
 .text.PWM2_1_IRQHandler
                0x60003978        0x8 CMakeFiles/main_programm.elf.dir/device/startup_mimxrt1052.c.obj
                0x60003978                PWM2_1_IRQHandler
 .text.PWM2_2_IRQHandler
                0x60003980        0x8 CMakeFiles/main_programm.elf.dir/device/startup_mimxrt1052.c.obj
                0x60003980                PWM2_2_IRQHandler
 .text.PWM2_3_IRQHandler
                0x60003988        0x8 CMakeFiles/main_programm.elf.dir/device/startup_mimxrt1052.c.obj
                0x60003988                PWM2_3_IRQHandler
 .text.PWM2_FAULT_IRQHandler
                0x60003990        0x8 CMakeFiles/main_programm.elf.dir/device/startup_mimxrt1052.c.obj
                0x60003990                PWM2_FAULT_IRQHandler
 .text.PWM3_0_IRQHandler
                0x60003998        0x8 CMakeFiles/main_programm.elf.dir/device/startup_mimxrt1052.c.obj
                0x60003998                PWM3_0_IRQHandler
 .text.PWM3_1_IRQHandler
                0x600039a0        0x8 CMakeFiles/main_programm.elf.dir/device/startup_mimxrt1052.c.obj
                0x600039a0                PWM3_1_IRQHandler
 .text.PWM3_2_IRQHandler
                0x600039a8        0x8 CMakeFiles/main_programm.elf.dir/device/startup_mimxrt1052.c.obj
                0x600039a8                PWM3_2_IRQHandler
 .text.PWM3_3_IRQHandler
                0x600039b0        0x8 CMakeFiles/main_programm.elf.dir/device/startup_mimxrt1052.c.obj
                0x600039b0                PWM3_3_IRQHandler
 .text.PWM3_FAULT_IRQHandler
                0x600039b8        0x8 CMakeFiles/main_programm.elf.dir/device/startup_mimxrt1052.c.obj
                0x600039b8                PWM3_FAULT_IRQHandler
 .text.PWM4_0_IRQHandler
                0x600039c0        0x8 CMakeFiles/main_programm.elf.dir/device/startup_mimxrt1052.c.obj
                0x600039c0                PWM4_0_IRQHandler
 .text.PWM4_1_IRQHandler
                0x600039c8        0x8 CMakeFiles/main_programm.elf.dir/device/startup_mimxrt1052.c.obj
                0x600039c8                PWM4_1_IRQHandler
 .text.PWM4_2_IRQHandler
                0x600039d0        0x8 CMakeFiles/main_programm.elf.dir/device/startup_mimxrt1052.c.obj
                0x600039d0                PWM4_2_IRQHandler
 .text.PWM4_3_IRQHandler
                0x600039d8        0x8 CMakeFiles/main_programm.elf.dir/device/startup_mimxrt1052.c.obj
                0x600039d8                PWM4_3_IRQHandler
 .text.PWM4_FAULT_IRQHandler
                0x600039e0        0x8 CMakeFiles/main_programm.elf.dir/device/startup_mimxrt1052.c.obj
                0x600039e0                PWM4_FAULT_IRQHandler
 .text.main     0x600039e8       0x38 CMakeFiles/main_programm.elf.dir/source/main.c.obj
                0x600039e8                main
 .text.PrintGetWidth
                0x60003a20       0x68 CMakeFiles/main_programm.elf.dir/utilities/fsl_str.c.obj
 .text.PrintGetPrecision
                0x60003a88       0x8a CMakeFiles/main_programm.elf.dir/utilities/fsl_str.c.obj
 .text.PrintIsobpu
                0x60003b12       0x36 CMakeFiles/main_programm.elf.dir/utilities/fsl_str.c.obj
 .text.PrintIsdi
                0x60003b48       0x2a CMakeFiles/main_programm.elf.dir/utilities/fsl_str.c.obj
 .text.PrintOutputdifFobpu
                0x60003b72       0x44 CMakeFiles/main_programm.elf.dir/utilities/fsl_str.c.obj
 .text.PrintOutputxX
                0x60003bb6       0x44 CMakeFiles/main_programm.elf.dir/utilities/fsl_str.c.obj
 .text.PrintIsfF
                0x60003bfa       0x2a CMakeFiles/main_programm.elf.dir/utilities/fsl_str.c.obj
 .text.PrintIsxX
                0x60003c24       0x2a CMakeFiles/main_programm.elf.dir/utilities/fsl_str.c.obj
 .text.PrintFilterLengthFlag
                0x60003c4e       0x3c CMakeFiles/main_programm.elf.dir/utilities/fsl_str.c.obj
 .text.PrintGetRadixFromobpu
                0x60003c8a       0x3e CMakeFiles/main_programm.elf.dir/utilities/fsl_str.c.obj
 .text.ConvertRadixNumToString
                0x60003cc8       0xc0 CMakeFiles/main_programm.elf.dir/utilities/fsl_str.c.obj
 .text.StrFormatExaminedi
                0x60003d88       0x24 CMakeFiles/main_programm.elf.dir/utilities/fsl_str.c.obj
 .text.StrFormatExaminexX
                0x60003dac       0x24 CMakeFiles/main_programm.elf.dir/utilities/fsl_str.c.obj
 .text.StrFormatExamineobpu
                0x60003dd0       0x24 CMakeFiles/main_programm.elf.dir/utilities/fsl_str.c.obj
 .text.ConvertPrecisionWidthToLength
                0x60003df4       0x20 CMakeFiles/main_programm.elf.dir/utilities/fsl_str.c.obj
 .text.StrFormatPrintf
                0x60003e14      0x2bc CMakeFiles/main_programm.elf.dir/utilities/fsl_str.c.obj
                0x60003e14                StrFormatPrintf
 .text          0x600040d0       0xa0 CMakeFiles/main_programm.elf.dir/utilities/fsl_memcpy.S.obj
                0x600040d0                memcpy
 .text.DisableGlobalIRQ
                0x60004170       0x20 CMakeFiles/main_programm.elf.dir/utilities/fsl_debug_console.c.obj
 .text.EnableGlobalIRQ
                0x60004190       0x1e CMakeFiles/main_programm.elf.dir/utilities/fsl_debug_console.c.obj
 .text.DbgConsole_SerialManagerPerformTransfer
                0x600041ae       0xc8 CMakeFiles/main_programm.elf.dir/utilities/fsl_debug_console.c.obj
 .text.DbgConsole_SerialManagerTxCallback
                0x60004276       0x7a CMakeFiles/main_programm.elf.dir/utilities/fsl_debug_console.c.obj
 .text.DbgConsole_SerialManagerTx2Callback
                0x600042f0       0x54 CMakeFiles/main_programm.elf.dir/utilities/fsl_debug_console.c.obj
 .text.DbgConsole_SerialManagerRxCallback
                0x60004344       0x40 CMakeFiles/main_programm.elf.dir/utilities/fsl_debug_console.c.obj
 .text.DbgConsole_SendData
                0x60004384      0x104 CMakeFiles/main_programm.elf.dir/utilities/fsl_debug_console.c.obj
                0x60004384                DbgConsole_SendData
 .text.DbgConsole_SendDataReliable
                0x60004488      0x108 CMakeFiles/main_programm.elf.dir/utilities/fsl_debug_console.c.obj
                0x60004488                DbgConsole_SendDataReliable
 .text.DbgConsole_PrintCallback
                0x60004590       0x66 CMakeFiles/main_programm.elf.dir/utilities/fsl_debug_console.c.obj
 *fill*         0x600045f6        0x2 ff
 .text.DbgConsole_Init
                0x600045f8      0x194 CMakeFiles/main_programm.elf.dir/utilities/fsl_debug_console.c.obj
                0x600045f8                DbgConsole_Init
 .text.DbgConsole_Flush
                0x6000478c       0x24 CMakeFiles/main_programm.elf.dir/utilities/fsl_debug_console.c.obj
                0x6000478c                DbgConsole_Flush
 .text.DbgConsole_Printf
                0x600047b0       0x2c CMakeFiles/main_programm.elf.dir/utilities/fsl_debug_console.c.obj
                0x600047b0                DbgConsole_Printf
 .text.DbgConsole_Vprintf
                0x600047dc       0x6c CMakeFiles/main_programm.elf.dir/utilities/fsl_debug_console.c.obj
                0x600047dc                DbgConsole_Vprintf
 .text.fsl_assert_hook
                0x60004848       0x18 CMakeFiles/main_programm.elf.dir/utilities/fsl_assert.c.obj
                0x60004848                fsl_assert_hook
 .text.__assert_func
                0x60004860       0x30 CMakeFiles/main_programm.elf.dir/utilities/fsl_assert.c.obj
                0x60004860                __assert_func
 .text.CLOCK_GetOscFreq
                0x60004890       0x30 CMakeFiles/main_programm.elf.dir/drivers/fsl_clock.c.obj
 .text.CLOCK_GetRtcFreq
                0x600048c0       0x10 CMakeFiles/main_programm.elf.dir/drivers/fsl_clock.c.obj
 .text.CLOCK_IsPllBypassed
                0x600048d0       0x30 CMakeFiles/main_programm.elf.dir/drivers/fsl_clock.c.obj
 .text.CLOCK_IsPllEnabled
                0x60004900       0x3a CMakeFiles/main_programm.elf.dir/drivers/fsl_clock.c.obj
 .text.CLOCK_GetPllBypassRefClk
                0x6000493a       0x34 CMakeFiles/main_programm.elf.dir/drivers/fsl_clock.c.obj
 *fill*         0x6000496e        0x2 ff
 .text.CLOCK_GetPeriphClkFreq
                0x60004970       0xec CMakeFiles/main_programm.elf.dir/drivers/fsl_clock.c.obj
 .text.CLOCK_GetPllUsb1SWFreq
                0x60004a5c       0x44 CMakeFiles/main_programm.elf.dir/drivers/fsl_clock.c.obj
 .text.CLOCK_InitExternalClk
                0x60004aa0       0x78 CMakeFiles/main_programm.elf.dir/drivers/fsl_clock.c.obj
                0x60004aa0                CLOCK_InitExternalClk
 .text.CLOCK_SwitchOsc
                0x60004b18       0x30 CMakeFiles/main_programm.elf.dir/drivers/fsl_clock.c.obj
                0x60004b18                CLOCK_SwitchOsc
 .text.CLOCK_InitRcOsc24M
                0x60004b48       0x20 CMakeFiles/main_programm.elf.dir/drivers/fsl_clock.c.obj
                0x60004b48                CLOCK_InitRcOsc24M
 .text.CLOCK_GetAhbFreq
                0x60004b68       0x24 CMakeFiles/main_programm.elf.dir/drivers/fsl_clock.c.obj
                0x60004b68                CLOCK_GetAhbFreq
 .text.CLOCK_GetSemcFreq
                0x60004b8c       0x5c CMakeFiles/main_programm.elf.dir/drivers/fsl_clock.c.obj
                0x60004b8c                CLOCK_GetSemcFreq
 .text.CLOCK_GetIpgFreq
                0x60004be8       0x24 CMakeFiles/main_programm.elf.dir/drivers/fsl_clock.c.obj
                0x60004be8                CLOCK_GetIpgFreq
 .text.CLOCK_GetPerClkFreq
                0x60004c0c       0x40 CMakeFiles/main_programm.elf.dir/drivers/fsl_clock.c.obj
                0x60004c0c                CLOCK_GetPerClkFreq
 .text.CLOCK_GetFreq
                0x60004c4c      0x1b8 CMakeFiles/main_programm.elf.dir/drivers/fsl_clock.c.obj
                0x60004c4c                CLOCK_GetFreq
 .text.CLOCK_InitArmPll
                0x60004e04       0x64 CMakeFiles/main_programm.elf.dir/drivers/fsl_clock.c.obj
                0x60004e04                CLOCK_InitArmPll
 .text.CLOCK_DeinitUsb2Pll
                0x60004e68       0x18 CMakeFiles/main_programm.elf.dir/drivers/fsl_clock.c.obj
                0x60004e68                CLOCK_DeinitUsb2Pll
 .text.CLOCK_DeinitAudioPll
                0x60004e80       0x18 CMakeFiles/main_programm.elf.dir/drivers/fsl_clock.c.obj
                0x60004e80                CLOCK_DeinitAudioPll
 .text.CLOCK_DeinitEnetPll
                0x60004e98       0x1c CMakeFiles/main_programm.elf.dir/drivers/fsl_clock.c.obj
                0x60004e98                CLOCK_DeinitEnetPll
 .text.CLOCK_GetPllFreq
                0x60004eb4      0x434 CMakeFiles/main_programm.elf.dir/drivers/fsl_clock.c.obj
                0x60004eb4                CLOCK_GetPllFreq
 .text.CLOCK_GetSysPfdFreq
                0x600052e8       0xac CMakeFiles/main_programm.elf.dir/drivers/fsl_clock.c.obj
                0x600052e8                CLOCK_GetSysPfdFreq
 .text.CLOCK_GetUsb1PfdFreq
                0x60005394       0xac CMakeFiles/main_programm.elf.dir/drivers/fsl_clock.c.obj
                0x60005394                CLOCK_GetUsb1PfdFreq
 .text._SDK_AtomicLocalClearAndSet4Byte
                0x60005440       0x4e CMakeFiles/main_programm.elf.dir/drivers/fsl_gpio.c.obj
 *fill*         0x6000548e        0x2 ff
 .text.CLOCK_ControlGate
                0x60005490       0x70 CMakeFiles/main_programm.elf.dir/drivers/fsl_gpio.c.obj
 .text.CLOCK_EnableClock
                0x60005500       0x1e CMakeFiles/main_programm.elf.dir/drivers/fsl_gpio.c.obj
 .text.GPIO_SetPinInterruptConfig
                0x6000551e       0x22 CMakeFiles/main_programm.elf.dir/drivers/fsl_gpio.c.obj
 .text.GPIO_GetInstance
                0x60005540       0x58 CMakeFiles/main_programm.elf.dir/drivers/fsl_gpio.c.obj
 .text.GPIO_PinInit
                0x60005598       0xa4 CMakeFiles/main_programm.elf.dir/drivers/fsl_gpio.c.obj
                0x60005598                GPIO_PinInit
 .text.GPIO_PinWrite
                0x6000563c       0x54 CMakeFiles/main_programm.elf.dir/drivers/fsl_gpio.c.obj
                0x6000563c                GPIO_PinWrite
 .text.GPIO_PinSetInterruptConfig
                0x60005690       0xfc CMakeFiles/main_programm.elf.dir/drivers/fsl_gpio.c.obj
                0x60005690                GPIO_PinSetInterruptConfig
 .text._SDK_AtomicLocalClearAndSet4Byte
                0x6000578c       0x4e CMakeFiles/main_programm.elf.dir/drivers/fsl_lpuart.c.obj
 *fill*         0x600057da        0x2 ff
 .text.CLOCK_ControlGate
                0x600057dc       0x70 CMakeFiles/main_programm.elf.dir/drivers/fsl_lpuart.c.obj
 .text.CLOCK_EnableClock
                0x6000584c       0x1e CMakeFiles/main_programm.elf.dir/drivers/fsl_lpuart.c.obj
 .text.DisableGlobalIRQ
                0x6000586a       0x20 CMakeFiles/main_programm.elf.dir/drivers/fsl_lpuart.c.obj
 .text.EnableGlobalIRQ
                0x6000588a       0x1e CMakeFiles/main_programm.elf.dir/drivers/fsl_lpuart.c.obj
 .text.LPUART_SoftwareReset
                0x600058a8       0x2a CMakeFiles/main_programm.elf.dir/drivers/fsl_lpuart.c.obj
 *fill*         0x600058d2        0x2 ff
 .text.LPUART_GetInstance
                0x600058d4       0x58 CMakeFiles/main_programm.elf.dir/drivers/fsl_lpuart.c.obj
                0x600058d4                LPUART_GetInstance
 .text.LPUART_Init
                0x6000592c      0x348 CMakeFiles/main_programm.elf.dir/drivers/fsl_lpuart.c.obj
                0x6000592c                LPUART_Init
 .text.LPUART_GetDefaultConfig
                0x60005c74       0x98 CMakeFiles/main_programm.elf.dir/drivers/fsl_lpuart.c.obj
                0x60005c74                LPUART_GetDefaultConfig
 .text.LPUART_EnableInterrupts
                0x60005d0c       0xa8 CMakeFiles/main_programm.elf.dir/drivers/fsl_lpuart.c.obj
                0x60005d0c                LPUART_EnableInterrupts
 .text.LPUART_DisableInterrupts
                0x60005db4       0xac CMakeFiles/main_programm.elf.dir/drivers/fsl_lpuart.c.obj
                0x60005db4                LPUART_DisableInterrupts
 .text.LPUART_GetEnabledInterrupts
                0x60005e60       0x5c CMakeFiles/main_programm.elf.dir/drivers/fsl_lpuart.c.obj
                0x60005e60                LPUART_GetEnabledInterrupts
 .text.LPUART_GetStatusFlags
                0x60005ebc       0x38 CMakeFiles/main_programm.elf.dir/drivers/fsl_lpuart.c.obj
                0x60005ebc                LPUART_GetStatusFlags
 .text.LPUART_ClearStatusFlags
                0x60005ef4       0x7c CMakeFiles/main_programm.elf.dir/drivers/fsl_lpuart.c.obj
                0x60005ef4                LPUART_ClearStatusFlags
 .text._SDK_AtomicLocalClearAndSet4Byte
                0x60005f70       0x4e CMakeFiles/main_programm.elf.dir/drivers/fsl_pit.c.obj
 *fill*         0x60005fbe        0x2 ff
 .text.CLOCK_ControlGate
                0x60005fc0       0x70 CMakeFiles/main_programm.elf.dir/drivers/fsl_pit.c.obj
 .text.CLOCK_EnableClock
                0x60006030       0x1e CMakeFiles/main_programm.elf.dir/drivers/fsl_pit.c.obj
 *fill*         0x6000604e        0x2 ff
 .text.PIT_GetInstance
                0x60006050       0x54 CMakeFiles/main_programm.elf.dir/drivers/fsl_pit.c.obj
 .text.PIT_Init
                0x600060a4       0xa0 CMakeFiles/main_programm.elf.dir/drivers/fsl_pit.c.obj
                0x600060a4                PIT_Init
 .text.__NVIC_EnableIRQ
                0x60006144       0x38 CMakeFiles/main_programm.elf.dir/drivers/fsl_wdog.c.obj
 .text._SDK_AtomicLocalClearAndSet4Byte
                0x6000617c       0x4e CMakeFiles/main_programm.elf.dir/drivers/fsl_wdog.c.obj
 *fill*         0x600061ca        0x2 ff
 .text.CLOCK_ControlGate
                0x600061cc       0x70 CMakeFiles/main_programm.elf.dir/drivers/fsl_wdog.c.obj
 .text.CLOCK_EnableClock
                0x6000623c       0x1e CMakeFiles/main_programm.elf.dir/drivers/fsl_wdog.c.obj
 .text.EnableIRQ
                0x6000625a       0x32 CMakeFiles/main_programm.elf.dir/drivers/fsl_wdog.c.obj
 .text.DisableGlobalIRQ
                0x6000628c       0x20 CMakeFiles/main_programm.elf.dir/drivers/fsl_wdog.c.obj
 .text.EnableGlobalIRQ
                0x600062ac       0x1e CMakeFiles/main_programm.elf.dir/drivers/fsl_wdog.c.obj
 *fill*         0x600062ca        0x2 ff
 .text.WDOG_GetInstance
                0x600062cc       0x58 CMakeFiles/main_programm.elf.dir/drivers/fsl_wdog.c.obj
 .text.WDOG_Init
                0x60006324      0x128 CMakeFiles/main_programm.elf.dir/drivers/fsl_wdog.c.obj
                0x60006324                WDOG_Init
 .text.WDOG_GetStatusFlags
                0x6000644c       0x72 CMakeFiles/main_programm.elf.dir/drivers/fsl_wdog.c.obj
                0x6000644c                WDOG_GetStatusFlags
 .text.WDOG_ClearInterruptStatus
                0x600064be       0x30 CMakeFiles/main_programm.elf.dir/drivers/fsl_wdog.c.obj
                0x600064be                WDOG_ClearInterruptStatus
 .text.WDOG_Refresh
                0x600064ee       0x30 CMakeFiles/main_programm.elf.dir/drivers/fsl_wdog.c.obj
                0x600064ee                WDOG_Refresh
 .text.DisableGlobalIRQ
                0x6000651e       0x20 CMakeFiles/main_programm.elf.dir/components/hal_gpio/fsl_adapter_igpio.c.obj
 .text.EnableGlobalIRQ
                0x6000653e       0x1e CMakeFiles/main_programm.elf.dir/components/hal_gpio/fsl_adapter_igpio.c.obj
 .text.GPIO_PortGetInterruptFlags
                0x6000655c       0x16 CMakeFiles/main_programm.elf.dir/components/hal_gpio/fsl_adapter_igpio.c.obj
 .text.GPIO_PortClearInterruptFlags
                0x60006572       0x1a CMakeFiles/main_programm.elf.dir/components/hal_gpio/fsl_adapter_igpio.c.obj
 .text.HAL_GpioInterruptHandle
                0x6000658c       0xb8 CMakeFiles/main_programm.elf.dir/components/hal_gpio/fsl_adapter_igpio.c.obj
 .text.GPIO1_Combined_0_15_IRQHandler
                0x60006644       0x14 CMakeFiles/main_programm.elf.dir/components/hal_gpio/fsl_adapter_igpio.c.obj
                0x60006644                GPIO1_Combined_0_15_IRQHandler
 .text.GPIO1_Combined_16_31_IRQHandler
                0x60006658       0x14 CMakeFiles/main_programm.elf.dir/components/hal_gpio/fsl_adapter_igpio.c.obj
                0x60006658                GPIO1_Combined_16_31_IRQHandler
 .text.GPIO2_Combined_0_15_IRQHandler
                0x6000666c       0x14 CMakeFiles/main_programm.elf.dir/components/hal_gpio/fsl_adapter_igpio.c.obj
                0x6000666c                GPIO2_Combined_0_15_IRQHandler
 .text.GPIO2_Combined_16_31_IRQHandler
                0x60006680       0x14 CMakeFiles/main_programm.elf.dir/components/hal_gpio/fsl_adapter_igpio.c.obj
                0x60006680                GPIO2_Combined_16_31_IRQHandler
 .text.GPIO3_Combined_0_15_IRQHandler
                0x60006694       0x14 CMakeFiles/main_programm.elf.dir/components/hal_gpio/fsl_adapter_igpio.c.obj
                0x60006694                GPIO3_Combined_0_15_IRQHandler
 .text.GPIO3_Combined_16_31_IRQHandler
                0x600066a8       0x14 CMakeFiles/main_programm.elf.dir/components/hal_gpio/fsl_adapter_igpio.c.obj
                0x600066a8                GPIO3_Combined_16_31_IRQHandler
 .text.GPIO4_Combined_0_15_IRQHandler
                0x600066bc       0x14 CMakeFiles/main_programm.elf.dir/components/hal_gpio/fsl_adapter_igpio.c.obj
                0x600066bc                GPIO4_Combined_0_15_IRQHandler
 .text.GPIO4_Combined_16_31_IRQHandler
                0x600066d0       0x14 CMakeFiles/main_programm.elf.dir/components/hal_gpio/fsl_adapter_igpio.c.obj
                0x600066d0                GPIO4_Combined_16_31_IRQHandler
 .text.GPIO5_Combined_0_15_IRQHandler
                0x600066e4       0x14 CMakeFiles/main_programm.elf.dir/components/hal_gpio/fsl_adapter_igpio.c.obj
                0x600066e4                GPIO5_Combined_0_15_IRQHandler
 .text.GPIO5_Combined_16_31_IRQHandler
                0x600066f8       0x14 CMakeFiles/main_programm.elf.dir/components/hal_gpio/fsl_adapter_igpio.c.obj
                0x600066f8                GPIO5_Combined_16_31_IRQHandler
 .text.HAL_GpioConflictSearch
                0x6000670c       0x54 CMakeFiles/main_programm.elf.dir/components/hal_gpio/fsl_adapter_igpio.c.obj
 .text.HAL_GpioAddItem
                0x60006760       0x62 CMakeFiles/main_programm.elf.dir/components/hal_gpio/fsl_adapter_igpio.c.obj
 *fill*         0x600067c2        0x2 ff
 .text.HAL_GpioInit
                0x600067c4      0x158 CMakeFiles/main_programm.elf.dir/components/hal_gpio/fsl_adapter_igpio.c.obj
                0x600067c4                HAL_GpioInit
 .text.HAL_GpioSetOutput
                0x6000691c       0x84 CMakeFiles/main_programm.elf.dir/components/hal_gpio/fsl_adapter_igpio.c.obj
                0x6000691c                HAL_GpioSetOutput
 .text.__NVIC_EnableIRQ
                0x600069a0       0x38 CMakeFiles/main_programm.elf.dir/components/hal_uart/fsl_adapter_lpuart.c.obj
 .text.__NVIC_SetPriority
                0x600069d8       0x54 CMakeFiles/main_programm.elf.dir/components/hal_uart/fsl_adapter_lpuart.c.obj
 .text.EnableIRQ
                0x60006a2c       0x32 CMakeFiles/main_programm.elf.dir/components/hal_uart/fsl_adapter_lpuart.c.obj
 .text.LPUART_WriteByte
                0x60006a5e       0x1c CMakeFiles/main_programm.elf.dir/components/hal_uart/fsl_adapter_lpuart.c.obj
 .text.LPUART_ReadByte
                0x60006a7a       0x6c CMakeFiles/main_programm.elf.dir/components/hal_uart/fsl_adapter_lpuart.c.obj
 .text.HAL_UartGetStatus
                0x60006ae6       0x26 CMakeFiles/main_programm.elf.dir/components/hal_uart/fsl_adapter_lpuart.c.obj
 .text.HAL_UartInterruptHandle
                0x60006b0c      0x2dc CMakeFiles/main_programm.elf.dir/components/hal_uart/fsl_adapter_lpuart.c.obj
 .text.HAL_UartInitCommon
                0x60006de8       0xe0 CMakeFiles/main_programm.elf.dir/components/hal_uart/fsl_adapter_lpuart.c.obj
 .text.HAL_UartInit
                0x60006ec8       0xe8 CMakeFiles/main_programm.elf.dir/components/hal_uart/fsl_adapter_lpuart.c.obj
                0x60006ec8                HAL_UartInit
 .text.HAL_UartInstallCallback
                0x60006fb0       0x48 CMakeFiles/main_programm.elf.dir/components/hal_uart/fsl_adapter_lpuart.c.obj
                0x60006fb0                HAL_UartInstallCallback
 .text.HAL_UartReceiveNonBlocking
                0x60006ff8       0xa4 CMakeFiles/main_programm.elf.dir/components/hal_uart/fsl_adapter_lpuart.c.obj
                0x60006ff8                HAL_UartReceiveNonBlocking
 .text.HAL_UartSendNonBlocking
                0x6000709c       0xa4 CMakeFiles/main_programm.elf.dir/components/hal_uart/fsl_adapter_lpuart.c.obj
                0x6000709c                HAL_UartSendNonBlocking
 .text.HAL_UartAbortReceive
                0x60007140       0x60 CMakeFiles/main_programm.elf.dir/components/hal_uart/fsl_adapter_lpuart.c.obj
                0x60007140                HAL_UartAbortReceive
 .text.HAL_UartIsrFunction
                0x600071a0       0x40 CMakeFiles/main_programm.elf.dir/components/hal_uart/fsl_adapter_lpuart.c.obj
                0x600071a0                HAL_UartIsrFunction
 .text.LPUART1_IRQHandler
                0x600071e0       0x14 CMakeFiles/main_programm.elf.dir/components/hal_uart/fsl_adapter_lpuart.c.obj
                0x600071e0                LPUART1_IRQHandler
 .text.LPUART2_IRQHandler
                0x600071f4       0x14 CMakeFiles/main_programm.elf.dir/components/hal_uart/fsl_adapter_lpuart.c.obj
                0x600071f4                LPUART2_IRQHandler
 .text.LPUART3_IRQHandler
                0x60007208       0x14 CMakeFiles/main_programm.elf.dir/components/hal_uart/fsl_adapter_lpuart.c.obj
                0x60007208                LPUART3_IRQHandler
 .text.LPUART4_IRQHandler
                0x6000721c       0x14 CMakeFiles/main_programm.elf.dir/components/hal_uart/fsl_adapter_lpuart.c.obj
                0x6000721c                LPUART4_IRQHandler
 .text.LPUART5_IRQHandler
                0x60007230       0x14 CMakeFiles/main_programm.elf.dir/components/hal_uart/fsl_adapter_lpuart.c.obj
                0x60007230                LPUART5_IRQHandler
 .text.LPUART6_IRQHandler
                0x60007244       0x14 CMakeFiles/main_programm.elf.dir/components/hal_uart/fsl_adapter_lpuart.c.obj
                0x60007244                LPUART6_IRQHandler
 .text.LPUART7_IRQHandler
                0x60007258       0x14 CMakeFiles/main_programm.elf.dir/components/hal_uart/fsl_adapter_lpuart.c.obj
                0x60007258                LPUART7_IRQHandler
 .text.LPUART8_IRQHandler
                0x6000726c       0x14 CMakeFiles/main_programm.elf.dir/components/hal_uart/fsl_adapter_lpuart.c.obj
                0x6000726c                LPUART8_IRQHandler
 .text.__NVIC_EnableIRQ
                0x60007280       0x38 CMakeFiles/main_programm.elf.dir/components/hal_tim/fsl_adapter_pit.c.obj
 .text.__NVIC_SetPriority
                0x600072b8       0x54 CMakeFiles/main_programm.elf.dir/components/hal_tim/fsl_adapter_pit.c.obj
 .text.EnableIRQ
                0x6000730c       0x32 CMakeFiles/main_programm.elf.dir/components/hal_tim/fsl_adapter_pit.c.obj
 *fill*         0x6000733e        0x2 ff
 .text.PIT_GetDefaultConfig
                0x60007340       0x34 CMakeFiles/main_programm.elf.dir/components/hal_tim/fsl_adapter_pit.c.obj
 .text.PIT_EnableInterrupts
                0x60007374       0x38 CMakeFiles/main_programm.elf.dir/components/hal_tim/fsl_adapter_pit.c.obj
 .text.PIT_ClearStatusFlags
                0x600073ac       0x28 CMakeFiles/main_programm.elf.dir/components/hal_tim/fsl_adapter_pit.c.obj
 .text.PIT_SetTimerPeriod
                0x600073d4       0x44 CMakeFiles/main_programm.elf.dir/components/hal_tim/fsl_adapter_pit.c.obj
 .text.PIT_StartTimer
                0x60007418       0x36 CMakeFiles/main_programm.elf.dir/components/hal_tim/fsl_adapter_pit.c.obj
 *fill*         0x6000744e        0x2 ff
 .text.HAL_TimerInterruptHandle
                0x60007450       0x44 CMakeFiles/main_programm.elf.dir/components/hal_tim/fsl_adapter_pit.c.obj
 .text.PIT_IRQHandler
                0x60007494       0x14 CMakeFiles/main_programm.elf.dir/components/hal_tim/fsl_adapter_pit.c.obj
                0x60007494                PIT_IRQHandler
 .text.HAL_TimerInit
                0x600074a8      0x154 CMakeFiles/main_programm.elf.dir/components/hal_tim/fsl_adapter_pit.c.obj
                0x600074a8                HAL_TimerInit
 .text.HAL_TimerEnable
                0x600075fc       0x40 CMakeFiles/main_programm.elf.dir/components/hal_tim/fsl_adapter_pit.c.obj
                0x600075fc                HAL_TimerEnable
 .text.HAL_TimerInstallCallback
                0x6000763c       0x44 CMakeFiles/main_programm.elf.dir/components/hal_tim/fsl_adapter_pit.c.obj
                0x6000763c                HAL_TimerInstallCallback
 .text.DisableGlobalIRQ
                0x60007680       0x20 CMakeFiles/main_programm.elf.dir/components/generic_list/fsl_component_generic_list.c.obj
 .text.EnableGlobalIRQ
                0x600076a0       0x1e CMakeFiles/main_programm.elf.dir/components/generic_list/fsl_component_generic_list.c.obj
 .text.LIST_Error_Check
                0x600076be       0x34 CMakeFiles/main_programm.elf.dir/components/generic_list/fsl_component_generic_list.c.obj
 .text.LIST_AddTail
                0x600076f2       0x6a CMakeFiles/main_programm.elf.dir/components/generic_list/fsl_component_generic_list.c.obj
                0x600076f2                LIST_AddTail
 .text.LIST_RemoveHead
                0x6000775c       0x5e CMakeFiles/main_programm.elf.dir/components/generic_list/fsl_component_generic_list.c.obj
                0x6000775c                LIST_RemoveHead
 .text.LIST_GetHead
                0x600077ba       0x16 CMakeFiles/main_programm.elf.dir/components/generic_list/fsl_component_generic_list.c.obj
                0x600077ba                LIST_GetHead
 .text.DisableGlobalIRQ
                0x600077d0       0x20 CMakeFiles/main_programm.elf.dir/components/serial_manager/fsl_component_serial_manager.c.obj
 .text.EnableGlobalIRQ
                0x600077f0       0x1e CMakeFiles/main_programm.elf.dir/components/serial_manager/fsl_component_serial_manager.c.obj
 .text.SerialManager_needPollingIsr
                0x6000780e       0x22 CMakeFiles/main_programm.elf.dir/components/serial_manager/fsl_component_serial_manager.c.obj
 .text.SerialManager_AddTail
                0x60007830       0x1c CMakeFiles/main_programm.elf.dir/components/serial_manager/fsl_component_serial_manager.c.obj
 .text.SerialManager_RemoveHead
                0x6000784c       0x16 CMakeFiles/main_programm.elf.dir/components/serial_manager/fsl_component_serial_manager.c.obj
 *fill*         0x60007862        0x2 ff
 .text.SerialManager_SetLpConstraint
                0x60007864       0x3c CMakeFiles/main_programm.elf.dir/components/serial_manager/fsl_component_serial_manager.c.obj
 .text.SerialManager_ReleaseLpConstraint
                0x600078a0       0x3c CMakeFiles/main_programm.elf.dir/components/serial_manager/fsl_component_serial_manager.c.obj
 .text.SerialManager_StartWriting
                0x600078dc       0x66 CMakeFiles/main_programm.elf.dir/components/serial_manager/fsl_component_serial_manager.c.obj
 .text.SerialManager_StartReading
                0x60007942       0x3e CMakeFiles/main_programm.elf.dir/components/serial_manager/fsl_component_serial_manager.c.obj
 .text.SerialManager_IsrFunction
                0x60007980       0x32 CMakeFiles/main_programm.elf.dir/components/serial_manager/fsl_component_serial_manager.c.obj
 .text.SerialManager_Task
                0x600079b2       0xce CMakeFiles/main_programm.elf.dir/components/serial_manager/fsl_component_serial_manager.c.obj
 .text.SerialManager_TxCallback
                0x60007a80       0x7e CMakeFiles/main_programm.elf.dir/components/serial_manager/fsl_component_serial_manager.c.obj
 .text.SerialManager_RxCallback
                0x60007afe      0x286 CMakeFiles/main_programm.elf.dir/components/serial_manager/fsl_component_serial_manager.c.obj
                0x60007afe                SerialManager_RxCallback
 .text.SerialManager_WriteTimeDelay
                0x60007d84       0x12 CMakeFiles/main_programm.elf.dir/components/serial_manager/fsl_component_serial_manager.c.obj
                0x60007d84                SerialManager_WriteTimeDelay
 *fill*         0x60007d96        0x2 ff
 .text.SerialManager_Write
                0x60007d98       0xec CMakeFiles/main_programm.elf.dir/components/serial_manager/fsl_component_serial_manager.c.obj
 .text.SerialManager_Init
                0x60007e84       0xbc CMakeFiles/main_programm.elf.dir/components/serial_manager/fsl_component_serial_manager.c.obj
                0x60007e84                SerialManager_Init
 .text.SerialManager_OpenWriteHandle
                0x60007f40       0x70 CMakeFiles/main_programm.elf.dir/components/serial_manager/fsl_component_serial_manager.c.obj
                0x60007f40                SerialManager_OpenWriteHandle
 .text.SerialManager_OpenReadHandle
                0x60007fb0       0x80 CMakeFiles/main_programm.elf.dir/components/serial_manager/fsl_component_serial_manager.c.obj
                0x60007fb0                SerialManager_OpenReadHandle
 .text.SerialManager_WriteNonBlocking
                0x60008030       0x22 CMakeFiles/main_programm.elf.dir/components/serial_manager/fsl_component_serial_manager.c.obj
                0x60008030                SerialManager_WriteNonBlocking
 *fill*         0x60008052        0x2 ff
 .text.SerialManager_InstallTxCallback
                0x60008054       0x3c CMakeFiles/main_programm.elf.dir/components/serial_manager/fsl_component_serial_manager.c.obj
                0x60008054                SerialManager_InstallTxCallback
 .text.SerialManager_InstallRxCallback
                0x60008090       0x3c CMakeFiles/main_programm.elf.dir/components/serial_manager/fsl_component_serial_manager.c.obj
                0x60008090                SerialManager_InstallRxCallback
 .text.Serial_UartEnableReceiving
                0x600080cc       0x48 CMakeFiles/main_programm.elf.dir/components/serial_manager/fsl_component_serial_port_uart.c.obj
 .text.Serial_UartCallback
                0x60008114       0x98 CMakeFiles/main_programm.elf.dir/components/serial_manager/fsl_component_serial_port_uart.c.obj
 .text.Serial_UartInit
                0x600081ac       0x5c CMakeFiles/main_programm.elf.dir/components/serial_manager/fsl_component_serial_port_uart.c.obj
                0x600081ac                Serial_UartInit
 .text.Serial_UartWrite
                0x60008208       0x68 CMakeFiles/main_programm.elf.dir/components/serial_manager/fsl_component_serial_port_uart.c.obj
                0x60008208                Serial_UartWrite
 .text.Serial_UartRead
                0x60008270       0x22 CMakeFiles/main_programm.elf.dir/components/serial_manager/fsl_component_serial_port_uart.c.obj
                0x60008270                Serial_UartRead
 .text.Serial_UartInstallTxCallback
                0x60008292       0x2e CMakeFiles/main_programm.elf.dir/components/serial_manager/fsl_component_serial_port_uart.c.obj
                0x60008292                Serial_UartInstallTxCallback
 .text.Serial_UartInstallRxCallback
                0x600082c0       0x32 CMakeFiles/main_programm.elf.dir/components/serial_manager/fsl_component_serial_port_uart.c.obj
                0x600082c0                Serial_UartInstallRxCallback
 .text.Serial_UartIsrFunction
                0x600082f2       0x22 CMakeFiles/main_programm.elf.dir/components/serial_manager/fsl_component_serial_port_uart.c.obj
                0x600082f2                Serial_UartIsrFunction
 .text.watchdog_sec_to_count
                0x60008314       0x44 CMakeFiles/main_programm.elf.dir/components/heartbeat/watchdog.c.obj
 .text.start_watchdog_timer
                0x60008358       0x48 CMakeFiles/main_programm.elf.dir/components/heartbeat/watchdog.c.obj
                0x60008358                start_watchdog_timer
 .text.get_watchdog_sec_timeout_value
                0x600083a0        0xe CMakeFiles/main_programm.elf.dir/components/heartbeat/watchdog.c.obj
                0x600083a0                get_watchdog_sec_timeout_value
 *fill*         0x600083ae        0x2 ff
 .text.feed_watchdog_timer
                0x600083b0       0x14 CMakeFiles/main_programm.elf.dir/components/heartbeat/watchdog.c.obj
                0x600083b0                feed_watchdog_timer
 .text.get_system_reset_reason
                0x600083c4       0x28 CMakeFiles/main_programm.elf.dir/components/heartbeat/watchdog.c.obj
                0x600083c4                get_system_reset_reason
 .text.print_system_reset_reason
                0x600083ec       0x58 CMakeFiles/main_programm.elf.dir/components/heartbeat/watchdog.c.obj
                0x600083ec                print_system_reset_reason
 .text.WDOG1_IRQHandler
                0x60008444       0x18 CMakeFiles/main_programm.elf.dir/components/heartbeat/watchdog.c.obj
                0x60008444                WDOG1_IRQHandler
 .text.toggle_heartbeat_led
                0x6000845c       0x30 CMakeFiles/main_programm.elf.dir/components/heartbeat/heartbeat.c.obj
 .text.heartbeat_timer_routine
                0x6000848c       0x1a CMakeFiles/main_programm.elf.dir/components/heartbeat/heartbeat.c.obj
 *fill*         0x600084a6        0x2 ff
 .text.init_heartbeat_led
                0x600084a8       0x44 CMakeFiles/main_programm.elf.dir/components/heartbeat/heartbeat.c.obj
 .text.init_heartbeat_tim
                0x600084ec       0x74 CMakeFiles/main_programm.elf.dir/components/heartbeat/heartbeat.c.obj
 .text.start_heartbeat_routine
                0x60008560       0x78 CMakeFiles/main_programm.elf.dir/components/heartbeat/heartbeat.c.obj
                0x60008560                start_heartbeat_routine
 .text          0x600085d8       0x30 c:/arm32/toolchain/12.3-rel1-nxp/bin/../lib/gcc/arm-none-eabi/12.3.1/thumb/v7e-m/nofp\libgcc.a(_aeabi_uldivmod.o)
                0x600085d8                __aeabi_uldivmod
 .text.__udivmoddi4
                0x60008608      0x2bc c:/arm32/toolchain/12.3-rel1-nxp/bin/../lib/gcc/arm-none-eabi/12.3.1/thumb/v7e-m/nofp\libgcc.a(_udivmoddi4.o)
                0x60008608                __udivmoddi4
 .text          0x600088c4        0x4 c:/arm32/toolchain/12.3-rel1-nxp/bin/../lib/gcc/arm-none-eabi/12.3.1/thumb/v7e-m/nofp\libgcc.a(_dvmd_tls.o)
                0x600088c4                __aeabi_idiv0
                0x600088c4                __aeabi_ldiv0
 .text.memset   0x600088c8       0xa4 c:/arm32/toolchain/12.3-rel1-nxp/bin/../lib/gcc/arm-none-eabi/12.3.1/thumb/v7e-m/nofp\libg.a(libc_a-memset.o)
                0x600088c8                memset
 *fill*         0x6000896c       0x14 ff
 .text          0x60008980       0xd8 c:/arm32/toolchain/12.3-rel1-nxp/bin/../lib/gcc/arm-none-eabi/12.3.1/thumb/v7e-m/nofp\libg.a(libc_a-strlen.o)
                0x60008980                strlen
 *(.rodata .rodata.* .constdata .constdata.*)
 .rodata.CLOCK_ControlGate.str1.4
                0x60008a58       0x65 CMakeFiles/main_programm.elf.dir/board/pin_mux.c.obj
 *fill*         0x60008abd        0x3 ff
 .rodata        0x60008ac0        0x3 CMakeFiles/main_programm.elf.dir/board/pin_mux.c.obj
 *fill*         0x60008ac3        0x1 ff
 .rodata.__func__.0
                0x60008ac4       0x12 CMakeFiles/main_programm.elf.dir/board/pin_mux.c.obj
 *fill*         0x60008ad6        0x2 ff
 .rodata.CLOCK_SetMux.str1.4
                0x60008ad8       0x1e CMakeFiles/main_programm.elf.dir/board/clock_config.c.obj
                                 0x75 (size before relaxing)
 .rodata.CLOCK_ControlGate.str1.4
                0x60008af6        0xd CMakeFiles/main_programm.elf.dir/board/clock_config.c.obj
 *fill*         0x60008af6        0x2 ff
 .rodata.armPllConfig_BOARD_BootClockRUN
                0x60008af8        0x8 CMakeFiles/main_programm.elf.dir/board/clock_config.c.obj
                0x60008af8                armPllConfig_BOARD_BootClockRUN
 .rodata.__func__.2
                0x60008b00       0x12 CMakeFiles/main_programm.elf.dir/board/clock_config.c.obj
 *fill*         0x60008b12        0x2 ff
 .rodata.__func__.1
                0x60008b14        0xd CMakeFiles/main_programm.elf.dir/board/clock_config.c.obj
 *fill*         0x60008b21        0x3 ff
 .rodata.__func__.0
                0x60008b24        0xd CMakeFiles/main_programm.elf.dir/board/clock_config.c.obj
 *fill*         0x60008b31        0x3 ff
 .rodata.BOARD_ConfigMPU.str1.4
                0x60008b34       0x8b CMakeFiles/main_programm.elf.dir/board/board.c.obj
 *fill*         0x60008bbf        0x1 ff
 .rodata.__func__.0
                0x60008bc0       0x10 CMakeFiles/main_programm.elf.dir/board/board.c.obj
 .rodata.main.str1.4
                0x60008bd0       0x3b CMakeFiles/main_programm.elf.dir/source/main.c.obj
 *fill*         0x60008c0b        0x1 ff
 .rodata.__assert_func.str1.4
                0x60008c0c       0x3e CMakeFiles/main_programm.elf.dir/utilities/fsl_assert.c.obj
 *fill*         0x60008c4a        0x2 ff
 .rodata.CLOCK_InitExternalClk.str1.4
                0x60008c4c       0x65 CMakeFiles/main_programm.elf.dir/drivers/fsl_clock.c.obj
 *fill*         0x60008cb1        0x3 ff
 .rodata.CLOCK_GetPllFreq.str1.4
                0x60008cb4        0x6 CMakeFiles/main_programm.elf.dir/drivers/fsl_clock.c.obj
 *fill*         0x60008cba        0x2 ff
 .rodata.__func__.8
                0x60008cbc       0x16 CMakeFiles/main_programm.elf.dir/drivers/fsl_clock.c.obj
 *fill*         0x60008cd2        0x2 ff
 .rodata.__func__.2
                0x60008cd4       0x11 CMakeFiles/main_programm.elf.dir/drivers/fsl_clock.c.obj
 *fill*         0x60008ce5        0x3 ff
 .rodata.enetRefClkFreq.1
                0x60008ce8       0x10 CMakeFiles/main_programm.elf.dir/drivers/fsl_clock.c.obj
 .rodata.CLOCK_ControlGate.str1.4
                0x60008cf8       0x55 CMakeFiles/main_programm.elf.dir/drivers/fsl_gpio.c.obj
                                 0x65 (size before relaxing)
 *fill*         0x60008d4d        0x3 ff
 .rodata.s_gpioBases
                0x60008d50       0x18 CMakeFiles/main_programm.elf.dir/drivers/fsl_gpio.c.obj
 .rodata.s_gpioClock
                0x60008d68        0xc CMakeFiles/main_programm.elf.dir/drivers/fsl_gpio.c.obj
 .rodata.GPIO_GetInstance.str1.4
                0x60008d74       0x78 CMakeFiles/main_programm.elf.dir/drivers/fsl_gpio.c.obj
 .rodata.GPIO_PinWrite.str1.4
                0x60008dec        0xa CMakeFiles/main_programm.elf.dir/drivers/fsl_gpio.c.obj
 *fill*         0x60008df6        0x2 ff
 .rodata.__func__.2
                0x60008df8       0x11 CMakeFiles/main_programm.elf.dir/drivers/fsl_gpio.c.obj
 *fill*         0x60008e09        0x3 ff
 .rodata.__func__.1
                0x60008e0c       0x12 CMakeFiles/main_programm.elf.dir/drivers/fsl_gpio.c.obj
 *fill*         0x60008e1e        0x2 ff
 .rodata.__func__.0
                0x60008e20        0xe CMakeFiles/main_programm.elf.dir/drivers/fsl_gpio.c.obj
 .rodata.CLOCK_ControlGate.str1.4
                0x60008e2e       0x65 CMakeFiles/main_programm.elf.dir/drivers/fsl_lpuart.c.obj
 *fill*         0x60008e2e        0x2 ff
 .rodata.s_lpuartBases
                0x60008e30       0x24 CMakeFiles/main_programm.elf.dir/drivers/fsl_lpuart.c.obj
 .rodata.s_lpuartClock
                0x60008e54       0x12 CMakeFiles/main_programm.elf.dir/drivers/fsl_lpuart.c.obj
 *fill*         0x60008e66        0x2 ff
 .rodata.LPUART_GetInstance.str1.4
                0x60008e68       0x7e CMakeFiles/main_programm.elf.dir/drivers/fsl_lpuart.c.obj
 *fill*         0x60008ee6        0x2 ff
 .rodata.LPUART_Init.str1.4
                0x60008ee8       0xbb CMakeFiles/main_programm.elf.dir/drivers/fsl_lpuart.c.obj
 *fill*         0x60008fa3        0x1 ff
 .rodata.__func__.22
                0x60008fa4       0x13 CMakeFiles/main_programm.elf.dir/drivers/fsl_lpuart.c.obj
 *fill*         0x60008fb7        0x1 ff
 .rodata.__func__.17
                0x60008fb8        0xc CMakeFiles/main_programm.elf.dir/drivers/fsl_lpuart.c.obj
 .rodata.__func__.16
                0x60008fc4       0x12 CMakeFiles/main_programm.elf.dir/drivers/fsl_lpuart.c.obj
 *fill*         0x60008fd6        0x2 ff
 .rodata.__func__.15
                0x60008fd8       0x18 CMakeFiles/main_programm.elf.dir/drivers/fsl_lpuart.c.obj
 .rodata.CLOCK_ControlGate.str1.4
                0x60008ff0       0x65 CMakeFiles/main_programm.elf.dir/drivers/fsl_pit.c.obj
 .rodata.PIT_GetInstance.str1.4
                0x60008ff0       0x77 CMakeFiles/main_programm.elf.dir/drivers/fsl_pit.c.obj
 .rodata.PIT_Init.str1.4
                0x60009067        0xf CMakeFiles/main_programm.elf.dir/drivers/fsl_pit.c.obj
 *fill*         0x60009067        0x1 ff
 .rodata.__func__.2
                0x60009068       0x10 CMakeFiles/main_programm.elf.dir/drivers/fsl_pit.c.obj
 .rodata.__func__.1
                0x60009078        0x9 CMakeFiles/main_programm.elf.dir/drivers/fsl_pit.c.obj
 *fill*         0x60009081        0x3 ff
 .rodata.__func__.0
                0x60009084       0x12 CMakeFiles/main_programm.elf.dir/drivers/fsl_pit.c.obj
 .rodata.CLOCK_ControlGate.str1.4
                0x60009096       0x65 CMakeFiles/main_programm.elf.dir/drivers/fsl_wdog.c.obj
 *fill*         0x60009096        0x2 ff
 .rodata.s_wdogBases
                0x60009098        0xc CMakeFiles/main_programm.elf.dir/drivers/fsl_wdog.c.obj
 .rodata.s_wdogClock
                0x600090a4        0x6 CMakeFiles/main_programm.elf.dir/drivers/fsl_wdog.c.obj
 *fill*         0x600090aa        0x2 ff
 .rodata.s_wdogIRQ
                0x600090ac        0x6 CMakeFiles/main_programm.elf.dir/drivers/fsl_wdog.c.obj
 *fill*         0x600090b2        0x2 ff
 .rodata.WDOG_GetInstance.str1.4
                0x600090b4       0x78 CMakeFiles/main_programm.elf.dir/drivers/fsl_wdog.c.obj
 .rodata.WDOG_GetDefaultConfig.str1.4
                0x6000912c        0xf CMakeFiles/main_programm.elf.dir/drivers/fsl_wdog.c.obj
 .rodata.__func__.3
                0x6000912c       0x11 CMakeFiles/main_programm.elf.dir/drivers/fsl_wdog.c.obj
 *fill*         0x6000913d        0x3 ff
 .rodata.__func__.1
                0x60009140        0xa CMakeFiles/main_programm.elf.dir/drivers/fsl_wdog.c.obj
 *fill*         0x6000914a        0x2 ff
 .rodata.__func__.0
                0x6000914c       0x12 CMakeFiles/main_programm.elf.dir/drivers/fsl_wdog.c.obj
 *fill*         0x6000915e        0x2 ff
 .rodata        0x60009160       0x30 CMakeFiles/main_programm.elf.dir/components/hal_gpio/fsl_adapter_igpio.c.obj
 .rodata.HAL_GpioInit.str1.4
                0x60009190       0x82 CMakeFiles/main_programm.elf.dir/components/hal_gpio/fsl_adapter_igpio.c.obj
 *fill*         0x60009212        0x2 ff
 .rodata.__func__.10
                0x60009214        0xd CMakeFiles/main_programm.elf.dir/components/hal_gpio/fsl_adapter_igpio.c.obj
 *fill*         0x60009221        0x3 ff
 .rodata.__func__.6
                0x60009224       0x12 CMakeFiles/main_programm.elf.dir/components/hal_gpio/fsl_adapter_igpio.c.obj
 *fill*         0x60009236        0x2 ff
 .rodata.s_LpuartAdapterBase
                0x60009238       0x24 CMakeFiles/main_programm.elf.dir/components/hal_uart/fsl_adapter_lpuart.c.obj
 .rodata.s_LpuartIRQ
                0x6000925c       0x12 CMakeFiles/main_programm.elf.dir/components/hal_uart/fsl_adapter_lpuart.c.obj
 *fill*         0x6000926e        0x2 ff
 .rodata.HAL_UartInterruptHandle.str1.4
                0x60009270       0x7e CMakeFiles/main_programm.elf.dir/components/hal_uart/fsl_adapter_lpuart.c.obj
 *fill*         0x600092ee        0x2 ff
 .rodata.HAL_UartInit.str1.4
                0x600092f0       0xa7 CMakeFiles/main_programm.elf.dir/components/hal_uart/fsl_adapter_lpuart.c.obj
 *fill*         0x60009397        0x1 ff
 .rodata.HAL_UartReceiveBlocking.str1.4
                0x60009398       0x1c CMakeFiles/main_programm.elf.dir/components/hal_uart/fsl_adapter_lpuart.c.obj
 .rodata.__func__.13
                0x600093b4       0x18 CMakeFiles/main_programm.elf.dir/components/hal_uart/fsl_adapter_lpuart.c.obj
 .rodata.__func__.12
                0x600093cc        0xd CMakeFiles/main_programm.elf.dir/components/hal_uart/fsl_adapter_lpuart.c.obj
 *fill*         0x600093d9        0x3 ff
 .rodata.__func__.7
                0x600093dc       0x18 CMakeFiles/main_programm.elf.dir/components/hal_uart/fsl_adapter_lpuart.c.obj
 .rodata.__func__.6
                0x600093f4       0x1b CMakeFiles/main_programm.elf.dir/components/hal_uart/fsl_adapter_lpuart.c.obj
 *fill*         0x6000940f        0x1 ff
 .rodata.__func__.5
                0x60009410       0x18 CMakeFiles/main_programm.elf.dir/components/hal_uart/fsl_adapter_lpuart.c.obj
 .rodata.__func__.2
                0x60009428       0x15 CMakeFiles/main_programm.elf.dir/components/hal_uart/fsl_adapter_lpuart.c.obj
 *fill*         0x6000943d        0x3 ff
 .rodata.__func__.0
                0x60009440       0x14 CMakeFiles/main_programm.elf.dir/components/hal_uart/fsl_adapter_lpuart.c.obj
 .rodata.PIT_GetDefaultConfig.str1.4
                0x60009454       0x53 CMakeFiles/main_programm.elf.dir/components/hal_tim/fsl_adapter_pit.c.obj
                                 0x63 (size before relaxing)
 *fill*         0x600094a7        0x1 ff
 .rodata.PIT_SetTimerPeriod.str1.4
                0x600094a8        0xc CMakeFiles/main_programm.elf.dir/components/hal_tim/fsl_adapter_pit.c.obj
 .rodata.HAL_TimerInit.str1.4
                0x600094b4       0xef CMakeFiles/main_programm.elf.dir/components/hal_tim/fsl_adapter_pit.c.obj
 *fill*         0x600095a3        0x1 ff
 .rodata        0x600095a4        0x8 CMakeFiles/main_programm.elf.dir/components/hal_tim/fsl_adapter_pit.c.obj
 .rodata.__func__.11
                0x600095ac        0xe CMakeFiles/main_programm.elf.dir/components/hal_tim/fsl_adapter_pit.c.obj
 *fill*         0x600095ba        0x2 ff
 .rodata.__func__.10
                0x600095bc       0x15 CMakeFiles/main_programm.elf.dir/components/hal_tim/fsl_adapter_pit.c.obj
 *fill*         0x600095d1        0x3 ff
 .rodata.__func__.9
                0x600095d4       0x13 CMakeFiles/main_programm.elf.dir/components/hal_tim/fsl_adapter_pit.c.obj
 *fill*         0x600095e7        0x1 ff
 .rodata.__func__.7
                0x600095e8       0x10 CMakeFiles/main_programm.elf.dir/components/hal_tim/fsl_adapter_pit.c.obj
 .rodata.__func__.5
                0x600095f8       0x19 CMakeFiles/main_programm.elf.dir/components/hal_tim/fsl_adapter_pit.c.obj
 *fill*         0x60009611        0x3 ff
 .rodata.watchdog_sec_to_count.str1.4
                0x60009614       0x9d CMakeFiles/main_programm.elf.dir/components/heartbeat/watchdog.c.obj
 *fill*         0x600096b1        0x3 ff
 .rodata.print_system_reset_reason.str1.4