Archive member included to satisfy reference by file (symbol)

c:/arm32/toolchain/12.3-rel1-nxp/bin/../lib/gcc/arm-none-eabi/12.3.1/thumb/v7e-m/nofp\libgcc.a(_aeabi_uldivmod.o)
                              CMakeFiles/main_programm.elf.dir/device/system_MIMXRT1052.c.obj (__aeabi_uldivmod)
c:/arm32/toolchain/12.3-rel1-nxp/bin/../lib/gcc/arm-none-eabi/12.3.1/thumb/v7e-m/nofp\libgcc.a(_udivmoddi4.o)
                              c:/arm32/toolchain/12.3-rel1-nxp/bin/../lib/gcc/arm-none-eabi/12.3.1/thumb/v7e-m/nofp\libgcc.a(_aeabi_uldivmod.o) (__udivmoddi4)
c:/arm32/toolchain/12.3-rel1-nxp/bin/../lib/gcc/arm-none-eabi/12.3.1/thumb/v7e-m/nofp\libgcc.a(_dvmd_tls.o)
                              c:/arm32/toolchain/12.3-rel1-nxp/bin/../lib/gcc/arm-none-eabi/12.3.1/thumb/v7e-m/nofp\libgcc.a(_aeabi_uldivmod.o) (__aeabi_ldiv0)
c:/arm32/toolchain/12.3-rel1-nxp/bin/../lib/gcc/arm-none-eabi/12.3.1/thumb/v7e-m/nofp\libg.a(libc_a-exit.o)
                              c:/arm32/toolchain/12.3-rel1-nxp/bin/../lib/gcc/arm-none-eabi/12.3.1/thumb/v7e-m/nofp/crt0.o (exit)
c:/arm32/toolchain/12.3-rel1-nxp/bin/../lib/gcc/arm-none-eabi/12.3.1/thumb/v7e-m/nofp\libg.a(libc_a-malloc.o)
                              CMakeFiles/main_programm.elf.dir/drivers/fsl_common.c.obj (malloc)
c:/arm32/toolchain/12.3-rel1-nxp/bin/../lib/gcc/arm-none-eabi/12.3.1/thumb/v7e-m/nofp\libg.a(libc_a-mallocr.o)
                              c:/arm32/toolchain/12.3-rel1-nxp/bin/../lib/gcc/arm-none-eabi/12.3.1/thumb/v7e-m/nofp\libg.a(libc_a-malloc.o) (_malloc_r)
c:/arm32/toolchain/12.3-rel1-nxp/bin/../lib/gcc/arm-none-eabi/12.3.1/thumb/v7e-m/nofp\libg.a(libc_a-mlock.o)
                              c:/arm32/toolchain/12.3-rel1-nxp/bin/../lib/gcc/arm-none-eabi/12.3.1/thumb/v7e-m/nofp\libg.a(libc_a-mallocr.o) (__malloc_lock)
c:/arm32/toolchain/12.3-rel1-nxp/bin/../lib/gcc/arm-none-eabi/12.3.1/thumb/v7e-m/nofp\libg.a(libc_a-strtoul.o)
                              CMakeFiles/main_programm.elf.dir/utilities/fsl_str.c.obj (strtoul)
c:/arm32/toolchain/12.3-rel1-nxp/bin/../lib/gcc/arm-none-eabi/12.3.1/thumb/v7e-m/nofp\libg.a(libc_a-ctype_.o)
                              c:/arm32/toolchain/12.3-rel1-nxp/bin/../lib/gcc/arm-none-eabi/12.3.1/thumb/v7e-m/nofp\libg.a(libc_a-strtoul.o) (_ctype_)
c:/arm32/toolchain/12.3-rel1-nxp/bin/../lib/gcc/arm-none-eabi/12.3.1/thumb/v7e-m/nofp\libg.a(libc_a-findfp.o)
                              c:/arm32/toolchain/12.3-rel1-nxp/bin/../lib/gcc/arm-none-eabi/12.3.1/thumb/v7e-m/nofp\libg.a(libc_a-exit.o) (__stdio_exit_handler)
c:/arm32/toolchain/12.3-rel1-nxp/bin/../lib/gcc/arm-none-eabi/12.3.1/thumb/v7e-m/nofp\libg.a(libc_a-fwalk.o)
                              c:/arm32/toolchain/12.3-rel1-nxp/bin/../lib/gcc/arm-none-eabi/12.3.1/thumb/v7e-m/nofp\libg.a(libc_a-findfp.o) (_fwalk_sglue)
c:/arm32/toolchain/12.3-rel1-nxp/bin/../lib/gcc/arm-none-eabi/12.3.1/thumb/v7e-m/nofp\libg.a(libc_a-stdio.o)
                              c:/arm32/toolchain/12.3-rel1-nxp/bin/../lib/gcc/arm-none-eabi/12.3.1/thumb/v7e-m/nofp\libg.a(libc_a-findfp.o) (__sread)
c:/arm32/toolchain/12.3-rel1-nxp/bin/../lib/gcc/arm-none-eabi/12.3.1/thumb/v7e-m/nofp\libg.a(libc_a-memset.o)
                              c:/arm32/toolchain/12.3-rel1-nxp/bin/../lib/gcc/arm-none-eabi/12.3.1/thumb/v7e-m/nofp/crt0.o (memset)
c:/arm32/toolchain/12.3-rel1-nxp/bin/../lib/gcc/arm-none-eabi/12.3.1/thumb/v7e-m/nofp\libg.a(libc_a-closer.o)
                              c:/arm32/toolchain/12.3-rel1-nxp/bin/../lib/gcc/arm-none-eabi/12.3.1/thumb/v7e-m/nofp\libg.a(libc_a-stdio.o) (_close_r)
c:/arm32/toolchain/12.3-rel1-nxp/bin/../lib/gcc/arm-none-eabi/12.3.1/thumb/v7e-m/nofp\libg.a(libc_a-reent.o)
                              c:/arm32/toolchain/12.3-rel1-nxp/bin/../lib/gcc/arm-none-eabi/12.3.1/thumb/v7e-m/nofp\libg.a(libc_a-closer.o) (errno)
c:/arm32/toolchain/12.3-rel1-nxp/bin/../lib/gcc/arm-none-eabi/12.3.1/thumb/v7e-m/nofp\libg.a(libc_a-impure.o)
                              c:/arm32/toolchain/12.3-rel1-nxp/bin/../lib/gcc/arm-none-eabi/12.3.1/thumb/v7e-m/nofp\libg.a(libc_a-malloc.o) (_impure_ptr)
c:/arm32/toolchain/12.3-rel1-nxp/bin/../lib/gcc/arm-none-eabi/12.3.1/thumb/v7e-m/nofp\libg.a(libc_a-lseekr.o)
                              c:/arm32/toolchain/12.3-rel1-nxp/bin/../lib/gcc/arm-none-eabi/12.3.1/thumb/v7e-m/nofp\libg.a(libc_a-stdio.o) (_lseek_r)
c:/arm32/toolchain/12.3-rel1-nxp/bin/../lib/gcc/arm-none-eabi/12.3.1/thumb/v7e-m/nofp\libg.a(libc_a-readr.o)
                              c:/arm32/toolchain/12.3-rel1-nxp/bin/../lib/gcc/arm-none-eabi/12.3.1/thumb/v7e-m/nofp\libg.a(libc_a-stdio.o) (_read_r)
c:/arm32/toolchain/12.3-rel1-nxp/bin/../lib/gcc/arm-none-eabi/12.3.1/thumb/v7e-m/nofp\libg.a(libc_a-sbrkr.o)
                              c:/arm32/toolchain/12.3-rel1-nxp/bin/../lib/gcc/arm-none-eabi/12.3.1/thumb/v7e-m/nofp\libg.a(libc_a-mallocr.o) (_sbrk_r)
c:/arm32/toolchain/12.3-rel1-nxp/bin/../lib/gcc/arm-none-eabi/12.3.1/thumb/v7e-m/nofp\libg.a(libc_a-writer.o)
[...]
Memory Configuration

Name             Origin             Length             Attributes
TFT_FLASH        0x60002000         0x00ffe000         xr
TFT_SDRAM        0x80000000         0x01000000         xrw
NCACHE_REGION    0x81000000         0x01000000         xrw
SRAM_DTC         0x20000000         0x00020000         xrw
SRAM_ITC         0x00000000         0x00020000         xrw
SRAM_OC          0x20200000         0x00040000         xrw
*default*        0x00000000         0xffffffff

Linker script and memory map

LOAD c:/arm32/toolchain/12.3-rel1-nxp/bin/../lib/gcc/arm-none-eabi/12.3.1/thumb/v7e-m/nofp/crti.o
LOAD c:/arm32/toolchain/12.3-rel1-nxp/bin/../lib/gcc/arm-none-eabi/12.3.1/thumb/v7e-m/nofp/crtbegin.o
LOAD c:/arm32/toolchain/12.3-rel1-nxp/bin/../lib/gcc/arm-none-eabi/12.3.1/thumb/v7e-m/nofp/crt0.o
LOAD CMakeFiles/main_programm.elf.dir/board/pin_mux.c.obj
LOAD CMakeFiles/main_programm.elf.dir/board/dcd.c.obj
LOAD CMakeFiles/main_programm.elf.dir/board/clock_config.c.obj
LOAD CMakeFiles/main_programm.elf.dir/board/board.c.obj
LOAD CMakeFiles/main_programm.elf.dir/device/system_MIMXRT1052.c.obj
LOAD CMakeFiles/main_programm.elf.dir/device/startup_mimxrt1052.c.obj
LOAD CMakeFiles/main_programm.elf.dir/source/main.c.obj
LOAD CMakeFiles/main_programm.elf.dir/utilities/fsl_str.c.obj
LOAD CMakeFiles/main_programm.elf.dir/utilities/fsl_memcpy.S.obj
LOAD CMakeFiles/main_programm.elf.dir/utilities/fsl_debug_console.c.obj
LOAD CMakeFiles/main_programm.elf.dir/utilities/fsl_assert.c.obj
LOAD CMakeFiles/main_programm.elf.dir/xip/fsl_flexspi_nor_boot.c.obj
LOAD CMakeFiles/main_programm.elf.dir/xip/evkbimxrt1050_flexspi_nor_config.c.obj
LOAD CMakeFiles/main_programm.elf.dir/drivers/fsl_clock.c.obj
LOAD CMakeFiles/main_programm.elf.dir/drivers/fsl_common.c.obj
LOAD CMakeFiles/main_programm.elf.dir/drivers/fsl_common_arm.c.obj
LOAD CMakeFiles/main_programm.elf.dir/drivers/fsl_gpio.c.obj
LOAD CMakeFiles/main_programm.elf.dir/drivers/fsl_lpuart.c.obj
LOAD CMakeFiles/main_programm.elf.dir/components/hal_gpio_driver/fsl_adapter_igpio.c.obj
LOAD CMakeFiles/main_programm.elf.dir/components/hal_uart_driver/fsl_adapter_lpuart.c.obj
START GROUP
LOAD c:/arm32/toolchain/12.3-rel1-nxp/bin/../lib/gcc/arm-none-eabi/12.3.1/thumb/v7e-m/nofp\libgcc.a
LOAD c:/arm32/toolchain/12.3-rel1-nxp/bin/../lib/gcc/arm-none-eabi/12.3.1/thumb/v7e-m/nofp\libg.a
LOAD c:/arm32/toolchain/12.3-rel1-nxp/bin/../lib/gcc/arm-none-eabi/12.3.1/thumb/v7e-m/nofp\libc.a
END GROUP
LOAD c:/arm32/toolchain/12.3-rel1-nxp/bin/../lib/gcc/arm-none-eabi/12.3.1/thumb/v7e-m/nofp/crtend.o
LOAD c:/arm32/toolchain/12.3-rel1-nxp/bin/../lib/gcc/arm-none-eabi/12.3.1/thumb/v7e-m/nofp/crtn.o
START GROUP
LOAD c:/arm32/toolchain/12.3-rel1-nxp/bin/../lib/gcc/arm-none-eabi/12.3.1/../../../../arm-none-eabi/lib/thumb/v7e-m/nofp\libcr_c.a
LOAD c:/arm32/toolchain/12.3-rel1-nxp/bin/../lib/gcc/arm-none-eabi/12.3.1/thumb/v7e-m/nofp\libcr_eabihelpers.a
LOAD c:/arm32/toolchain/12.3-rel1-nxp/bin/../lib/gcc/arm-none-eabi/12.3.1/thumb/v7e-m/nofp\libgcc.a
END GROUP
                0x60002000                        __base_TFT_FLASH = 0x60002000
                0x60002000                        __base_Flash = 0x60002000
                0x61000000                        __top_TFT_FLASH = 0x61000000
                0x61000000                        __top_Flash = 0x61000000
                0x80000000                        __base_TFT_SDRAM = 0x80000000
                0x80000000                        __base_RAM = 0x80000000
                0x81000000                        __top_TFT_SDRAM = 0x81000000
                0x81000000                        __top_RAM = 0x81000000
                0x81000000                        __base_NCACHE_REGION = 0x81000000
                0x81000000                        __base_RAM2 = 0x81000000
                0x82000000                        __top_NCACHE_REGION = 0x82000000
                0x82000000                        __top_RAM2 = 0x82000000
                0x20000000                        __base_SRAM_DTC = 0x20000000
                0x20000000                        __base_RAM3 = 0x20000000
                0x20020000                        __top_SRAM_DTC = 0x20020000
                0x20020000                        __top_RAM3 = 0x20020000
                0x00000000                        __base_SRAM_ITC = 0x0
                0x00000000                        __base_RAM4 = 0x0
                0x00020000                        __top_SRAM_ITC = 0x20000
                0x00020000                        __top_RAM4 = 0x20000
                0x20200000                        __base_SRAM_OC = 0x20200000
                0x20200000                        __base_RAM5 = 0x20200000
                0x20240000                        __top_SRAM_OC = 0x20240000
                0x20240000                        __top_RAM5 = 0x20240000

.text           0x60002000     0x4c38
 FILL mask 0xff
                0x60002000                        __vectors_start__ = ABSOLUTE (.)
 *(.isr_vector)
 .isr_vector    0x60002000      0x2a0 CMakeFiles/main_programm.elf.dir/device/startup_mimxrt1052.c.obj
                0x60002000                g_pfnVectors
                0x60002000                __Vectors
                0x600022a0                        . = ALIGN (0x4)
                0x600022a0                        __section_table_start = .
                0x600022a0                        __data_section_table = .
                0x600022a0        0x4 LONG 0x60006c48 LOADADDR (.data)
                0x600022a4        0x4 LONG 0x80000000 ADDR (.data)
                0x600022a8        0x4 LONG 0x4 SIZEOF (.data)
                0x600022ac        0x4 LONG 0x60006c48 LOADADDR (.data_RAM2)
                0x600022b0        0x4 LONG 0x81000000 ADDR (.data_RAM2)
                0x600022b4        0x4 LONG 0x0 SIZEOF (.data_RAM2)
                0x600022b8        0x4 LONG 0x60006c48 LOADADDR (.data_RAM3)
                0x600022bc        0x4 LONG 0x20000000 ADDR (.data_RAM3)
                0x600022c0        0x4 LONG 0x0 SIZEOF (.data_RAM3)
                0x600022c4        0x4 LONG 0x60006c48 LOADADDR (.data_RAM4)
                0x600022c8        0x4 LONG 0x0 ADDR (.data_RAM4)
                0x600022cc        0x4 LONG 0x0 SIZEOF (.data_RAM4)
                0x600022d0        0x4 LONG 0x60006c48 LOADADDR (.data_RAM5)
                0x600022d4        0x4 LONG 0x20200000 ADDR (.data_RAM5)
                0x600022d8        0x4 LONG 0x0 SIZEOF (.data_RAM5)
                0x600022dc                        __data_section_table_end = .
                0x600022dc                        __bss_section_table = .
                0x600022dc        0x4 LONG 0x80000004 ADDR (.bss)
                0x600022e0        0x4 LONG 0x68 SIZEOF (.bss)
                0x600022e4        0x4 LONG 0x81000000 ADDR (.bss_RAM2)
                0x600022e8        0x4 LONG 0x0 SIZEOF (.bss_RAM2)
                0x600022ec        0x4 LONG 0x20000000 ADDR (.bss_RAM3)
                0x600022f0        0x4 LONG 0x0 SIZEOF (.bss_RAM3)
                0x600022f4        0x4 LONG 0x0 ADDR (.bss_RAM4)
                0x600022f8        0x4 LONG 0x0 SIZEOF (.bss_RAM4)
                0x600022fc        0x4 LONG 0x20200000 ADDR (.bss_RAM5)
                0x60002300        0x4 LONG 0x0 SIZEOF (.bss_RAM5)
                0x60002304                        __bss_section_table_end = .
                0x60002304                        __section_table_end = .
 *(.after_vectors*)
 .after_vectors.init_data
                0x60002304       0x1c CMakeFiles/main_programm.elf.dir/device/startup_mimxrt1052.c.obj
                0x60002304                data_init
 .after_vectors.init_bss
                0x60002320       0x12 CMakeFiles/main_programm.elf.dir/device/startup_mimxrt1052.c.obj
                0x60002320                bss_init
 *fill*         0x60002332        0x2 ff
 .after_vectors.reset
                0x60002334       0x54 CMakeFiles/main_programm.elf.dir/device/startup_mimxrt1052.c.obj
                0x60002334                ResetISR
 .after_vectors
                0x60002388       0x14 CMakeFiles/main_programm.elf.dir/device/startup_mimxrt1052.c.obj
                0x60002388                NMI_Handler
                0x6000238a                HardFault_Handler
                0x6000238c                MemManage_Handler
                0x6000238e                BusFault_Handler
                0x60002390                UsageFault_Handler
                0x60002392                SVC_Handler
                0x60002394                DebugMon_Handler
                0x60002396                PendSV_Handler
                0x60002398                SysTick_Handler
                0x6000239a                PMU_EVENT_DriverIRQHandler
                0x6000239a                PWM4_FAULT_DriverIRQHandler
                0x6000239a                DMA13_DMA29_DriverIRQHandler
                0x6000239a                FLEXRAM_DriverIRQHandler
                0x6000239a                CCM_2_DriverIRQHandler
                0x6000239a                LPSPI4_DriverIRQHandler
                0x6000239a                SEMC_DriverIRQHandler
                0x6000239a                SPDIF_DriverIRQHandler
                0x6000239a                PIT_DriverIRQHandler
                0x6000239a                PWM4_3_DriverIRQHandler
                0x6000239a                LCDIF_DriverIRQHandler
                0x6000239a                SAI3_RX_DriverIRQHandler
                0x6000239a                USB_PHY1_DriverIRQHandler
                0x6000239a                GPIO3_Combined_0_15_DriverIRQHandler
                0x6000239a                DMA7_DMA23_DriverIRQHandler
                0x6000239a                BEE_DriverIRQHandler
                0x6000239a                LPI2C3_DriverIRQHandler
                0x6000239a                GPR_IRQ_DriverIRQHandler
                0x6000239a                PWM2_FAULT_DriverIRQHandler
                0x6000239a                PWM3_1_DriverIRQHandler
                0x6000239a                DMA14_DMA30_DriverIRQHandler
                0x6000239a                TMR1_DriverIRQHandler
                0x6000239a                TRNG_DriverIRQHandler
                0x6000239a                PWM3_2_DriverIRQHandler
                0x6000239a                ENET_1588_Timer_DriverIRQHandler
                0x6000239a                FLEXIO2_DriverIRQHandler
                0x6000239a                GPIO2_Combined_16_31_DriverIRQHandler
                0x6000239a                Reserved143_DriverIRQHandler
                0x6000239a                LPSPI2_DriverIRQHandler
                0x6000239a                PWM4_1_DriverIRQHandler
                0x6000239a                PWM3_3_DriverIRQHandler
                0x6000239a                DMA0_DMA16_DriverIRQHandler
                0x6000239a                IntDefaultHandler
                0x6000239a                DMA2_DMA18_DriverIRQHandler
                0x6000239a                SRC_DriverIRQHandler
                0x6000239a                GPIO1_INT4_DriverIRQHandler
                0x6000239a                Reserved144_DriverIRQHandler
                0x6000239a                USDHC1_DriverIRQHandler
                0x6000239a                ENC3_DriverIRQHandler
                0x6000239a                PWM3_FAULT_DriverIRQHandler
                0x6000239a                EWM_DriverIRQHandler
                0x6000239a                TSC_DIG_DriverIRQHandler
                0x6000239a                KPP_DriverIRQHandler
                0x6000239a                FLEXIO1_DriverIRQHandler
                0x6000239a                ENET_DriverIRQHandler
                0x6000239a                Reserved78_DriverIRQHandler
                0x6000239a                TMR4_DriverIRQHandler
                0x6000239a                ENC2_DriverIRQHandler
                0x6000239a                ADC_ETC_IRQ2_DriverIRQHandler
                0x6000239a                GPIO1_Combined_16_31_DriverIRQHandler
                0x6000239a                GPIO1_INT7_DriverIRQHandler
                0x6000239a                SAI1_DriverIRQHandler
                0x6000239a                DCDC_DriverIRQHandler
                0x6000239a                DMA12_DMA28_DriverIRQHandler
                0x6000239a                PWM4_0_DriverIRQHandler
                0x6000239a                ADC_ETC_ERROR_IRQ_DriverIRQHandler
                0x6000239a                ACMP2_DriverIRQHandler
                0x6000239a                GPIO5_Combined_0_15_DriverIRQHandler
                0x6000239a                GPIO1_INT0_DriverIRQHandler
                0x6000239a                GPIO1_INT2_DriverIRQHandler
                0x6000239a                RTWDOG_DriverIRQHandler
                0x6000239a                FLEXSPI_DriverIRQHandler
                0x6000239a                GPT2_DriverIRQHandler
                0x6000239a                USB_PHY2_DriverIRQHandler
                0x6000239a                DMA10_DMA26_DriverIRQHandler
                0x6000239a                PWM2_1_DriverIRQHandler
                0x6000239a                PWM1_1_DriverIRQHandler
                0x6000239a                PXP_DriverIRQHandler
                0x6000239a                ADC1_DriverIRQHandler
                0x6000239a                PWM1_0_DriverIRQHandler
                0x6000239a                SJC_DriverIRQHandler
                0x6000239a                DMA1_DMA17_DriverIRQHandler
                0x6000239a                ENC1_DriverIRQHandler
                0x6000239a                ENC4_DriverIRQHandler
                0x6000239a                CAN2_DriverIRQHandler
                0x6000239a                DCP_DriverIRQHandler
                0x6000239a                CTI0_ERROR_DriverIRQHandler
                0x6000239a                DMA8_DMA24_DriverIRQHandler
                0x6000239a                GPT1_DriverIRQHandler
                0x6000239a                ACMP3_DriverIRQHandler
                0x6000239a                DMA6_DMA22_DriverIRQHandler
                0x6000239a                CSU_DriverIRQHandler
                0x6000239a                GPIO1_INT5_DriverIRQHandler
                0x6000239a                TMR3_DriverIRQHandler
                0x6000239a                TMR2_DriverIRQHandler
                0x6000239a                CTI1_ERROR_DriverIRQHandler
                0x6000239a                GPIO1_Combined_0_15_DriverIRQHandler
                0x6000239a                USDHC2_DriverIRQHandler
                0x6000239a                PWM4_2_DriverIRQHandler
                0x6000239a                Reserved87_DriverIRQHandler
                0x6000239a                SAI2_DriverIRQHandler
                0x6000239a                CORE_DriverIRQHandler
                0x6000239a                WDOG1_DriverIRQHandler
                0x6000239a                DMA11_DMA27_DriverIRQHandler
                0x6000239a                CSI_DriverIRQHandler
                0x6000239a                PWM2_3_DriverIRQHandler
                0x6000239a                XBAR1_IRQ_2_3_DriverIRQHandler
                0x6000239a                SNVS_HP_WRAPPER_TZ_DriverIRQHandler
                0x6000239a                GPIO3_Combined_16_31_DriverIRQHandler
                0x6000239a                PWM1_FAULT_DriverIRQHandler
                0x6000239a                LPI2C1_DriverIRQHandler
                0x6000239a                PWM2_2_DriverIRQHandler
                0x6000239a                DMA4_DMA20_DriverIRQHandler
                0x6000239a                DMA9_DMA25_DriverIRQHandler
                0x6000239a                SNVS_HP_WRAPPER_DriverIRQHandler
                0x6000239a                XBAR1_IRQ_0_1_DriverIRQHandler
                0x6000239a                ADC_ETC_IRQ1_DriverIRQHandler
                0x6000239a                LPSPI1_DriverIRQHandler
                0x6000239a                DMA3_DMA19_DriverIRQHandler
                0x6000239a                GPIO1_INT3_DriverIRQHandler
                0x6000239a                DCP_VMI_DriverIRQHandler
                0x6000239a                LPI2C4_DriverIRQHandler
                0x6000239a                GPC_DriverIRQHandler
                0x6000239a                Reserved123_DriverIRQHandler
                0x6000239a                GPIO2_Combined_0_15_DriverIRQHandler
                0x6000239a                PWM1_2_DriverIRQHandler
                0x6000239a                USB_OTG1_DriverIRQHandler
                0x6000239a                TEMP_LOW_HIGH_DriverIRQHandler
                0x6000239a                SAI3_TX_DriverIRQHandler
                0x6000239a                WDOG2_DriverIRQHandler
                0x6000239a                Reserved68_DriverIRQHandler
                0x6000239a                PWM3_0_DriverIRQHandler
                0x6000239a                GPIO4_Combined_0_15_DriverIRQHandler
                0x6000239a                GPIO4_Combined_16_31_DriverIRQHandler
                0x6000239a                GPIO5_Combined_16_31_DriverIRQHandler
                0x6000239a                DMA5_DMA21_DriverIRQHandler
                0x6000239a                CCM_1_DriverIRQHandler
                0x6000239a                ADC2_DriverIRQHandler
                0x6000239a                Reserved115_DriverIRQHandler
                0x6000239a                TEMP_PANIC_DriverIRQHandler
                0x6000239a                ACMP4_DriverIRQHandler
                0x6000239a                DMA15_DMA31_DriverIRQHandler
                0x6000239a                LPSPI3_DriverIRQHandler
                0x6000239a                PWM1_3_DriverIRQHandler
                0x6000239a                ACMP1_DriverIRQHandler
                0x6000239a                LPI2C2_DriverIRQHandler
                0x6000239a                Reserved86_DriverIRQHandler
                0x6000239a                DMA_ERROR_DriverIRQHandler
                0x6000239a                ADC_ETC_IRQ0_DriverIRQHandler
                0x6000239a                CAN1_DriverIRQHandler
                0x6000239a                GPIO1_INT6_DriverIRQHandler
                0x6000239a                GPIO1_INT1_DriverIRQHandler
                0x6000239a                PWM2_0_DriverIRQHandler
                0x6000239a                SNVS_LP_WRAPPER_DriverIRQHandler
                0x6000239a                USB_OTG2_DriverIRQHandler
 *(.text*)
 .text._SDK_AtomicLocalClearAndSet4Byte
                0x6000239c       0x4e CMakeFiles/main_programm.elf.dir/board/pin_mux.c.obj
 *fill*         0x600023ea        0x2 ff
 .text.CLOCK_ControlGate
                0x600023ec       0x70 CMakeFiles/main_programm.elf.dir/board/pin_mux.c.obj
 .text.CLOCK_EnableClock
                0x6000245c       0x1e CMakeFiles/main_programm.elf.dir/board/pin_mux.c.obj
 .text.IOMUXC_SetPinMux
                0x6000247a       0x38 CMakeFiles/main_programm.elf.dir/board/pin_mux.c.obj
 .text.IOMUXC_SetPinConfig
                0x600024b2       0x24 CMakeFiles/main_programm.elf.dir/board/pin_mux.c.obj
 .text.BOARD_InitBootPins
                0x600024d6        0xc CMakeFiles/main_programm.elf.dir/board/pin_mux.c.obj
                0x600024d6                BOARD_InitBootPins
 *fill*         0x600024e2        0x2 ff
 .text.BOARD_InitPins
                0x600024e4       0xc8 CMakeFiles/main_programm.elf.dir/board/pin_mux.c.obj
                0x600024e4                BOARD_InitPins
 .text._SDK_AtomicLocalClearAndSet4Byte
                0x600025ac       0x4e CMakeFiles/main_programm.elf.dir/board/clock_config.c.obj
 *fill*         0x600025fa        0x2 ff
 .text.CLOCK_SetMux
                0x600025fc       0xac CMakeFiles/main_programm.elf.dir/board/clock_config.c.obj
 .text.CLOCK_SetDiv
                0x600026a8       0xac CMakeFiles/main_programm.elf.dir/board/clock_config.c.obj
 .text.CLOCK_ControlGate
                0x60002754       0x70 CMakeFiles/main_programm.elf.dir/board/clock_config.c.obj
 .text.CLOCK_DisableClock
                0x600027c4       0x1e CMakeFiles/main_programm.elf.dir/board/clock_config.c.obj
 *fill*         0x600027e2        0x2 ff
 .text.CLOCK_SetXtalFreq
                0x600027e4       0x1c CMakeFiles/main_programm.elf.dir/board/clock_config.c.obj
 .text.CLOCK_SetRtcXtalFreq
                0x60002800       0x1c CMakeFiles/main_programm.elf.dir/board/clock_config.c.obj
 .text.CLOCK_SetPllBypass
                0x6000281c       0x4c CMakeFiles/main_programm.elf.dir/board/clock_config.c.obj
 .text.IOMUXC_SetSaiMClkClockSource
                0x60002868       0x6a CMakeFiles/main_programm.elf.dir/board/clock_config.c.obj
 *fill*         0x600028d2        0x2 ff
 .text.IOMUXC_MQSConfig
                0x600028d4       0x44 CMakeFiles/main_programm.elf.dir/board/clock_config.c.obj
 .text.BOARD_InitBootClocks
                0x60002918        0xc CMakeFiles/main_programm.elf.dir/board/clock_config.c.obj
                0x60002918                BOARD_InitBootClocks
 .text.BOARD_BootClockRUN
                0x60002924      0x620 CMakeFiles/main_programm.elf.dir/board/clock_config.c.obj
                0x60002924                BOARD_BootClockRUN
 .text.ARM_MPU_Enable
                0x60002f44       0x44 CMakeFiles/main_programm.elf.dir/board/board.c.obj
 .text.ARM_MPU_Disable
                0x60002f88       0x40 CMakeFiles/main_programm.elf.dir/board/board.c.obj
 .text.CLOCK_GetMux
                0x60002fc8       0x44 CMakeFiles/main_programm.elf.dir/board/board.c.obj
 .text.CLOCK_GetDiv
                0x6000300c       0x44 CMakeFiles/main_programm.elf.dir/board/board.c.obj
 .text.CLOCK_GetOscFreq
                0x60003050       0x30 CMakeFiles/main_programm.elf.dir/board/board.c.obj
 .text.BOARD_DebugConsoleSrcFreq
                0x60003080       0x64 CMakeFiles/main_programm.elf.dir/board/board.c.obj
                0x60003080                BOARD_DebugConsoleSrcFreq
 .text.BOARD_InitDebugConsole
                0x600030e4       0x22 CMakeFiles/main_programm.elf.dir/board/board.c.obj
                0x600030e4                BOARD_InitDebugConsole
 *fill*         0x60003106        0x2 ff
 .text.BOARD_ConfigMPU
                0x60003108      0x340 CMakeFiles/main_programm.elf.dir/board/board.c.obj
                0x60003108                BOARD_ConfigMPU
 .text.SystemInit
                0x60003448      0x134 CMakeFiles/main_programm.elf.dir/device/system_MIMXRT1052.c.obj
                0x60003448                SystemInit
 .text.SystemInitHook
                0x6000357c        0xc CMakeFiles/main_programm.elf.dir/device/system_MIMXRT1052.c.obj
                0x6000357c                SystemInitHook
 .text.DMA0_DMA16_IRQHandler
                0x60003588        0x8 CMakeFiles/main_programm.elf.dir/device/startup_mimxrt1052.c.obj
                0x60003588                DMA0_DMA16_IRQHandler
 .text.DMA1_DMA17_IRQHandler
                0x60003590        0x8 CMakeFiles/main_programm.elf.dir/device/startup_mimxrt1052.c.obj
                0x60003590                DMA1_DMA17_IRQHandler
 .text.DMA2_DMA18_IRQHandler
                0x60003598        0x8 CMakeFiles/main_programm.elf.dir/device/startup_mimxrt1052.c.obj
                0x60003598                DMA2_DMA18_IRQHandler
 .text.DMA3_DMA19_IRQHandler
                0x600035a0        0x8 CMakeFiles/main_programm.elf.dir/device/startup_mimxrt1052.c.obj
                0x600035a0                DMA3_DMA19_IRQHandler
 .text.DMA4_DMA20_IRQHandler
                0x600035a8        0x8 CMakeFiles/main_programm.elf.dir/device/startup_mimxrt1052.c.obj
                0x600035a8                DMA4_DMA20_IRQHandler
 .text.DMA5_DMA21_IRQHandler
                0x600035b0        0x8 CMakeFiles/main_programm.elf.dir/device/startup_mimxrt1052.c.obj
                0x600035b0                DMA5_DMA21_IRQHandler
 .text.DMA6_DMA22_IRQHandler
                0x600035b8        0x8 CMakeFiles/main_programm.elf.dir/device/startup_mimxrt1052.c.obj
                0x600035b8                DMA6_DMA22_IRQHandler
 .text.DMA7_DMA23_IRQHandler
                0x600035c0        0x8 CMakeFiles/main_programm.elf.dir/device/startup_mimxrt1052.c.obj
                0x600035c0                DMA7_DMA23_IRQHandler
 .text.DMA8_DMA24_IRQHandler
                0x600035c8        0x8 CMakeFiles/main_programm.elf.dir/device/startup_mimxrt1052.c.obj
                0x600035c8                DMA8_DMA24_IRQHandler
 .text.DMA9_DMA25_IRQHandler
                0x600035d0        0x8 CMakeFiles/main_programm.elf.dir/device/startup_mimxrt1052.c.obj
                0x600035d0                DMA9_DMA25_IRQHandler
 .text.DMA10_DMA26_IRQHandler
                0x600035d8        0x8 CMakeFiles/main_programm.elf.dir/device/startup_mimxrt1052.c.obj
                0x600035d8                DMA10_DMA26_IRQHandler
 .text.DMA11_DMA27_IRQHandler
                0x600035e0        0x8 CMakeFiles/main_programm.elf.dir/device/startup_mimxrt1052.c.obj
                0x600035e0                DMA11_DMA27_IRQHandler
 .text.DMA12_DMA28_IRQHandler
                0x600035e8        0x8 CMakeFiles/main_programm.elf.dir/device/startup_mimxrt1052.c.obj
                0x600035e8                DMA12_DMA28_IRQHandler
 .text.DMA13_DMA29_IRQHandler
                0x600035f0        0x8 CMakeFiles/main_programm.elf.dir/device/startup_mimxrt1052.c.obj
                0x600035f0                DMA13_DMA29_IRQHandler
 .text.DMA14_DMA30_IRQHandler
                0x600035f8        0x8 CMakeFiles/main_programm.elf.dir/device/startup_mimxrt1052.c.obj
                0x600035f8                DMA14_DMA30_IRQHandler
 .text.DMA15_DMA31_IRQHandler
                0x60003600        0x8 CMakeFiles/main_programm.elf.dir/device/startup_mimxrt1052.c.obj
                0x60003600                DMA15_DMA31_IRQHandler
 .text.DMA_ERROR_IRQHandler
                0x60003608        0x8 CMakeFiles/main_programm.elf.dir/device/startup_mimxrt1052.c.obj
                0x60003608                DMA_ERROR_IRQHandler
 .text.CTI0_ERROR_IRQHandler
                0x60003610        0x8 CMakeFiles/main_programm.elf.dir/device/startup_mimxrt1052.c.obj
                0x60003610                CTI0_ERROR_IRQHandler
 .text.CTI1_ERROR_IRQHandler
                0x60003618        0x8 CMakeFiles/main_programm.elf.dir/device/startup_mimxrt1052.c.obj
                0x60003618                CTI1_ERROR_IRQHandler
 .text.CORE_IRQHandler
                0x60003620        0x8 CMakeFiles/main_programm.elf.dir/device/startup_mimxrt1052.c.obj
                0x60003620                CORE_IRQHandler
 .text.LPUART1_IRQHandler
                0x60003628        0x8 CMakeFiles/main_programm.elf.dir/device/startup_mimxrt1052.c.obj
                0x60003628                LPUART1_IRQHandler
 .text.LPUART2_IRQHandler
                0x60003630        0x8 CMakeFiles/main_programm.elf.dir/device/startup_mimxrt1052.c.obj
                0x60003630                LPUART2_IRQHandler
 .text.LPUART3_IRQHandler
                0x60003638        0x8 CMakeFiles/main_programm.elf.dir/device/startup_mimxrt1052.c.obj
                0x60003638                LPUART3_IRQHandler
 .text.LPUART4_IRQHandler
                0x60003640        0x8 CMakeFiles/main_programm.elf.dir/device/startup_mimxrt1052.c.obj
                0x60003640                LPUART4_IRQHandler
 .text.LPUART5_IRQHandler
                0x60003648        0x8 CMakeFiles/main_programm.elf.dir/device/startup_mimxrt1052.c.obj
                0x60003648                LPUART5_IRQHandler
 .text.LPUART6_IRQHandler
                0x60003650        0x8 CMakeFiles/main_programm.elf.dir/device/startup_mimxrt1052.c.obj
                0x60003650                LPUART6_IRQHandler
 .text.LPUART7_IRQHandler
                0x60003658        0x8 CMakeFiles/main_programm.elf.dir/device/startup_mimxrt1052.c.obj
                0x60003658                LPUART7_IRQHandler
 .text.LPUART8_IRQHandler
                0x60003660        0x8 CMakeFiles/main_programm.elf.dir/device/startup_mimxrt1052.c.obj
                0x60003660                LPUART8_IRQHandler
 .text.LPI2C1_IRQHandler
                0x60003668        0x8 CMakeFiles/main_programm.elf.dir/device/startup_mimxrt1052.c.obj
                0x60003668                LPI2C1_IRQHandler
 .text.LPI2C2_IRQHandler
                0x60003670        0x8 CMakeFiles/main_programm.elf.dir/device/startup_mimxrt1052.c.obj
                0x60003670                LPI2C2_IRQHandler
 .text.LPI2C3_IRQHandler
                0x60003678        0x8 CMakeFiles/main_programm.elf.dir/device/startup_mimxrt1052.c.obj
                0x60003678                LPI2C3_IRQHandler
 .text.LPI2C4_IRQHandler
                0x60003680        0x8 CMakeFiles/main_programm.elf.dir/device/startup_mimxrt1052.c.obj
                0x60003680                LPI2C4_IRQHandler
 .text.LPSPI1_IRQHandler
                0x60003688        0x8 CMakeFiles/main_programm.elf.dir/device/startup_mimxrt1052.c.obj
                0x60003688                LPSPI1_IRQHandler
 .text.LPSPI2_IRQHandler
                0x60003690        0x8 CMakeFiles/main_programm.elf.dir/device/startup_mimxrt1052.c.obj
                0x60003690                LPSPI2_IRQHandler
 .text.LPSPI3_IRQHandler
                0x60003698        0x8 CMakeFiles/main_programm.elf.dir/device/startup_mimxrt1052.c.obj
                0x60003698                LPSPI3_IRQHandler
 .text.LPSPI4_IRQHandler
                0x600036a0        0x8 CMakeFiles/main_programm.elf.dir/device/startup_mimxrt1052.c.obj
                0x600036a0                LPSPI4_IRQHandler
 .text.CAN1_IRQHandler
                0x600036a8        0x8 CMakeFiles/main_programm.elf.dir/device/startup_mimxrt1052.c.obj
                0x600036a8                CAN1_IRQHandler
 .text.CAN2_IRQHandler
                0x600036b0        0x8 CMakeFiles/main_programm.elf.dir/device/startup_mimxrt1052.c.obj
                0x600036b0                CAN2_IRQHandler
 .text.FLEXRAM_IRQHandler
                0x600036b8        0x8 CMakeFiles/main_programm.elf.dir/device/startup_mimxrt1052.c.obj
                0x600036b8                FLEXRAM_IRQHandler
 .text.KPP_IRQHandler
                0x600036c0        0x8 CMakeFiles/main_programm.elf.dir/device/startup_mimxrt1052.c.obj
                0x600036c0                KPP_IRQHandler
 .text.TSC_DIG_IRQHandler
                0x600036c8        0x8 CMakeFiles/main_programm.elf.dir/device/startup_mimxrt1052.c.obj
                0x600036c8                TSC_DIG_IRQHandler
 .text.GPR_IRQ_IRQHandler
                0x600036d0        0x8 CMakeFiles/main_programm.elf.dir/device/startup_mimxrt1052.c.obj
                0x600036d0                GPR_IRQ_IRQHandler
 .text.LCDIF_IRQHandler
                0x600036d8        0x8 CMakeFiles/main_programm.elf.dir/device/startup_mimxrt1052.c.obj
                0x600036d8                LCDIF_IRQHandler
 .text.CSI_IRQHandler
                0x600036e0        0x8 CMakeFiles/main_programm.elf.dir/device/startup_mimxrt1052.c.obj
                0x600036e0                CSI_IRQHandler
 .text.PXP_IRQHandler
                0x600036e8        0x8 CMakeFiles/main_programm.elf.dir/device/startup_mimxrt1052.c.obj
                0x600036e8                PXP_IRQHandler
 .text.WDOG2_IRQHandler
                0x600036f0        0x8 CMakeFiles/main_programm.elf.dir/device/startup_mimxrt1052.c.obj
                0x600036f0                WDOG2_IRQHandler
 .text.SNVS_HP_WRAPPER_IRQHandler
                0x600036f8        0x8 CMakeFiles/main_programm.elf.dir/device/startup_mimxrt1052.c.obj
                0x600036f8                SNVS_HP_WRAPPER_IRQHandler
 .text.SNVS_HP_WRAPPER_TZ_IRQHandler
                0x60003700        0x8 CMakeFiles/main_programm.elf.dir/device/startup_mimxrt1052.c.obj
                0x60003700                SNVS_HP_WRAPPER_TZ_IRQHandler
 .text.SNVS_LP_WRAPPER_IRQHandler
                0x60003708        0x8 CMakeFiles/main_programm.elf.dir/device/startup_mimxrt1052.c.obj
                0x60003708                SNVS_LP_WRAPPER_IRQHandler
 .text.CSU_IRQHandler
                0x60003710        0x8 CMakeFiles/main_programm.elf.dir/device/startup_mimxrt1052.c.obj
                0x60003710                CSU_IRQHandler
 .text.DCP_IRQHandler
                0x60003718        0x8 CMakeFiles/main_programm.elf.dir/device/startup_mimxrt1052.c.obj
                0x60003718                DCP_IRQHandler
 .text.DCP_VMI_IRQHandler
                0x60003720        0x8 CMakeFiles/main_programm.elf.dir/device/startup_mimxrt1052.c.obj
                0x60003720                DCP_VMI_IRQHandler
 .text.Reserved68_IRQHandler
                0x60003728        0x8 CMakeFiles/main_programm.elf.dir/device/startup_mimxrt1052.c.obj
                0x60003728                Reserved68_IRQHandler
 .text.TRNG_IRQHandler
                0x60003730        0x8 CMakeFiles/main_programm.elf.dir/device/startup_mimxrt1052.c.obj
                0x60003730                TRNG_IRQHandler
 .text.SJC_IRQHandler
                0x60003738        0x8 CMakeFiles/main_programm.elf.dir/device/startup_mimxrt1052.c.obj
                0x60003738                SJC_IRQHandler
 .text.BEE_IRQHandler
                0x60003740        0x8 CMakeFiles/main_programm.elf.dir/device/startup_mimxrt1052.c.obj
                0x60003740                BEE_IRQHandler
 .text.SAI1_IRQHandler
                0x60003748        0x8 CMakeFiles/main_programm.elf.dir/device/startup_mimxrt1052.c.obj
                0x60003748                SAI1_IRQHandler
 .text.SAI2_IRQHandler
                0x60003750        0x8 CMakeFiles/main_programm.elf.dir/device/startup_mimxrt1052.c.obj
                0x60003750                SAI2_IRQHandler
 .text.SAI3_RX_IRQHandler
                0x60003758        0x8 CMakeFiles/main_programm.elf.dir/device/startup_mimxrt1052.c.obj
                0x60003758                SAI3_RX_IRQHandler
 .text.SAI3_TX_IRQHandler
                0x60003760        0x8 CMakeFiles/main_programm.elf.dir/device/startup_mimxrt1052.c.obj
                0x60003760                SAI3_TX_IRQHandler
 .text.SPDIF_IRQHandler
                0x60003768        0x8 CMakeFiles/main_programm.elf.dir/device/startup_mimxrt1052.c.obj
                0x60003768                SPDIF_IRQHandler
 .text.PMU_EVENT_IRQHandler
                0x60003770        0x8 CMakeFiles/main_programm.elf.dir/device/startup_mimxrt1052.c.obj
                0x60003770                PMU_EVENT_IRQHandler
 .text.Reserved78_IRQHandler
                0x60003778        0x8 CMakeFiles/main_programm.elf.dir/device/startup_mimxrt1052.c.obj
                0x60003778                Reserved78_IRQHandler
 .text.TEMP_LOW_HIGH_IRQHandler
                0x60003780        0x8 CMakeFiles/main_programm.elf.dir/device/startup_mimxrt1052.c.obj
                0x60003780                TEMP_LOW_HIGH_IRQHandler
 .text.TEMP_PANIC_IRQHandler
                0x60003788        0x8 CMakeFiles/main_programm.elf.dir/device/startup_mimxrt1052.c.obj
                0x60003788                TEMP_PANIC_IRQHandler
 .text.USB_PHY1_IRQHandler
                0x60003790        0x8 CMakeFiles/main_programm.elf.dir/device/startup_mimxrt1052.c.obj
                0x60003790                USB_PHY1_IRQHandler
 .text.USB_PHY2_IRQHandler
                0x60003798        0x8 CMakeFiles/main_programm.elf.dir/device/startup_mimxrt1052.c.obj
                0x60003798                USB_PHY2_IRQHandler
 .text.ADC1_IRQHandler
                0x600037a0        0x8 CMakeFiles/main_programm.elf.dir/device/startup_mimxrt1052.c.obj
                0x600037a0                ADC1_IRQHandler
 .text.ADC2_IRQHandler
                0x600037a8        0x8 CMakeFiles/main_programm.elf.dir/device/startup_mimxrt1052.c.obj
                0x600037a8                ADC2_IRQHandler
 .text.DCDC_IRQHandler
                0x600037b0        0x8 CMakeFiles/main_programm.elf.dir/device/startup_mimxrt1052.c.obj
                0x600037b0                DCDC_IRQHandler
 .text.Reserved86_IRQHandler
                0x600037b8        0x8 CMakeFiles/main_programm.elf.dir/device/startup_mimxrt1052.c.obj
                0x600037b8                Reserved86_IRQHandler
 .text.Reserved87_IRQHandler
                0x600037c0        0x8 CMakeFiles/main_programm.elf.dir/device/startup_mimxrt1052.c.obj
                0x600037c0                Reserved87_IRQHandler
 .text.GPIO1_INT0_IRQHandler
                0x600037c8        0x8 CMakeFiles/main_programm.elf.dir/device/startup_mimxrt1052.c.obj
                0x600037c8                GPIO1_INT0_IRQHandler
 .text.GPIO1_INT1_IRQHandler
                0x600037d0        0x8 CMakeFiles/main_programm.elf.dir/device/startup_mimxrt1052.c.obj
                0x600037d0                GPIO1_INT1_IRQHandler
 .text.GPIO1_INT2_IRQHandler
                0x600037d8        0x8 CMakeFiles/main_programm.elf.dir/device/startup_mimxrt1052.c.obj
                0x600037d8                GPIO1_INT2_IRQHandler
 .text.GPIO1_INT3_IRQHandler
                0x600037e0        0x8 CMakeFiles/main_programm.elf.dir/device/startup_mimxrt1052.c.obj
                0x600037e0                GPIO1_INT3_IRQHandler
 .text.GPIO1_INT4_IRQHandler
                0x600037e8        0x8 CMakeFiles/main_programm.elf.dir/device/startup_mimxrt1052.c.obj
                0x600037e8                GPIO1_INT4_IRQHandler
 .text.GPIO1_INT5_IRQHandler
                0x600037f0        0x8 CMakeFiles/main_programm.elf.dir/device/startup_mimxrt1052.c.obj
                0x600037f0                GPIO1_INT5_IRQHandler
 .text.GPIO1_INT6_IRQHandler
                0x600037f8        0x8 CMakeFiles/main_programm.elf.dir/device/startup_mimxrt1052.c.obj
                0x600037f8                GPIO1_INT6_IRQHandler
 .text.GPIO1_INT7_IRQHandler
                0x60003800        0x8 CMakeFiles/main_programm.elf.dir/device/startup_mimxrt1052.c.obj
                0x60003800                GPIO1_INT7_IRQHandler
 .text.FLEXIO1_IRQHandler
                0x60003808        0x8 CMakeFiles/main_programm.elf.dir/device/startup_mimxrt1052.c.obj
                0x60003808                FLEXIO1_IRQHandler
 .text.FLEXIO2_IRQHandler
                0x60003810        0x8 CMakeFiles/main_programm.elf.dir/device/startup_mimxrt1052.c.obj
                0x60003810                FLEXIO2_IRQHandler
 .text.WDOG1_IRQHandler
                0x60003818        0x8 CMakeFiles/main_programm.elf.dir/device/startup_mimxrt1052.c.obj
                0x60003818                WDOG1_IRQHandler
 .text.RTWDOG_IRQHandler
                0x60003820        0x8 CMakeFiles/main_programm.elf.dir/device/startup_mimxrt1052.c.obj
                0x60003820                RTWDOG_IRQHandler
 .text.EWM_IRQHandler
                0x60003828        0x8 CMakeFiles/main_programm.elf.dir/device/startup_mimxrt1052.c.obj
                0x60003828                EWM_IRQHandler
 .text.CCM_1_IRQHandler
                0x60003830        0x8 CMakeFiles/main_programm.elf.dir/device/startup_mimxrt1052.c.obj
                0x60003830                CCM_1_IRQHandler
 .text.CCM_2_IRQHandler
                0x60003838        0x8 CMakeFiles/main_programm.elf.dir/device/startup_mimxrt1052.c.obj
                0x60003838                CCM_2_IRQHandler
 .text.GPC_IRQHandler
                0x60003840        0x8 CMakeFiles/main_programm.elf.dir/device/startup_mimxrt1052.c.obj
                0x60003840                GPC_IRQHandler
 .text.SRC_IRQHandler
                0x60003848        0x8 CMakeFiles/main_programm.elf.dir/device/startup_mimxrt1052.c.obj
                0x60003848                SRC_IRQHandler
 .text.Reserved115_IRQHandler
                0x60003850        0x8 CMakeFiles/main_programm.elf.dir/device/startup_mimxrt1052.c.obj
                0x60003850                Reserved115_IRQHandler
 .text.GPT1_IRQHandler
                0x60003858        0x8 CMakeFiles/main_programm.elf.dir/device/startup_mimxrt1052.c.obj
                0x60003858                GPT1_IRQHandler
 .text.GPT2_IRQHandler
                0x60003860        0x8 CMakeFiles/main_programm.elf.dir/device/startup_mimxrt1052.c.obj
                0x60003860                GPT2_IRQHandler
 .text.PWM1_0_IRQHandler
                0x60003868        0x8 CMakeFiles/main_programm.elf.dir/device/startup_mimxrt1052.c.obj
                0x60003868                PWM1_0_IRQHandler
 .text.PWM1_1_IRQHandler
                0x60003870        0x8 CMakeFiles/main_programm.elf.dir/device/startup_mimxrt1052.c.obj
                0x60003870                PWM1_1_IRQHandler
 .text.PWM1_2_IRQHandler
                0x60003878        0x8 CMakeFiles/main_programm.elf.dir/device/startup_mimxrt1052.c.obj
                0x60003878                PWM1_2_IRQHandler
 .text.PWM1_3_IRQHandler
                0x60003880        0x8 CMakeFiles/main_programm.elf.dir/device/startup_mimxrt1052.c.obj
                0x60003880                PWM1_3_IRQHandler
 .text.PWM1_FAULT_IRQHandler
                0x60003888        0x8 CMakeFiles/main_programm.elf.dir/device/startup_mimxrt1052.c.obj
                0x60003888                PWM1_FAULT_IRQHandler
 .text.Reserved123_IRQHandler
                0x60003890        0x8 CMakeFiles/main_programm.elf.dir/device/startup_mimxrt1052.c.obj
                0x60003890                Reserved123_IRQHandler
 .text.FLEXSPI_IRQHandler
                0x60003898        0x8 CMakeFiles/main_programm.elf.dir/device/startup_mimxrt1052.c.obj
                0x60003898                FLEXSPI_IRQHandler
 .text.SEMC_IRQHandler
                0x600038a0        0x8 CMakeFiles/main_programm.elf.dir/device/startup_mimxrt1052.c.obj
                0x600038a0                SEMC_IRQHandler
 .text.USDHC1_IRQHandler
                0x600038a8        0x8 CMakeFiles/main_programm.elf.dir/device/startup_mimxrt1052.c.obj
                0x600038a8                USDHC1_IRQHandler
 .text.USDHC2_IRQHandler
                0x600038b0        0x8 CMakeFiles/main_programm.elf.dir/device/startup_mimxrt1052.c.obj
                0x600038b0                USDHC2_IRQHandler
 .text.USB_OTG2_IRQHandler
                0x600038b8        0x8 CMakeFiles/main_programm.elf.dir/device/startup_mimxrt1052.c.obj
                0x600038b8                USB_OTG2_IRQHandler
 .text.USB_OTG1_IRQHandler
                0x600038c0        0x8 CMakeFiles/main_programm.elf.dir/device/startup_mimxrt1052.c.obj
                0x600038c0                USB_OTG1_IRQHandler
 .text.ENET_IRQHandler
                0x600038c8        0x8 CMakeFiles/main_programm.elf.dir/device/startup_mimxrt1052.c.obj
                0x600038c8                ENET_IRQHandler
 .text.ENET_1588_Timer_IRQHandler
                0x600038d0        0x8 CMakeFiles/main_programm.elf.dir/device/startup_mimxrt1052.c.obj
                0x600038d0                ENET_1588_Timer_IRQHandler
 .text.XBAR1_IRQ_0_1_IRQHandler
                0x600038d8        0x8 CMakeFiles/main_programm.elf.dir/device/startup_mimxrt1052.c.obj
                0x600038d8                XBAR1_IRQ_0_1_IRQHandler
 .text.XBAR1_IRQ_2_3_IRQHandler
                0x600038e0        0x8 CMakeFiles/main_programm.elf.dir/device/startup_mimxrt1052.c.obj
                0x600038e0                XBAR1_IRQ_2_3_IRQHandler
 .text.ADC_ETC_IRQ0_IRQHandler
                0x600038e8        0x8 CMakeFiles/main_programm.elf.dir/device/startup_mimxrt1052.c.obj
                0x600038e8                ADC_ETC_IRQ0_IRQHandler
 .text.ADC_ETC_IRQ1_IRQHandler
                0x600038f0        0x8 CMakeFiles/main_programm.elf.dir/device/startup_mimxrt1052.c.obj
                0x600038f0                ADC_ETC_IRQ1_IRQHandler
 .text.ADC_ETC_IRQ2_IRQHandler
                0x600038f8        0x8 CMakeFiles/main_programm.elf.dir/device/startup_mimxrt1052.c.obj
                0x600038f8                ADC_ETC_IRQ2_IRQHandler
 .text.ADC_ETC_ERROR_IRQ_IRQHandler
                0x60003900        0x8 CMakeFiles/main_programm.elf.dir/device/startup_mimxrt1052.c.obj
                0x60003900                ADC_ETC_ERROR_IRQ_IRQHandler
 .text.PIT_IRQHandler
                0x60003908        0x8 CMakeFiles/main_programm.elf.dir/device/startup_mimxrt1052.c.obj
                0x60003908                PIT_IRQHandler
 .text.ACMP1_IRQHandler
                0x60003910        0x8 CMakeFiles/main_programm.elf.dir/device/startup_mimxrt1052.c.obj
                0x60003910                ACMP1_IRQHandler
 .text.ACMP2_IRQHandler
                0x60003918        0x8 CMakeFiles/main_programm.elf.dir/device/startup_mimxrt1052.c.obj
                0x60003918                ACMP2_IRQHandler
 .text.ACMP3_IRQHandler
                0x60003920        0x8 CMakeFiles/main_programm.elf.dir/device/startup_mimxrt1052.c.obj
                0x60003920                ACMP3_IRQHandler
 .text.ACMP4_IRQHandler
                0x60003928        0x8 CMakeFiles/main_programm.elf.dir/device/startup_mimxrt1052.c.obj
                0x60003928                ACMP4_IRQHandler
 .text.Reserved143_IRQHandler
                0x60003930        0x8 CMakeFiles/main_programm.elf.dir/device/startup_mimxrt1052.c.obj
                0x60003930                Reserved143_IRQHandler
 .text.Reserved144_IRQHandler
                0x60003938        0x8 CMakeFiles/main_programm.elf.dir/device/startup_mimxrt1052.c.obj
                0x60003938                Reserved144_IRQHandler
 .text.ENC1_IRQHandler
                0x60003940        0x8 CMakeFiles/main_programm.elf.dir/device/startup_mimxrt1052.c.obj
                0x60003940                ENC1_IRQHandler
 .text.ENC2_IRQHandler
                0x60003948        0x8 CMakeFiles/main_programm.elf.dir/device/startup_mimxrt1052.c.obj
                0x60003948                ENC2_IRQHandler
 .text.ENC3_IRQHandler
                0x60003950        0x8 CMakeFiles/main_programm.elf.dir/device/startup_mimxrt1052.c.obj
                0x60003950                ENC3_IRQHandler
 .text.ENC4_IRQHandler
                0x60003958        0x8 CMakeFiles/main_programm.elf.dir/device/startup_mimxrt1052.c.obj
                0x60003958                ENC4_IRQHandler
 .text.TMR1_IRQHandler
                0x60003960        0x8 CMakeFiles/main_programm.elf.dir/device/startup_mimxrt1052.c.obj
                0x60003960                TMR1_IRQHandler
 .text.TMR2_IRQHandler
                0x60003968        0x8 CMakeFiles/main_programm.elf.dir/device/startup_mimxrt1052.c.obj
                0x60003968                TMR2_IRQHandler
 .text.TMR3_IRQHandler
                0x60003970        0x8 CMakeFiles/main_programm.elf.dir/device/startup_mimxrt1052.c.obj
                0x60003970                TMR3_IRQHandler
 .text.TMR4_IRQHandler
                0x60003978        0x8 CMakeFiles/main_programm.elf.dir/device/startup_mimxrt1052.c.obj
                0x60003978                TMR4_IRQHandler
 .text.PWM2_0_IRQHandler
                0x60003980        0x8 CMakeFiles/main_programm.elf.dir/device/startup_mimxrt1052.c.obj
                0x60003980                PWM2_0_IRQHandler
 .text.PWM2_1_IRQHandler
                0x60003988        0x8 CMakeFiles/main_programm.elf.dir/device/startup_mimxrt1052.c.obj
                0x60003988                PWM2_1_IRQHandler
 .text.PWM2_2_IRQHandler
                0x60003990        0x8 CMakeFiles/main_programm.elf.dir/device/startup_mimxrt1052.c.obj
                0x60003990                PWM2_2_IRQHandler
 .text.PWM2_3_IRQHandler
                0x60003998        0x8 CMakeFiles/main_programm.elf.dir/device/startup_mimxrt1052.c.obj
                0x60003998                PWM2_3_IRQHandler
 .text.PWM2_FAULT_IRQHandler
                0x600039a0        0x8 CMakeFiles/main_programm.elf.dir/device/startup_mimxrt1052.c.obj
                0x600039a0                PWM2_FAULT_IRQHandler
 .text.PWM3_0_IRQHandler
                0x600039a8        0x8 CMakeFiles/main_programm.elf.dir/device/startup_mimxrt1052.c.obj
                0x600039a8                PWM3_0_IRQHandler
 .text.PWM3_1_IRQHandler
                0x600039b0        0x8 CMakeFiles/main_programm.elf.dir/device/startup_mimxrt1052.c.obj
                0x600039b0                PWM3_1_IRQHandler
 .text.PWM3_2_IRQHandler
                0x600039b8        0x8 CMakeFiles/main_programm.elf.dir/device/startup_mimxrt1052.c.obj
                0x600039b8                PWM3_2_IRQHandler
 .text.PWM3_3_IRQHandler
                0x600039c0        0x8 CMakeFiles/main_programm.elf.dir/device/startup_mimxrt1052.c.obj
                0x600039c0                PWM3_3_IRQHandler
 .text.PWM3_FAULT_IRQHandler
                0x600039c8        0x8 CMakeFiles/main_programm.elf.dir/device/startup_mimxrt1052.c.obj
                0x600039c8                PWM3_FAULT_IRQHandler
 .text.PWM4_0_IRQHandler
                0x600039d0        0x8 CMakeFiles/main_programm.elf.dir/device/startup_mimxrt1052.c.obj
                0x600039d0                PWM4_0_IRQHandler
 .text.PWM4_1_IRQHandler
                0x600039d8        0x8 CMakeFiles/main_programm.elf.dir/device/startup_mimxrt1052.c.obj
                0x600039d8                PWM4_1_IRQHandler
 .text.PWM4_2_IRQHandler
                0x600039e0        0x8 CMakeFiles/main_programm.elf.dir/device/startup_mimxrt1052.c.obj
                0x600039e0                PWM4_2_IRQHandler
 .text.PWM4_3_IRQHandler
                0x600039e8        0x8 CMakeFiles/main_programm.elf.dir/device/startup_mimxrt1052.c.obj
                0x600039e8                PWM4_3_IRQHandler
 .text.PWM4_FAULT_IRQHandler
                0x600039f0        0x8 CMakeFiles/main_programm.elf.dir/device/startup_mimxrt1052.c.obj
                0x600039f0                PWM4_FAULT_IRQHandler
 .text.main     0x600039f8      0x144 CMakeFiles/main_programm.elf.dir/source/main.c.obj
                0x600039f8                main
 .text          0x60003b3c       0xa0 CMakeFiles/main_programm.elf.dir/utilities/fsl_memcpy.S.obj
                0x60003b3c                memcpy
 .text.DbgConsole_Init
                0x60003bdc       0x88 CMakeFiles/main_programm.elf.dir/utilities/fsl_debug_console.c.obj
                0x60003bdc                DbgConsole_Init
 .text.DbgConsole_Printf
                0x60003c64       0x2c CMakeFiles/main_programm.elf.dir/utilities/fsl_debug_console.c.obj
                0x60003c64                DbgConsole_Printf
 .text.DbgConsole_Vprintf
                0x60003c90       0x3c CMakeFiles/main_programm.elf.dir/utilities/fsl_debug_console.c.obj
                0x60003c90                DbgConsole_Vprintf
 .text.DbgConsole_Putchar
                0x60003ccc       0x30 CMakeFiles/main_programm.elf.dir/utilities/fsl_debug_console.c.obj
                0x60003ccc                DbgConsole_Putchar
 .text.DbgConsole_PrintfPaddingCharacter
                0x60003cfc       0x40 CMakeFiles/main_programm.elf.dir/utilities/fsl_debug_console.c.obj
 .text.DbgConsole_ConvertRadixNumToString
                0x60003d3c       0xc0 CMakeFiles/main_programm.elf.dir/utilities/fsl_debug_console.c.obj
 .text.DbgConsole_PrintfFormattedData
                0x60003dfc      0x3e0 CMakeFiles/main_programm.elf.dir/utilities/fsl_debug_console.c.obj
 .text.fsl_assert_hook
                0x600041dc       0x18 CMakeFiles/main_programm.elf.dir/utilities/fsl_assert.c.obj
                0x600041dc                fsl_assert_hook
 .text.__assert_func
                0x600041f4       0x30 CMakeFiles/main_programm.elf.dir/utilities/fsl_assert.c.obj
                0x600041f4                __assert_func
 .text.CLOCK_GetOscFreq
                0x60004224       0x30 CMakeFiles/main_programm.elf.dir/drivers/fsl_clock.c.obj
 .text.CLOCK_IsPllBypassed
                0x60004254       0x30 CMakeFiles/main_programm.elf.dir/drivers/fsl_clock.c.obj
 .text.CLOCK_IsPllEnabled
                0x60004284       0x3a CMakeFiles/main_programm.elf.dir/drivers/fsl_clock.c.obj
 .text.CLOCK_GetPllBypassRefClk
                0x600042be       0x34 CMakeFiles/main_programm.elf.dir/drivers/fsl_clock.c.obj
 *fill*         0x600042f2        0x2 ff
 .text.CLOCK_InitExternalClk
                0x600042f4       0x78 CMakeFiles/main_programm.elf.dir/drivers/fsl_clock.c.obj
                0x600042f4                CLOCK_InitExternalClk
 .text.CLOCK_SwitchOsc
                0x6000436c       0x30 CMakeFiles/main_programm.elf.dir/drivers/fsl_clock.c.obj
                0x6000436c                CLOCK_SwitchOsc
 .text.CLOCK_InitRcOsc24M
                0x6000439c       0x20 CMakeFiles/main_programm.elf.dir/drivers/fsl_clock.c.obj
                0x6000439c                CLOCK_InitRcOsc24M
 .text.CLOCK_InitArmPll
                0x600043bc       0x64 CMakeFiles/main_programm.elf.dir/drivers/fsl_clock.c.obj
                0x600043bc                CLOCK_InitArmPll
 .text.CLOCK_DeinitUsb2Pll
                0x60004420       0x18 CMakeFiles/main_programm.elf.dir/drivers/fsl_clock.c.obj
                0x60004420                CLOCK_DeinitUsb2Pll
 .text.CLOCK_DeinitAudioPll
                0x60004438       0x18 CMakeFiles/main_programm.elf.dir/drivers/fsl_clock.c.obj
                0x60004438                CLOCK_DeinitAudioPll
 .text.CLOCK_DeinitEnetPll
                0x60004450       0x1c CMakeFiles/main_programm.elf.dir/drivers/fsl_clock.c.obj
                0x60004450                CLOCK_DeinitEnetPll
 .text.CLOCK_GetPllFreq
                0x6000446c      0x434 CMakeFiles/main_programm.elf.dir/drivers/fsl_clock.c.obj
                0x6000446c                CLOCK_GetPllFreq
 .text.DelayLoop
                0x600048a0       0x1e CMakeFiles/main_programm.elf.dir/drivers/fsl_common_arm.c.obj
 *fill*         0x600048be        0x2 ff
 .text.SDK_DelayAtLeastUs
                0x600048c0       0xa0 CMakeFiles/main_programm.elf.dir/drivers/fsl_common_arm.c.obj
                0x600048c0                SDK_DelayAtLeastUs
 .text._SDK_AtomicLocalClearAndSet4Byte
                0x60004960       0x4e CMakeFiles/main_programm.elf.dir/drivers/fsl_gpio.c.obj
 *fill*         0x600049ae        0x2 ff
 .text.CLOCK_ControlGate
                0x600049b0       0x70 CMakeFiles/main_programm.elf.dir/drivers/fsl_gpio.c.obj
 .text.CLOCK_EnableClock
                0x60004a20       0x1e CMakeFiles/main_programm.elf.dir/drivers/fsl_gpio.c.obj
 .text.GPIO_SetPinInterruptConfig
                0x60004a3e       0x22 CMakeFiles/main_programm.elf.dir/drivers/fsl_gpio.c.obj
 .text.GPIO_GetInstance
                0x60004a60       0x58 CMakeFiles/main_programm.elf.dir/drivers/fsl_gpio.c.obj
 .text.GPIO_PinInit
                0x60004ab8       0xa4 CMakeFiles/main_programm.elf.dir/drivers/fsl_gpio.c.obj
                0x60004ab8                GPIO_PinInit
 .text.GPIO_PinWrite
                0x60004b5c       0x54 CMakeFiles/main_programm.elf.dir/drivers/fsl_gpio.c.obj
                0x60004b5c                GPIO_PinWrite
 .text.GPIO_PinSetInterruptConfig
                0x60004bb0       0xfc CMakeFiles/main_programm.elf.dir/drivers/fsl_gpio.c.obj
                0x60004bb0                GPIO_PinSetInterruptConfig
 .text._SDK_AtomicLocalClearAndSet4Byte
                0x60004cac       0x4e CMakeFiles/main_programm.elf.dir/drivers/fsl_lpuart.c.obj
 *fill*         0x60004cfa        0x2 ff
 .text.CLOCK_ControlGate
                0x60004cfc       0x70 CMakeFiles/main_programm.elf.dir/drivers/fsl_lpuart.c.obj
 .text.CLOCK_EnableClock
                0x60004d6c       0x1e CMakeFiles/main_programm.elf.dir/drivers/fsl_lpuart.c.obj
 .text.LPUART_SoftwareReset
                0x60004d8a       0x2a CMakeFiles/main_programm.elf.dir/drivers/fsl_lpuart.c.obj
 .text.LPUART_GetInstance
                0x60004db4       0x58 CMakeFiles/main_programm.elf.dir/drivers/fsl_lpuart.c.obj
                0x60004db4                LPUART_GetInstance
 .text.LPUART_Init
                0x60004e0c      0x348 CMakeFiles/main_programm.elf.dir/drivers/fsl_lpuart.c.obj
                0x60004e0c                LPUART_Init
 .text.LPUART_GetDefaultConfig
                0x60005154       0x98 CMakeFiles/main_programm.elf.dir/drivers/fsl_lpuart.c.obj
                0x60005154                LPUART_GetDefaultConfig
 .text.LPUART_GetStatusFlags
                0x600051ec       0x38 CMakeFiles/main_programm.elf.dir/drivers/fsl_lpuart.c.obj
                0x600051ec                LPUART_GetStatusFlags
 .text.LPUART_ClearStatusFlags
                0x60005224       0x7c CMakeFiles/main_programm.elf.dir/drivers/fsl_lpuart.c.obj
                0x60005224                LPUART_ClearStatusFlags
 .text.LPUART_WriteBlocking
                0x600052a0       0x78 CMakeFiles/main_programm.elf.dir/drivers/fsl_lpuart.c.obj
                0x600052a0                LPUART_WriteBlocking
 .text.LPUART_ReadBlocking
                0x60005318      0x170 CMakeFiles/main_programm.elf.dir/drivers/fsl_lpuart.c.obj
                0x60005318                LPUART_ReadBlocking
 .text.LPUART1_DriverIRQHandler
                0x60005488       0x28 CMakeFiles/main_programm.elf.dir/drivers/fsl_lpuart.c.obj
                0x60005488                LPUART1_DriverIRQHandler
 .text.LPUART2_DriverIRQHandler
                0x600054b0       0x28 CMakeFiles/main_programm.elf.dir/drivers/fsl_lpuart.c.obj
                0x600054b0                LPUART2_DriverIRQHandler
 .text.LPUART3_DriverIRQHandler
                0x600054d8       0x28 CMakeFiles/main_programm.elf.dir/drivers/fsl_lpuart.c.obj
                0x600054d8                LPUART3_DriverIRQHandler
 .text.LPUART4_DriverIRQHandler
                0x60005500       0x28 CMakeFiles/main_programm.elf.dir/drivers/fsl_lpuart.c.obj
                0x60005500                LPUART4_DriverIRQHandler
 .text.LPUART5_DriverIRQHandler
                0x60005528       0x28 CMakeFiles/main_programm.elf.dir/drivers/fsl_lpuart.c.obj
                0x60005528                LPUART5_DriverIRQHandler
 .text.LPUART6_DriverIRQHandler
                0x60005550       0x28 CMakeFiles/main_programm.elf.dir/drivers/fsl_lpuart.c.obj
                0x60005550                LPUART6_DriverIRQHandler
 .text.LPUART7_DriverIRQHandler
                0x60005578       0x28 CMakeFiles/main_programm.elf.dir/drivers/fsl_lpuart.c.obj
                0x60005578                LPUART7_DriverIRQHandler
 .text.LPUART8_DriverIRQHandler
                0x600055a0       0x28 CMakeFiles/main_programm.elf.dir/drivers/fsl_lpuart.c.obj
                0x600055a0                LPUART8_DriverIRQHandler
 .text.DisableGlobalIRQ
                0x600055c8       0x20 CMakeFiles/main_programm.elf.dir/components/hal_gpio_driver/fsl_adapter_igpio.c.obj
 .text.EnableGlobalIRQ
                0x600055e8       0x1e CMakeFiles/main_programm.elf.dir/components/hal_gpio_driver/fsl_adapter_igpio.c.obj
 *fill*         0x60005606        0x2 ff
 .text.GPIO_PinRead
                0x60005608       0x40 CMakeFiles/main_programm.elf.dir/components/hal_gpio_driver/fsl_adapter_igpio.c.obj
 .text.GPIO_PortGetInterruptFlags
                0x60005648       0x16 CMakeFiles/main_programm.elf.dir/components/hal_gpio_driver/fsl_adapter_igpio.c.obj
 .text.GPIO_PortClearInterruptFlags
                0x6000565e       0x1a CMakeFiles/main_programm.elf.dir/components/hal_gpio_driver/fsl_adapter_igpio.c.obj
 .text.HAL_GpioInterruptHandle
                0x60005678       0xb8 CMakeFiles/main_programm.elf.dir/components/hal_gpio_driver/fsl_adapter_igpio.c.obj
 .text.GPIO1_Combined_0_15_IRQHandler
                0x60005730       0x14 CMakeFiles/main_programm.elf.dir/components/hal_gpio_driver/fsl_adapter_igpio.c.obj
                0x60005730                GPIO1_Combined_0_15_IRQHandler
 .text.GPIO1_Combined_16_31_IRQHandler
                0x60005744       0x14 CMakeFiles/main_programm.elf.dir/components/hal_gpio_driver/fsl_adapter_igpio.c.obj
                0x60005744                GPIO1_Combined_16_31_IRQHandler
 .text.GPIO2_Combined_0_15_IRQHandler
                0x60005758       0x14 CMakeFiles/main_programm.elf.dir/components/hal_gpio_driver/fsl_adapter_igpio.c.obj
                0x60005758                GPIO2_Combined_0_15_IRQHandler
 .text.GPIO2_Combined_16_31_IRQHandler
                0x6000576c       0x14 CMakeFiles/main_programm.elf.dir/components/hal_gpio_driver/fsl_adapter_igpio.c.obj
                0x6000576c                GPIO2_Combined_16_31_IRQHandler
 .text.GPIO3_Combined_0_15_IRQHandler
                0x60005780       0x14 CMakeFiles/main_programm.elf.dir/components/hal_gpio_driver/fsl_adapter_igpio.c.obj
                0x60005780                GPIO3_Combined_0_15_IRQHandler
 .text.GPIO3_Combined_16_31_IRQHandler
                0x60005794       0x14 CMakeFiles/main_programm.elf.dir/components/hal_gpio_driver/fsl_adapter_igpio.c.obj
                0x60005794                GPIO3_Combined_16_31_IRQHandler
 .text.GPIO4_Combined_0_15_IRQHandler
                0x600057a8       0x14 CMakeFiles/main_programm.elf.dir/components/hal_gpio_driver/fsl_adapter_igpio.c.obj
                0x600057a8                GPIO4_Combined_0_15_IRQHandler
 .text.GPIO4_Combined_16_31_IRQHandler
                0x600057bc       0x14 CMakeFiles/main_programm.elf.dir/components/hal_gpio_driver/fsl_adapter_igpio.c.obj
                0x600057bc                GPIO4_Combined_16_31_IRQHandler
 .text.GPIO5_Combined_0_15_IRQHandler
                0x600057d0       0x14 CMakeFiles/main_programm.elf.dir/components/hal_gpio_driver/fsl_adapter_igpio.c.obj
                0x600057d0                GPIO5_Combined_0_15_IRQHandler
 .text.GPIO5_Combined_16_31_IRQHandler
                0x600057e4       0x14 CMakeFiles/main_programm.elf.dir/components/hal_gpio_driver/fsl_adapter_igpio.c.obj
                0x600057e4                GPIO5_Combined_16_31_IRQHandler
 .text.HAL_GpioConflictSearch
                0x600057f8       0x54 CMakeFiles/main_programm.elf.dir/components/hal_gpio_driver/fsl_adapter_igpio.c.obj
 .text.HAL_GpioAddItem
                0x6000584c       0x62 CMakeFiles/main_programm.elf.dir/components/hal_gpio_driver/fsl_adapter_igpio.c.obj
 *fill*         0x600058ae        0x2 ff
 .text.HAL_GpioInit
                0x600058b0      0x158 CMakeFiles/main_programm.elf.dir/components/hal_gpio_driver/fsl_adapter_igpio.c.obj
                0x600058b0                HAL_GpioInit
 .text.HAL_GpioGetInput
                0x60005a08       0x88 CMakeFiles/main_programm.elf.dir/components/hal_gpio_driver/fsl_adapter_igpio.c.obj
                0x60005a08                HAL_GpioGetInput
 .text.HAL_GpioSetOutput
                0x60005a90       0x84 CMakeFiles/main_programm.elf.dir/components/hal_gpio_driver/fsl_adapter_igpio.c.obj
                0x60005a90                HAL_GpioSetOutput
 .text.HAL_UartGetStatus
                0x60005b14       0x26 CMakeFiles/main_programm.elf.dir/components/hal_uart_driver/fsl_adapter_lpuart.c.obj
 *fill*         0x60005b3a        0x2 ff
 .text.HAL_UartInitCommon
                0x60005b3c       0xe0 CMakeFiles/main_programm.elf.dir/components/hal_uart_driver/fsl_adapter_lpuart.c.obj
 .text.HAL_UartInit
                0x60005c1c       0xac CMakeFiles/main_programm.elf.dir/components/hal_uart_driver/fsl_adapter_lpuart.c.obj
                0x60005c1c                HAL_UartInit
 .text.HAL_UartReceiveBlocking
                0x60005cc8       0x8c CMakeFiles/main_programm.elf.dir/components/hal_uart_driver/fsl_adapter_lpuart.c.obj
                0x60005cc8                HAL_UartReceiveBlocking
 .text.HAL_UartSendBlocking
                0x60005d54       0x84 CMakeFiles/main_programm.elf.dir/components/hal_uart_driver/fsl_adapter_lpuart.c.obj
                0x60005d54                HAL_UartSendBlocking
 .text          0x60005dd8       0x30 c:/arm32/toolchain/12.3-rel1-nxp/bin/../lib/gcc/arm-none-eabi/12.3.1/thumb/v7e-m/nofp\libgcc.a(_aeabi_uldivmod.o)
                0x60005dd8                __aeabi_uldivmod
 .text.__udivmoddi4
                0x60005e08      0x2bc c:/arm32/toolchain/12.3-rel1-nxp/bin/../lib/gcc/arm-none-eabi/12.3.1/thumb/v7e-m/nofp\libgcc.a(_udivmoddi4.o)
                0x60005e08                __udivmoddi4
 .text          0x600060c4        0x4 c:/arm32/toolchain/12.3-rel1-nxp/bin/../lib/gcc/arm-none-eabi/12.3.1/thumb/v7e-m/nofp\libgcc.a(_dvmd_tls.o)
                0x600060c4                __aeabi_idiv0
                0x600060c4                __aeabi_ldiv0
 .text.memset   0x600060c8       0xa4 c:/arm32/toolchain/12.3-rel1-nxp/bin/../lib/gcc/arm-none-eabi/12.3.1/thumb/v7e-m/nofp\libg.a(libc_a-memset.o)
                0x600060c8                memset
 *fill*         0x6000616c       0x14 ff
 .text          0x60006180       0xd8 c:/arm32/toolchain/12.3-rel1-nxp/bin/../lib/gcc/arm-none-eabi/12.3.1/thumb/v7e-m/nofp\libg.a(libc_a-strlen.o)
                0x60006180                strlen
 *(.rodata .rodata.* .constdata .constdata.*)
 .rodata.CLOCK_ControlGate.str1.4
                0x60006258       0x65 CMakeFiles/main_programm.elf.dir/board/pin_mux.c.obj
 *fill*         0x600062bd        0x3 ff
 .rodata.__func__.0
                0x600062c0       0x12 CMakeFiles/main_programm.elf.dir/board/pin_mux.c.obj
 *fill*         0x600062d2        0x2 ff
 .rodata.CLOCK_SetMux.str1.4
                0x600062d4       0x1e CMakeFiles/main_programm.elf.dir/board/clock_config.c.obj
                                 0x75 (size before relaxing)
 .rodata.CLOCK_ControlGate.str1.4
                0x600062f2        0xd CMakeFiles/main_programm.elf.dir/board/clock_config.c.obj
 *fill*         0x600062f2        0x2 ff
 .rodata.armPllConfig_BOARD_BootClockRUN
                0x600062f4        0x8 CMakeFiles/main_programm.elf.dir/board/clock_config.c.obj
                0x600062f4                armPllConfig_BOARD_BootClockRUN
 .rodata.__func__.2
                0x600062fc       0x12 CMakeFiles/main_programm.elf.dir/board/clock_config.c.obj
 *fill*         0x6000630e        0x2 ff
 .rodata.__func__.1
                0x60006310        0xd CMakeFiles/main_programm.elf.dir/board/clock_config.c.obj
 *fill*         0x6000631d        0x3 ff
 .rodata.__func__.0
                0x60006320        0xd CMakeFiles/main_programm.elf.dir/board/clock_config.c.obj
 *fill*         0x6000632d        0x3 ff
 .rodata.BOARD_ConfigMPU.str1.4
                0x60006330       0x8b CMakeFiles/main_programm.elf.dir/board/board.c.obj
 *fill*         0x600063bb        0x1 ff
 .rodata.__func__.0
                0x600063bc       0x10 CMakeFiles/main_programm.elf.dir/board/board.c.obj
 .rodata.main.str1.4
                0x600063cc       0x9f CMakeFiles/main_programm.elf.dir/source/main.c.obj
 *fill*         0x6000646b        0x1 ff
 .rodata        0x6000646c        0x8 CMakeFiles/main_programm.elf.dir/source/main.c.obj
 .rodata.__assert_func.str1.4
                0x60006474       0x3e CMakeFiles/main_programm.elf.dir/utilities/fsl_assert.c.obj
 *fill*         0x600064b2        0x2 ff
 .rodata.CLOCK_InitExternalClk.str1.4
                0x600064b4       0x65 CMakeFiles/main_programm.elf.dir/drivers/fsl_clock.c.obj
 *fill*         0x60006519        0x3 ff
 .rodata.CLOCK_GetPllFreq.str1.4
                0x6000651c        0x6 CMakeFiles/main_programm.elf.dir/drivers/fsl_clock.c.obj
 *fill*         0x60006522        0x2 ff
 .rodata.__func__.8
                0x60006524       0x16 CMakeFiles/main_programm.elf.dir/drivers/fsl_clock.c.obj
 *fill*         0x6000653a        0x2 ff
 .rodata.__func__.2
                0x6000653c       0x11 CMakeFiles/main_programm.elf.dir/drivers/fsl_clock.c.obj
 *fill*         0x6000654d        0x3 ff
 .rodata.enetRefClkFreq.1
                0x60006550       0x10 CMakeFiles/main_programm.elf.dir/drivers/fsl_clock.c.obj
 .rodata.MSDK_EnableCpuCycleCounter.str1.4
                0x60006560       0x9a CMakeFiles/main_programm.elf.dir/drivers/fsl_common_arm.c.obj
 *fill*         0x600065fa        0x2 ff
 .rodata.SDK_DelayAtLeastUs.str1.4
                0x600065fc       0x14 CMakeFiles/main_programm.elf.dir/drivers/fsl_common_arm.c.obj
 .rodata.__func__.0
                0x60006610       0x13 CMakeFiles/main_programm.elf.dir/drivers/fsl_common_arm.c.obj
 *fill*         0x60006623        0x1 ff
 .rodata.CLOCK_ControlGate.str1.4
                0x60006624       0x55 CMakeFiles/main_programm.elf.dir/drivers/fsl_gpio.c.obj
                                 0x65 (size before relaxing)
 *fill*         0x60006679        0x3 ff
 .rodata.s_gpioBases
                0x6000667c       0x18 CMakeFiles/main_programm.elf.dir/drivers/fsl_gpio.c.obj
 .rodata.s_gpioClock
                0x60006694        0xc CMakeFiles/main_programm.elf.dir/drivers/fsl_gpio.c.obj
 .rodata.GPIO_GetInstance.str1.4
                0x600066a0       0x78 CMakeFiles/main_programm.elf.dir/drivers/fsl_gpio.c.obj
 .rodata.GPIO_PinWrite.str1.4
                0x60006718        0xa CMakeFiles/main_programm.elf.dir/drivers/fsl_gpio.c.obj
 *fill*         0x60006722        0x2 ff
 .rodata.__func__.2
                0x60006724       0x11 CMakeFiles/main_programm.elf.dir/drivers/fsl_gpio.c.obj
 *fill*         0x60006735        0x3 ff
 .rodata.__func__.1
                0x60006738       0x12 CMakeFiles/main_programm.elf.dir/drivers/fsl_gpio.c.obj
 *fill*         0x6000674a        0x2 ff
 .rodata.__func__.0
                0x6000674c        0xe CMakeFiles/main_programm.elf.dir/drivers/fsl_gpio.c.obj
 .rodata.CLOCK_ControlGate.str1.4
                0x6000675a       0x65 CMakeFiles/main_programm.elf.dir/drivers/fsl_lpuart.c.obj
 *fill*         0x6000675a        0x2 ff
 .rodata.s_lpuartBases
                0x6000675c       0x24 CMakeFiles/main_programm.elf.dir/drivers/fsl_lpuart.c.obj
 .rodata.s_lpuartClock
                0x60006780       0x12 CMakeFiles/main_programm.elf.dir/drivers/fsl_lpuart.c.obj
 *fill*         0x60006792        0x2 ff
 .rodata.LPUART_GetInstance.str1.4
                0x60006794       0x7e CMakeFiles/main_programm.elf.dir/drivers/fsl_lpuart.c.obj
 *fill*         0x60006812        0x2 ff
 .rodata.LPUART_WriteNonBlocking.str1.4
                0x60006814        0xd CMakeFiles/main_programm.elf.dir/drivers/fsl_lpuart.c.obj
 *fill*         0x60006821        0x3 ff
 .rodata.LPUART_Init.str1.4
                0x60006824       0xbb CMakeFiles/main_programm.elf.dir/drivers/fsl_lpuart.c.obj
 *fill*         0x600068df        0x1 ff
 .rodata.__func__.22
                0x600068e0       0x13 CMakeFiles/main_programm.elf.dir/drivers/fsl_lpuart.c.obj
 *fill*         0x600068f3        0x1 ff
 .rodata.__func__.17
                0x600068f4        0xc CMakeFiles/main_programm.elf.dir/drivers/fsl_lpuart.c.obj
 .rodata.__func__.16
                0x60006900       0x12 CMakeFiles/main_programm.elf.dir/drivers/fsl_lpuart.c.obj
 *fill*         0x60006912        0x2 ff
 .rodata.__func__.15
                0x60006914       0x18 CMakeFiles/main_programm.elf.dir/drivers/fsl_lpuart.c.obj
 .rodata.__func__.11
                0x6000692c       0x15 CMakeFiles/main_programm.elf.dir/drivers/fsl_lpuart.c.obj
 *fill*         0x60006941        0x3 ff
 .rodata.__func__.10
                0x60006944       0x14 CMakeFiles/main_programm.elf.dir/drivers/fsl_lpuart.c.obj
 .rodata.GPIO_PinRead.str1.4
                0x60006958       0x54 CMakeFiles/main_programm.elf.dir/components/hal_gpio_driver/fsl_adapter_igpio.c.obj
                                 0x60 (size before relaxing)
 .rodata        0x600069ac       0x30 CMakeFiles/main_programm.elf.dir/components/hal_gpio_driver/fsl_adapter_igpio.c.obj
 .rodata.HAL_GpioInit.str1.4
                0x600069dc       0x86 CMakeFiles/main_programm.elf.dir/components/hal_gpio_driver/fsl_adapter_igpio.c.obj
 *fill*         0x60006a62        0x2 ff
 .rodata.__func__.10
                0x60006a64        0xd CMakeFiles/main_programm.elf.dir/components/hal_gpio_driver/fsl_adapter_igpio.c.obj
 *fill*         0x60006a71        0x3 ff
 .rodata.__func__.8
                0x60006a74       0x11 CMakeFiles/main_programm.elf.dir/components/hal_gpio_driver/fsl_adapter_igpio.c.obj
 *fill*         0x60006a85        0x3 ff
 .rodata.__func__.7
                0x60006a88        0xd CMakeFiles/main_programm.elf.dir/components/hal_gpio_driver/fsl_adapter_igpio.c.obj
 *fill*         0x60006a95        0x3 ff
 .rodata.__func__.6
                0x60006a98       0x12 CMakeFiles/main_programm.elf.dir/components/hal_gpio_driver/fsl_adapter_igpio.c.obj
 *fill*         0x60006aaa        0x2 ff
 .rodata.s_LpuartAdapterBase
                0x60006aac       0x24 CMakeFiles/main_programm.elf.dir/components/hal_uart_driver/fsl_adapter_lpuart.c.obj
 .rodata.HAL_UartInit.str1.4
                0x60006ad0      0x11b CMakeFiles/main_programm.elf.dir/components/hal_uart_driver/fsl_adapter_lpuart.c.obj
 *fill*         0x60006beb        0x1 ff
 .rodata.HAL_UartReceiveBlocking.str1.4
                0x60006bec        0xc CMakeFiles/main_programm.elf.dir/components/hal_uart_driver/fsl_adapter_lpuart.c.obj
                                 0x1c (size before relaxing)
 .rodata.__func__.4
                0x60006bf8        0xd CMakeFiles/main_programm.elf.dir/components/hal_uart_driver/fsl_adapter_lpuart.c.obj
 *fill*         0x60006c05        0x3 ff
 .rodata.__func__.2
                0x60006c08       0x18 CMakeFiles/main_programm.elf.dir/components/hal_uart_driver/fsl_adapter_lpuart.c.obj
 .rodata.__func__.1
                0x60006c20       0x15 CMakeFiles/main_programm.elf.dir/components/hal_uart_driver/fsl_adapter_lpuart.c.obj
                0x60006c38                        . = ALIGN (0x4)
 *fill*         0x60006c35        0x3 ff

.glue_7         0x60006c38        0x0
 .glue_7        0x60006c38        0x0 linker stubs

.glue_7t        0x60006c38        0x0
 .glue_7t       0x60006c38        0x0 linker stubs

.vfp11_veneer   0x60006c38        0x0
 .vfp11_veneer  0x60006c38        0x0 linker stubs

.v4_bx          0x60006c38        0x0
 .v4_bx         0x60006c38        0x0 linker stubs

.init           0x60006c38        0x4
 .init          0x60006c38        0x4 c:/arm32/toolchain/12.3-rel1-nxp/bin/../lib/gcc/arm-none-eabi/12.3.1/thumb/v7e-m/nofp/crti.o
                0x60006c38                _init

.fini           0x60006c3c        0x4
 .fini          0x60006c3c        0x4 c:/arm32/toolchain/12.3-rel1-nxp/bin/../lib/gcc/arm-none-eabi/12.3.1/thumb/v7e-m/nofp/crti.o
                0x60006c3c                _fini

.iplt           0x60006c40        0x0
 .iplt          0x60006c40        0x0 CMakeFiles/main_programm.elf.dir/board/pin_mux.c.obj

.ARM.extab
 *(.ARM.extab* .gnu.linkonce.armextab.*)

.ARM.exidx      0x60006c40        0x8
                0x60006c40                        __exidx_start = .
 *(.ARM.exidx* .gnu.linkonce.armexidx.*)
 .ARM.exidx.text.__udivmoddi4
                0x60006c40        0x8 c:/arm32/toolchain/12.3-rel1-nxp/bin/../lib/gcc/arm-none-eabi/12.3.1/thumb/v7e-m/nofp\libgcc.a(_udivmoddi4.o)
 .ARM.exidx     0x60006c48        0x0 c:/arm32/toolchain/12.3-rel1-nxp/bin/../lib/gcc/arm-none-eabi/12.3.1/thumb/v7e-m/nofp\libg.a(libc_a-strlen.o)
                                  0x8 (size before relaxing)
                0x60006c48                        __exidx_end = .
                0x60006c48                        _etext = .

.rel.dyn        0x60006c48        0x0
 .rel.iplt      0x60006c48        0x0 CMakeFiles/main_programm.elf.dir/board/pin_mux.c.obj

.data_RAM2      0x81000000        0x0 load address 0x60006c48
 FILL mask 0xff
                [!provide]                        PROVIDE (__start_data_RAM2 = .)
                [!provide]                        PROVIDE (__start_data_NCACHE_REGION = .)
 *(.ramfunc.$RAM2)
 *(.ramfunc.$NCACHE_REGION)
 *(NonCacheable.init)
 *(.data.$RAM2)
 *(.data.$NCACHE_REGION)
 *(.data.$RAM2.*)
 *(.data.$NCACHE_REGION.*)
                0x81000000                        . = ALIGN (0x4)
                [!provide]                        PROVIDE (__end_data_RAM2 = .)
                [!provide]                        PROVIDE (__end_data_NCACHE_REGION = .)

.data_RAM3      0x20000000        0x0 load address 0x60006c48
 FILL mask 0xff
                [!provide]                        PROVIDE (__start_data_RAM3 = .)
                [!provide]                        PROVIDE (__start_data_SRAM_DTC = .)
 *(.ramfunc.$RAM3)
 *(.ramfunc.$SRAM_DTC)
 *(.data.$RAM3)
 *(.data.$SRAM_DTC)
 *(.data.$RAM3.*)
 *(.data.$SRAM_DTC.*)
                0x20000000                        . = ALIGN (0x4)
                [!provide]                        PROVIDE (__end_data_RAM3 = .)
                [!provide]                        PROVIDE (__end_data_SRAM_DTC = .)

.data_RAM4      0x00000000        0x0 load address 0x60006c48
 FILL mask 0xff
                [!provide]                        PROVIDE (__start_data_RAM4 = .)
                [!provide]                        PROVIDE (__start_data_SRAM_ITC = .)
 *(.ramfunc.$RAM4)
 *(.ramfunc.$SRAM_ITC)
 *(.data.$RAM4)
 *(.data.$SRAM_ITC)
 *(.data.$RAM4.*)
 *(.data.$SRAM_ITC.*)
                0x00000000                        . = ALIGN (0x4)
                [!provide]                        PROVIDE (__end_data_RAM4 = .)
                [!provide]                        PROVIDE (__end_data_SRAM_ITC = .)

.data_RAM5      0x20200000        0x0 load address 0x60006c48
 FILL mask 0xff
                [!provide]                        PROVIDE (__start_data_RAM5 = .)
                [!provide]                        PROVIDE (__start_data_SRAM_OC = .)
 *(.ramfunc.$RAM5)
 *(.ramfunc.$SRAM_OC)
 *(.data.$RAM5)
 *(.data.$SRAM_OC)
 *(.data.$RAM5.*)
 *(.data.$SRAM_OC.*)
                0x20200000                        . = ALIGN (0x4)
                [!provide]                        PROVIDE (__end_data_RAM5 = .)
                [!provide]                        PROVIDE (__end_data_SRAM_OC = .)

.uninit_RESERVED
                0x80000000        0x0
                0x80000000                        _start_uninit_RESERVED = .
 *(.bss.$RESERVED*)
                0x80000000                        . = ALIGN (0x4)
                0x80000000                        _end_uninit_RESERVED = .

.data           0x80000000        0x4 load address 0x60006c48
 FILL mask 0xff
                0x80000000                        _data = .
                [!provide]                        PROVIDE (__start_data_RAM = .)
                [!provide]                        PROVIDE (__start_data_TFT_SDRAM = .)
 *(vtable)
 *(.ramfunc*)
 *(CodeQuickAccess)
 *(DataQuickAccess)
 *(RamFunction)
 *(.data*)
 .data.SystemCoreClock
                0x80000000        0x4 CMakeFiles/main_programm.elf.dir/device/system_MIMXRT1052.c.obj
                0x80000000                SystemCoreClock
                0x80000004                        . = ALIGN (0x4)
                0x80000004                        _edata = .
                [!provide]                        PROVIDE (__end_data_RAM = .)
                [!provide]                        PROVIDE (__end_data_TFT_SDRAM = .)

.igot.plt       0x80000004        0x0 load address 0x60006c4c
 .igot.plt      0x80000004        0x0 CMakeFiles/main_programm.elf.dir/board/pin_mux.c.obj

.bss_RAM2       0x81000000        0x0
                [!provide]                        PROVIDE (__start_bss_RAM2 = .)
                [!provide]                        PROVIDE (__start_bss_NCACHE_REGION = .)
 *(NonCacheable)
 *(.bss.$RAM2)
 *(.bss.$NCACHE_REGION)
 *(.bss.$RAM2.*)
 *(.bss.$NCACHE_REGION.*)
                0x81000000                        . = ALIGN ((. != 0x0)?0x4:0x1)
                [!provide]                        PROVIDE (__end_bss_RAM2 = .)
                [!provide]                        PROVIDE (__end_bss_NCACHE_REGION = .)

.bss_RAM3       0x20000000        0x0
                [!provide]                        PROVIDE (__start_bss_RAM3 = .)
                [!provide]                        PROVIDE (__start_bss_SRAM_DTC = .)
 *(.bss.$RAM3)
 *(.bss.$SRAM_DTC)
 *(.bss.$RAM3.*)
 *(.bss.$SRAM_DTC.*)
                0x20000000                        . = ALIGN ((. != 0x0)?0x4:0x1)
                [!provide]                        PROVIDE (__end_bss_RAM3 = .)
                [!provide]                        PROVIDE (__end_bss_SRAM_DTC = .)

.bss_RAM4       0x00000000        0x0
                [!provide]                        PROVIDE (__start_bss_RAM4 = .)
                [!provide]                        PROVIDE (__start_bss_SRAM_ITC = .)
 *(.bss.$RAM4)
 *(.bss.$SRAM_ITC)
 *(.bss.$RAM4.*)
 *(.bss.$SRAM_ITC.*)
                0x00000000                        . = ALIGN ((. != 0x0)?0x4:0x1)
                [!provide]                        PROVIDE (__end_bss_RAM4 = .)
                [!provide]                        PROVIDE (__end_bss_SRAM_ITC = .)

.bss_RAM5       0x20200000        0x0
                [!provide]                        PROVIDE (__start_bss_RAM5 = .)
                [!provide]                        PROVIDE (__start_bss_SRAM_OC = .)
 *(.bss.$RAM5)
 *(.bss.$SRAM_OC)
 *(.bss.$RAM5.*)
 *(.bss.$SRAM_OC.*)
                0x20200000                        . = ALIGN ((. != 0x0)?0x4:0x1)
                [!provide]                        PROVIDE (__end_bss_RAM5 = .)
                [!provide]                        PROVIDE (__end_bss_SRAM_OC = .)

.bss            0x80000004       0x68
                0x80000004                        _bss = .
                [!provide]                        PROVIDE (__start_bss_RAM = .)
                [!provide]                        PROVIDE (__start_bss_TFT_SDRAM = .)
 *(.bss*)
 .bss.s_debugConsole
                0x80000004       0x14 CMakeFiles/main_programm.elf.dir/utilities/fsl_debug_console.c.obj
 .bss.g_xtalFreq
                0x80000018        0x4 CMakeFiles/main_programm.elf.dir/drivers/fsl_clock.c.obj
                0x80000018                g_xtalFreq
 .bss.g_rtcXtalFreq
                0x8000001c        0x4 CMakeFiles/main_programm.elf.dir/drivers/fsl_clock.c.obj
                0x8000001c                g_rtcXtalFreq
 .bss.s_lpuartHandle
                0x80000020       0x24 CMakeFiles/main_programm.elf.dir/drivers/fsl_lpuart.c.obj
                0x80000020                s_lpuartHandle
 .bss.s_lpuartIsr
                0x80000044       0x24 CMakeFiles/main_programm.elf.dir/drivers/fsl_lpuart.c.obj
                0x80000044                s_lpuartIsr
 .bss.s_GpioHead
                0x80000068        0x4 CMakeFiles/main_programm.elf.dir/components/hal_gpio_driver/fsl_adapter_igpio.c.obj
 *(COMMON)
                0x8000006c                        . = ALIGN (0x4)
                0x8000006c                        _ebss = .
                [!provide]                        PROVIDE (__end_bss_RAM = .)
                [!provide]                        PROVIDE (__end_bss_TFT_SDRAM = .)
                [!provide]                        PROVIDE (end = .)

.noinit_RAM2    0x81000000        0x0
                [!provide]                        PROVIDE (__start_noinit_RAM2 = .)
                [!provide]                        PROVIDE (__start_noinit_NCACHE_REGION = .)
 *(.noinit.$RAM2)
 *(.noinit.$NCACHE_REGION)
 *(.noinit.$RAM2.*)
 *(.noinit.$NCACHE_REGION.*)
                0x81000000                        . = ALIGN (0x4)
                [!provide]                        PROVIDE (__end_noinit_RAM2 = .)
                [!provide]                        PROVIDE (__end_noinit_NCACHE_REGION = .)

.noinit_RAM3    0x20000000        0x0
                [!provide]                        PROVIDE (__start_noinit_RAM3 = .)
                [!provide]                        PROVIDE (__start_noinit_SRAM_DTC = .)
 *(.noinit.$RAM3)
 *(.noinit.$SRAM_DTC)
 *(.noinit.$RAM3.*)
 *(.noinit.$SRAM_DTC.*)
                0x20000000                        . = ALIGN (0x4)
                [!provide]                        PROVIDE (__end_noinit_RAM3 = .)
                [!provide]                        PROVIDE (__end_noinit_SRAM_DTC = .)

.noinit_RAM4    0x00000000        0x0
                [!provide]                        PROVIDE (__start_noinit_RAM4 = .)
                [!provide]                        PROVIDE (__start_noinit_SRAM_ITC = .)
 *(.noinit.$RAM4)
 *(.noinit.$SRAM_ITC)
 *(.noinit.$RAM4.*)
 *(.noinit.$SRAM_ITC.*)
                0x00000000                        . = ALIGN (0x4)
                [!provide]                        PROVIDE (__end_noinit_RAM4 = .)
                [!provide]                        PROVIDE (__end_noinit_SRAM_ITC = .)

.noinit_RAM5    0x20200000        0x0
                [!provide]                        PROVIDE (__start_noinit_RAM5 = .)
                [!provide]                        PROVIDE (__start_noinit_SRAM_OC = .)
 *(.noinit.$RAM5)
 *(.noinit.$SRAM_OC)
 *(.noinit.$RAM5.*)
 *(.noinit.$SRAM_OC.*)
                0x20200000                        . = ALIGN (0x4)
                [!provide]                        PROVIDE (__end_noinit_RAM5 = .)
                [!provide]                        PROVIDE (__end_noinit_SRAM_OC = .)

.noinit         0x8000006c        0x0
                0x8000006c                        _noinit = .
                [!provide]                        PROVIDE (__start_noinit_RAM = .)
                [!provide]                        PROVIDE (__start_noinit_TFT_SDRAM = .)
 *(.noinit*)
                0x8000006c                        . = ALIGN (0x4)
                0x8000006c                        _end_noinit = .
                [!provide]                        PROVIDE (__end_noinit_RAM = .)
                [!provide]                        PROVIDE (__end_noinit_TFT_SDRAM = .)
                0x00005000                        _HeapSize = 0x5000

.heap           0x8000006c     0x5000
                0x8000006c                        _pvHeapStart = .
                0x8000506c                        . = (. + _HeapSize)
 *fill*         0x8000006c     0x5000 
                0x8000506c                        . = ALIGN (0x4)
                0x8000506c                        _pvHeapLimit = .
                0x00001000                        _StackSize = 0x1000

.heap2stackfill
                0x8000506c     0x1000
                0x8000606c                        . = (. + _StackSize)
 *fill*         0x8000506c     0x1000 

.stack          0x80fff000        0x0
                0x80fff000                        _vStackBase = .
                0x80fff000                        . = ALIGN (0x4)
                0x81000000                        _vStackTop = (. + _StackSize)
                0x60002000                        _image_start = LOADADDR (.text)
                0x60006c4c                        _image_end = (LOADADDR (.data) + SIZEOF (.data))
                0x00004c4c                        _image_size = (_image_end - _image_start)
OUTPUT(binaries\main_programm.elf elf32-littlearm)
LOAD linker stubs

.ARM.attributes
                0x00000000       0x2a
 .ARM.attributes
                0x00000000       0x1e c:/arm32/toolchain/12.3-rel1-nxp/bin/../lib/gcc/arm-none-eabi/12.3.1/thumb/v7e-m/nofp/crti.o
 .ARM.attributes
                0x0000001e       0x2e CMakeFiles/main_programm.elf.dir/board/pin_mux.c.obj
 .ARM.attributes
                0x0000004c       0x2e CMakeFiles/main_programm.elf.dir/board/clock_config.c.obj
 .ARM.attributes
                0x0000007a       0x2e CMakeFiles/main_programm.elf.dir/board/board.c.obj
 .ARM.attributes
                0x000000a8       0x2e CMakeFiles/main_programm.elf.dir/device/system_MIMXRT1052.c.obj
 .ARM.attributes
                0x000000d6       0x2e CMakeFiles/main_programm.elf.dir/device/startup_mimxrt1052.c.obj
 .ARM.attributes
                0x00000104       0x2e CMakeFiles/main_programm.elf.dir/source/main.c.obj
 .ARM.attributes
                0x00000132       0x1c CMakeFiles/main_programm.elf.dir/utilities/fsl_memcpy.S.obj
 .ARM.attributes
                0x0000014e       0x2e CMakeFiles/main_programm.elf.dir/utilities/fsl_debug_console.c.obj
 .ARM.attributes
                0x0000017c       0x2e CMakeFiles/main_programm.elf.dir/utilities/fsl_assert.c.obj
 .ARM.attributes
                0x000001aa       0x2e CMakeFiles/main_programm.elf.dir/drivers/fsl_clock.c.obj
 .ARM.attributes
                0x000001d8       0x2e CMakeFiles/main_programm.elf.dir/drivers/fsl_common_arm.c.obj
 .ARM.attributes
                0x00000206       0x2e CMakeFiles/main_programm.elf.dir/drivers/fsl_gpio.c.obj
 .ARM.attributes
                0x00000234       0x2e CMakeFiles/main_programm.elf.dir/drivers/fsl_lpuart.c.obj
 .ARM.attributes
                0x00000262       0x2e CMakeFiles/main_programm.elf.dir/components/hal_gpio_driver/fsl_adapter_igpio.c.obj
 .ARM.attributes
                0x00000290       0x2e CMakeFiles/main_programm.elf.dir/components/hal_uart_driver/fsl_adapter_lpuart.c.obj
 .ARM.attributes
                0x000002be       0x1e c:/arm32/toolchain/12.3-rel1-nxp/bin/../lib/gcc/arm-none-eabi/12.3.1/thumb/v7e-m/nofp\libgcc.a(_aeabi_uldivmod.o)
 .ARM.attributes
                0x000002dc       0x2e c:/arm32/toolchain/12.3-rel1-nxp/bin/../lib/gcc/arm-none-eabi/12.3.1/thumb/v7e-m/nofp\libgcc.a(_udivmoddi4.o)
 .ARM.attributes
                0x0000030a       0x1e c:/arm32/toolchain/12.3-rel1-nxp/bin/../lib/gcc/arm-none-eabi/12.3.1/thumb/v7e-m/nofp\libgcc.a(_dvmd_tls.o)
 .ARM.attributes
                0x00000328       0x2e c:/arm32/toolchain/12.3-rel1-nxp/bin/../lib/gcc/arm-none-eabi/12.3.1/thumb/v7e-m/nofp\libg.a(libc_a-memset.o)
 .ARM.attributes
                0x00000356       0x1c c:/arm32/toolchain/12.3-rel1-nxp/bin/../lib/gcc/arm-none-eabi/12.3.1/thumb/v7e-m/nofp\libg.a(libc_a-strlen.o)

.comment        0x00000000       0x45
 .comment       0x00000000       0x45 CMakeFiles/main_programm.elf.dir/board/pin_mux.c.obj
                                 0x46 (size before relaxing)
 .comment       0x00000045       0x46 CMakeFiles/main_programm.elf.dir/board/clock_config.c.obj
 .comment       0x00000045       0x46 CMakeFiles/main_programm.elf.dir/board/board.c.obj
 .comment       0x00000045       0x46 CMakeFiles/main_programm.elf.dir/device/system_MIMXRT1052.c.obj
 .comment       0x00000045       0x46 CMakeFiles/main_programm.elf.dir/device/startup_mimxrt1052.c.obj
 .comment       0x00000045       0x46 CMakeFiles/main_programm.elf.dir/source/main.c.obj
 .comment       0x00000045       0x46 CMakeFiles/main_programm.elf.dir/utilities/fsl_debug_console.c.obj
 .comment       0x00000045       0x46 CMakeFiles/main_programm.elf.dir/utilities/fsl_assert.c.obj
 .comment       0x00000045       0x46 CMakeFiles/main_programm.elf.dir/drivers/fsl_clock.c.obj
 .comment       0x00000045       0x46 CMakeFiles/main_programm.elf.dir/drivers/fsl_common_arm.c.obj
 .comment       0x00000045       0x46 CMakeFiles/main_programm.elf.dir/drivers/fsl_gpio.c.obj
 .comment       0x00000045       0x46 CMakeFiles/main_programm.elf.dir/drivers/fsl_lpuart.c.obj
 .comment       0x00000045       0x46 CMakeFiles/main_programm.elf.dir/components/hal_gpio_driver/fsl_adapter_igpio.c.obj
 .comment       0x00000045       0x46 CMakeFiles/main_programm.elf.dir/components/hal_uart_driver/fsl_adapter_lpuart.c.obj

.debug_info     0x00000000     0xeaa7
 .debug_info    0x00000000      0x8c8 CMakeFiles/main_programm.elf.dir/board/pin_mux.c.obj
 .debug_info    0x000008c8     0x1a1a CMakeFiles/main_programm.elf.dir/board/clock_config.c.obj
 .debug_info    0x000022e2     0x101f CMakeFiles/main_programm.elf.dir/board/board.c.obj
 .debug_info    0x00003301      0xc28 CMakeFiles/main_programm.elf.dir/device/system_MIMXRT1052.c.obj
 .debug_info    0x00003f29     0x1369 CMakeFiles/main_programm.elf.dir/device/startup_mimxrt1052.c.obj
 .debug_info    0x00005292      0x273 CMakeFiles/main_programm.elf.dir/source/main.c.obj
 .debug_info    0x00005505       0x25 CMakeFiles/main_programm.elf.dir/utilities/fsl_memcpy.S.obj
 .debug_info    0x0000552a      0xd14 CMakeFiles/main_programm.elf.dir/utilities/fsl_debug_console.c.obj
 .debug_info    0x0000623e      0x138 CMakeFiles/main_programm.elf.dir/utilities/fsl_assert.c.obj
 .debug_info    0x00006376     0x2460 CMakeFiles/main_programm.elf.dir/drivers/fsl_clock.c.obj
 .debug_info    0x000087d6      0x360 CMakeFiles/main_programm.elf.dir/drivers/fsl_common_arm.c.obj
 .debug_info    0x00008b36      0xe2c CMakeFiles/main_programm.elf.dir/drivers/fsl_gpio.c.obj
 .debug_info    0x00009962     0x2a66 CMakeFiles/main_programm.elf.dir/drivers/fsl_lpuart.c.obj
 .debug_info    0x0000c3c8     0x1a74 CMakeFiles/main_programm.elf.dir/components/hal_gpio_driver/fsl_adapter_igpio.c.obj
 .debug_info    0x0000de3c      0xc6b CMakeFiles/main_programm.elf.dir/components/hal_uart_driver/fsl_adapter_lpuart.c.obj

.debug_abbrev   0x00000000     0x2274
 .debug_abbrev  0x00000000      0x24a CMakeFiles/main_programm.elf.dir/board/pin_mux.c.obj
 .debug_abbrev  0x0000024a      0x348 CMakeFiles/main_programm.elf.dir/board/clock_config.c.obj
 .debug_abbrev  0x00000592      0x326 CMakeFiles/main_programm.elf.dir/board/board.c.obj
 .debug_abbrev  0x000008b8      0x178 CMakeFiles/main_programm.elf.dir/device/system_MIMXRT1052.c.obj
 .debug_abbrev  0x00000a30      0x167 CMakeFiles/main_programm.elf.dir/device/startup_mimxrt1052.c.obj
 .debug_abbrev  0x00000b97      0x13c CMakeFiles/main_programm.elf.dir/source/main.c.obj
 .debug_abbrev  0x00000cd3       0x14 CMakeFiles/main_programm.elf.dir/utilities/fsl_memcpy.S.obj
 .debug_abbrev  0x00000ce7      0x27d CMakeFiles/main_programm.elf.dir/utilities/fsl_debug_console.c.obj
 .debug_abbrev  0x00000f64       0xaa CMakeFiles/main_programm.elf.dir/utilities/fsl_assert.c.obj
 .debug_abbrev  0x0000100e      0x383 CMakeFiles/main_programm.elf.dir/drivers/fsl_clock.c.obj
 .debug_abbrev  0x00001391      0x164 CMakeFiles/main_programm.elf.dir/drivers/fsl_common_arm.c.obj
 .debug_abbrev  0x000014f5      0x2db CMakeFiles/main_programm.elf.dir/drivers/fsl_gpio.c.obj
 .debug_abbrev  0x000017d0      0x4aa CMakeFiles/main_programm.elf.dir/drivers/fsl_lpuart.c.obj
 .debug_abbrev  0x00001c7a      0x3ff CMakeFiles/main_programm.elf.dir/components/hal_gpio_driver/fsl_adapter_igpio.c.obj
 .debug_abbrev  0x00002079      0x1fb CMakeFiles/main_programm.elf.dir/components/hal_uart_driver/fsl_adapter_lpuart.c.obj

.debug_aranges  0x00000000      0xcf8
 .debug_aranges
                0x00000000       0x50 CMakeFiles/main_programm.elf.dir/board/pin_mux.c.obj
 .debug_aranges
                0x00000050       0x80 CMakeFiles/main_programm.elf.dir/board/clock_config.c.obj
 .debug_aranges
                0x000000d0       0x58 CMakeFiles/main_programm.elf.dir/board/board.c.obj
 .debug_aranges
                0x00000128       0x30 CMakeFiles/main_programm.elf.dir/device/system_MIMXRT1052.c.obj
 .debug_aranges
                0x00000158      0x540 CMakeFiles/main_programm.elf.dir/device/startup_mimxrt1052.c.obj
 .debug_aranges
                0x00000698       0x20 CMakeFiles/main_programm.elf.dir/source/main.c.obj